Archive member included to satisfy reference by file (symbol)

c:/st/stm32cubeide_1.6.0/stm32cubeide/plugins/com.st.stm32cube.ide.mcu.externaltools.gnu-tools-for-stm32.9-2020-q2-update.win32_1.5.0.202011040924/tools/bin/../lib/gcc/arm-none-eabi/9.3.1/../../../../arm-none-eabi/lib/thumb/v7e-m+fp/hard\libc_nano.a(lib_a-errno.o)
                              Core/Src/syscalls.o (__errno)
c:/st/stm32cubeide_1.6.0/stm32cubeide/plugins/com.st.stm32cube.ide.mcu.externaltools.gnu-tools-for-stm32.9-2020-q2-update.win32_1.5.0.202011040924/tools/bin/../lib/gcc/arm-none-eabi/9.3.1/../../../../arm-none-eabi/lib/thumb/v7e-m+fp/hard\libc_nano.a(lib_a-exit.o)
                              c:/st/stm32cubeide_1.6.0/stm32cubeide/plugins/com.st.stm32cube.ide.mcu.externaltools.gnu-tools-for-stm32.9-2020-q2-update.win32_1.5.0.202011040924/tools/bin/../lib/gcc/arm-none-eabi/9.3.1/../../../../arm-none-eabi/lib/thumb/v7e-m+fp/hard/crt0.o (exit)
c:/st/stm32cubeide_1.6.0/stm32cubeide/plugins/com.st.stm32cube.ide.mcu.externaltools.gnu-tools-for-stm32.9-2020-q2-update.win32_1.5.0.202011040924/tools/bin/../lib/gcc/arm-none-eabi/9.3.1/../../../../arm-none-eabi/lib/thumb/v7e-m+fp/hard\libc_nano.a(lib_a-impure.o)
                              c:/st/stm32cubeide_1.6.0/stm32cubeide/plugins/com.st.stm32cube.ide.mcu.externaltools.gnu-tools-for-stm32.9-2020-q2-update.win32_1.5.0.202011040924/tools/bin/../lib/gcc/arm-none-eabi/9.3.1/../../../../arm-none-eabi/lib/thumb/v7e-m+fp/hard\libc_nano.a(lib_a-exit.o) (_global_impure_ptr)
c:/st/stm32cubeide_1.6.0/stm32cubeide/plugins/com.st.stm32cube.ide.mcu.externaltools.gnu-tools-for-stm32.9-2020-q2-update.win32_1.5.0.202011040924/tools/bin/../lib/gcc/arm-none-eabi/9.3.1/../../../../arm-none-eabi/lib/thumb/v7e-m+fp/hard\libc_nano.a(lib_a-init.o)
                              c:/st/stm32cubeide_1.6.0/stm32cubeide/plugins/com.st.stm32cube.ide.mcu.externaltools.gnu-tools-for-stm32.9-2020-q2-update.win32_1.5.0.202011040924/tools/bin/../lib/gcc/arm-none-eabi/9.3.1/../../../../arm-none-eabi/lib/thumb/v7e-m+fp/hard/crt0.o (__libc_init_array)
c:/st/stm32cubeide_1.6.0/stm32cubeide/plugins/com.st.stm32cube.ide.mcu.externaltools.gnu-tools-for-stm32.9-2020-q2-update.win32_1.5.0.202011040924/tools/bin/../lib/gcc/arm-none-eabi/9.3.1/../../../../arm-none-eabi/lib/thumb/v7e-m+fp/hard\libc_nano.a(lib_a-memset.o)
                              c:/st/stm32cubeide_1.6.0/stm32cubeide/plugins/com.st.stm32cube.ide.mcu.externaltools.gnu-tools-for-stm32.9-2020-q2-update.win32_1.5.0.202011040924/tools/bin/../lib/gcc/arm-none-eabi/9.3.1/../../../../arm-none-eabi/lib/thumb/v7e-m+fp/hard/crt0.o (memset)
c:/st/stm32cubeide_1.6.0/stm32cubeide/plugins/com.st.stm32cube.ide.mcu.externaltools.gnu-tools-for-stm32.9-2020-q2-update.win32_1.5.0.202011040924/tools/bin/../lib/gcc/arm-none-eabi/9.3.1/thumb/v7e-m+fp/hard\libgcc.a(_aeabi_uldivmod.o)
                              Drivers/STM32F4xx_HAL_Driver/Src/stm32f4xx_hal_rcc.o (__aeabi_uldivmod)
c:/st/stm32cubeide_1.6.0/stm32cubeide/plugins/com.st.stm32cube.ide.mcu.externaltools.gnu-tools-for-stm32.9-2020-q2-update.win32_1.5.0.202011040924/tools/bin/../lib/gcc/arm-none-eabi/9.3.1/thumb/v7e-m+fp/hard\libgcc.a(_udivmoddi4.o)
                              c:/st/stm32cubeide_1.6.0/stm32cubeide/plugins/com.st.stm32cube.ide.mcu.externaltools.gnu-tools-for-stm32.9-2020-q2-update.win32_1.5.0.202011040924/tools/bin/../lib/gcc/arm-none-eabi/9.3.1/thumb/v7e-m+fp/hard\libgcc.a(_aeabi_uldivmod.o) (__udivmoddi4)
c:/st/stm32cubeide_1.6.0/stm32cubeide/plugins/com.st.stm32cube.ide.mcu.externaltools.gnu-tools-for-stm32.9-2020-q2-update.win32_1.5.0.202011040924/tools/bin/../lib/gcc/arm-none-eabi/9.3.1/thumb/v7e-m+fp/hard\libgcc.a(_dvmd_tls.o)
                              c:/st/stm32cubeide_1.6.0/stm32cubeide/plugins/com.st.stm32cube.ide.mcu.externaltools.gnu-tools-for-stm32.9-2020-q2-update.win32_1.5.0.202011040924/tools/bin/../lib/gcc/arm-none-eabi/9.3.1/thumb/v7e-m+fp/hard\libgcc.a(_aeabi_uldivmod.o) (__aeabi_ldiv0)

Allocating common symbols
Common symbol       size              file

hdma_usart2_rx      0x60              Core/Src/main.o
hdma_usart6_rx      0x60              Core/Src/main.o
hi2c1               0x54              Core/Src/main.o
rx_queue            0x2a              Core/Uart/UartPacket.o
tx_command          0x4               Core/Src/main.o
uwTick              0x4               Drivers/STM32F4xx_HAL_Driver/Src/stm32f4xx_hal.o
pFlash              0x20              Drivers/STM32F4xx_HAL_Driver/Src/stm32f4xx_hal_flash.o
htim5               0x48              Core/Src/main.o
whale_Info          0x2               Core/System/System.o
htim3               0x48              Core/Src/main.o
System_Task         0x48              Core/System/System.o
tx_queue            0x2a              Core/Uart/UartPacket.o
GForce              0x14              Core/MPU6050/MPU6050.o
rxBuffer            0x4               Core/Src/main.o
UartPacket_AliveCount
                    0x1               Core/Uart/UartPacket.o
[...]
Memory Configuration

Name             Origin             Length             Attributes
RAM              0x0000000020000000 0x0000000000018000 xrw
FLASH            0x0000000008000000 0x0000000000080000 xr
*default*        0x0000000000000000 0xffffffffffffffff

Linker script and memory map

LOAD c:/st/stm32cubeide_1.6.0/stm32cubeide/plugins/com.st.stm32cube.ide.mcu.externaltools.gnu-tools-for-stm32.9-2020-q2-update.win32_1.5.0.202011040924/tools/bin/../lib/gcc/arm-none-eabi/9.3.1/thumb/v7e-m+fp/hard/crti.o
LOAD c:/st/stm32cubeide_1.6.0/stm32cubeide/plugins/com.st.stm32cube.ide.mcu.externaltools.gnu-tools-for-stm32.9-2020-q2-update.win32_1.5.0.202011040924/tools/bin/../lib/gcc/arm-none-eabi/9.3.1/thumb/v7e-m+fp/hard/crtbegin.o
LOAD c:/st/stm32cubeide_1.6.0/stm32cubeide/plugins/com.st.stm32cube.ide.mcu.externaltools.gnu-tools-for-stm32.9-2020-q2-update.win32_1.5.0.202011040924/tools/bin/../lib/gcc/arm-none-eabi/9.3.1/../../../../arm-none-eabi/lib/thumb/v7e-m+fp/hard/crt0.o
LOAD Core/MPU6050/MPU6050.o
LOAD Core/Motor/MotorControl.o
LOAD Core/Src/main.o
LOAD Core/Src/stm32f4xx_hal_msp.o
LOAD Core/Src/stm32f4xx_it.o
LOAD Core/Src/syscalls.o
LOAD Core/Src/sysmem.o
LOAD Core/Src/system_stm32f4xx.o
LOAD Core/Startup/startup_stm32f401retx.o
LOAD Core/System/System.o
LOAD Core/Uart/UartPacket.o
LOAD Drivers/STM32F4xx_HAL_Driver/Src/stm32f4xx_hal.o
LOAD Drivers/STM32F4xx_HAL_Driver/Src/stm32f4xx_hal_cortex.o
LOAD Drivers/STM32F4xx_HAL_Driver/Src/stm32f4xx_hal_dma.o
LOAD Drivers/STM32F4xx_HAL_Driver/Src/stm32f4xx_hal_dma_ex.o
LOAD Drivers/STM32F4xx_HAL_Driver/Src/stm32f4xx_hal_exti.o
LOAD Drivers/STM32F4xx_HAL_Driver/Src/stm32f4xx_hal_flash.o
LOAD Drivers/STM32F4xx_HAL_Driver/Src/stm32f4xx_hal_flash_ex.o
LOAD Drivers/STM32F4xx_HAL_Driver/Src/stm32f4xx_hal_flash_ramfunc.o
LOAD Drivers/STM32F4xx_HAL_Driver/Src/stm32f4xx_hal_gpio.o
LOAD Drivers/STM32F4xx_HAL_Driver/Src/stm32f4xx_hal_i2c.o
LOAD Drivers/STM32F4xx_HAL_Driver/Src/stm32f4xx_hal_i2c_ex.o
LOAD Drivers/STM32F4xx_HAL_Driver/Src/stm32f4xx_hal_pwr.o
LOAD Drivers/STM32F4xx_HAL_Driver/Src/stm32f4xx_hal_pwr_ex.o
LOAD Drivers/STM32F4xx_HAL_Driver/Src/stm32f4xx_hal_rcc.o
LOAD Drivers/STM32F4xx_HAL_Driver/Src/stm32f4xx_hal_rcc_ex.o
LOAD Drivers/STM32F4xx_HAL_Driver/Src/stm32f4xx_hal_tim.o
LOAD Drivers/STM32F4xx_HAL_Driver/Src/stm32f4xx_hal_tim_ex.o
LOAD Drivers/STM32F4xx_HAL_Driver/Src/stm32f4xx_hal_uart.o
START GROUP
LOAD c:/st/stm32cubeide_1.6.0/stm32cubeide/plugins/com.st.stm32cube.ide.mcu.externaltools.gnu-tools-for-stm32.9-2020-q2-update.win32_1.5.0.202011040924/tools/bin/../lib/gcc/arm-none-eabi/9.3.1/../../../../arm-none-eabi/lib/thumb/v7e-m+fp/hard\libstdc++_nano.a
LOAD c:/st/stm32cubeide_1.6.0/stm32cubeide/plugins/com.st.stm32cube.ide.mcu.externaltools.gnu-tools-for-stm32.9-2020-q2-update.win32_1.5.0.202011040924/tools/bin/../lib/gcc/arm-none-eabi/9.3.1/../../../../arm-none-eabi/lib/thumb/v7e-m+fp/hard\libsupc++_nano.a
END GROUP
LOAD c:/st/stm32cubeide_1.6.0/stm32cubeide/plugins/com.st.stm32cube.ide.mcu.externaltools.gnu-tools-for-stm32.9-2020-q2-update.win32_1.5.0.202011040924/tools/bin/../lib/gcc/arm-none-eabi/9.3.1/../../../../arm-none-eabi/lib/thumb/v7e-m+fp/hard\libstdc++_nano.a
LOAD c:/st/stm32cubeide_1.6.0/stm32cubeide/plugins/com.st.stm32cube.ide.mcu.externaltools.gnu-tools-for-stm32.9-2020-q2-update.win32_1.5.0.202011040924/tools/bin/../lib/gcc/arm-none-eabi/9.3.1/../../../../arm-none-eabi/lib/thumb/v7e-m+fp/hard\libm.a
LOAD c:/st/stm32cubeide_1.6.0/stm32cubeide/plugins/com.st.stm32cube.ide.mcu.externaltools.gnu-tools-for-stm32.9-2020-q2-update.win32_1.5.0.202011040924/tools/bin/../lib/gcc/arm-none-eabi/9.3.1/../../../../arm-none-eabi/lib/thumb/v7e-m+fp/hard\libc_nano.a
START GROUP
LOAD c:/st/stm32cubeide_1.6.0/stm32cubeide/plugins/com.st.stm32cube.ide.mcu.externaltools.gnu-tools-for-stm32.9-2020-q2-update.win32_1.5.0.202011040924/tools/bin/../lib/gcc/arm-none-eabi/9.3.1/thumb/v7e-m+fp/hard\libgcc.a
LOAD c:/st/stm32cubeide_1.6.0/stm32cubeide/plugins/com.st.stm32cube.ide.mcu.externaltools.gnu-tools-for-stm32.9-2020-q2-update.win32_1.5.0.202011040924/tools/bin/../lib/gcc/arm-none-eabi/9.3.1/../../../../arm-none-eabi/lib/thumb/v7e-m+fp/hard\libc_nano.a
END GROUP
START GROUP
LOAD c:/st/stm32cubeide_1.6.0/stm32cubeide/plugins/com.st.stm32cube.ide.mcu.externaltools.gnu-tools-for-stm32.9-2020-q2-update.win32_1.5.0.202011040924/tools/bin/../lib/gcc/arm-none-eabi/9.3.1/thumb/v7e-m+fp/hard\libgcc.a
LOAD c:/st/stm32cubeide_1.6.0/stm32cubeide/plugins/com.st.stm32cube.ide.mcu.externaltools.gnu-tools-for-stm32.9-2020-q2-update.win32_1.5.0.202011040924/tools/bin/../lib/gcc/arm-none-eabi/9.3.1/../../../../arm-none-eabi/lib/thumb/v7e-m+fp/hard\libc_nano.a
LOAD c:/st/stm32cubeide_1.6.0/stm32cubeide/plugins/com.st.stm32cube.ide.mcu.externaltools.gnu-tools-for-stm32.9-2020-q2-update.win32_1.5.0.202011040924/tools/bin/../lib/gcc/arm-none-eabi/9.3.1/../../../../arm-none-eabi/lib/thumb/v7e-m+fp/hard\libnosys.a
END GROUP
START GROUP
LOAD c:/st/stm32cubeide_1.6.0/stm32cubeide/plugins/com.st.stm32cube.ide.mcu.externaltools.gnu-tools-for-stm32.9-2020-q2-update.win32_1.5.0.202011040924/tools/bin/../lib/gcc/arm-none-eabi/9.3.1/thumb/v7e-m+fp/hard\libgcc.a
LOAD c:/st/stm32cubeide_1.6.0/stm32cubeide/plugins/com.st.stm32cube.ide.mcu.externaltools.gnu-tools-for-stm32.9-2020-q2-update.win32_1.5.0.202011040924/tools/bin/../lib/gcc/arm-none-eabi/9.3.1/../../../../arm-none-eabi/lib/thumb/v7e-m+fp/hard\libc_nano.a
LOAD c:/st/stm32cubeide_1.6.0/stm32cubeide/plugins/com.st.stm32cube.ide.mcu.externaltools.gnu-tools-for-stm32.9-2020-q2-update.win32_1.5.0.202011040924/tools/bin/../lib/gcc/arm-none-eabi/9.3.1/../../../../arm-none-eabi/lib/thumb/v7e-m+fp/hard\libnosys.a
END GROUP
LOAD c:/st/stm32cubeide_1.6.0/stm32cubeide/plugins/com.st.stm32cube.ide.mcu.externaltools.gnu-tools-for-stm32.9-2020-q2-update.win32_1.5.0.202011040924/tools/bin/../lib/gcc/arm-none-eabi/9.3.1/thumb/v7e-m+fp/hard/crtend.o
LOAD c:/st/stm32cubeide_1.6.0/stm32cubeide/plugins/com.st.stm32cube.ide.mcu.externaltools.gnu-tools-for-stm32.9-2020-q2-update.win32_1.5.0.202011040924/tools/bin/../lib/gcc/arm-none-eabi/9.3.1/thumb/v7e-m+fp/hard/crtn.o
                0x0000000020018000                _estack = (ORIGIN (RAM) + LENGTH (RAM))
                0x0000000000000200                _Min_Heap_Size = 0x200
                0x0000000000000400                _Min_Stack_Size = 0x400

.isr_vector     0x0000000008000000      0x194
                0x0000000008000000                . = ALIGN (0x4)
 *(.isr_vector)
 .isr_vector    0x0000000008000000      0x194 Core/Startup/startup_stm32f401retx.o
                0x0000000008000000                g_pfnVectors
                0x0000000008000194                . = ALIGN (0x4)

.text           0x0000000008000194     0x59d8
                0x0000000008000194                . = ALIGN (0x4)
 *(.text)
 .text          0x0000000008000194       0x40 c:/st/stm32cubeide_1.6.0/stm32cubeide/plugins/com.st.stm32cube.ide.mcu.externaltools.gnu-tools-for-stm32.9-2020-q2-update.win32_1.5.0.202011040924/tools/bin/../lib/gcc/arm-none-eabi/9.3.1/thumb/v7e-m+fp/hard/crtbegin.o
 .text          0x00000000080001d4       0x30 c:/st/stm32cubeide_1.6.0/stm32cubeide/plugins/com.st.stm32cube.ide.mcu.externaltools.gnu-tools-for-stm32.9-2020-q2-update.win32_1.5.0.202011040924/tools/bin/../lib/gcc/arm-none-eabi/9.3.1/thumb/v7e-m+fp/hard\libgcc.a(_aeabi_uldivmod.o)
                0x00000000080001d4                __aeabi_uldivmod
 .text          0x0000000008000204      0x2c4 c:/st/stm32cubeide_1.6.0/stm32cubeide/plugins/com.st.stm32cube.ide.mcu.externaltools.gnu-tools-for-stm32.9-2020-q2-update.win32_1.5.0.202011040924/tools/bin/../lib/gcc/arm-none-eabi/9.3.1/thumb/v7e-m+fp/hard\libgcc.a(_udivmoddi4.o)
                0x0000000008000204                __udivmoddi4
 .text          0x00000000080004c8        0x4 c:/st/stm32cubeide_1.6.0/stm32cubeide/plugins/com.st.stm32cube.ide.mcu.externaltools.gnu-tools-for-stm32.9-2020-q2-update.win32_1.5.0.202011040924/tools/bin/../lib/gcc/arm-none-eabi/9.3.1/thumb/v7e-m+fp/hard\libgcc.a(_dvmd_tls.o)
                0x00000000080004c8                __aeabi_idiv0
                0x00000000080004c8                __aeabi_ldiv0
 *(.text*)
 .text.MPU6050_Checksum
                0x00000000080004cc       0x4a Core/MPU6050/MPU6050.o
                0x00000000080004cc                MPU6050_Checksum
 *fill*         0x0000000008000516        0x2 
 .text.MPU6050_Update_Acceleration
                0x0000000008000518       0x88 Core/MPU6050/MPU6050.o
                0x0000000008000518                MPU6050_Update_Acceleration
 .text.MPU6050_Update_AngularVelocity
                0x00000000080005a0       0x88 Core/MPU6050/MPU6050.o
                0x00000000080005a0                MPU6050_Update_AngularVelocity
 .text.MPU6050_Update_Angle
                0x0000000008000628       0xb0 Core/MPU6050/MPU6050.o
                0x0000000008000628                MPU6050_Update_Angle
 .text.MPU6050_Get_Ax
                0x00000000080006d8       0x18 Core/MPU6050/MPU6050.o
                0x00000000080006d8                MPU6050_Get_Ax
 .text.MPU6050_Get_Ay
                0x00000000080006f0       0x18 Core/MPU6050/MPU6050.o
                0x00000000080006f0                MPU6050_Get_Ay
 .text.MPU6050_Get_Az
                0x0000000008000708       0x18 Core/MPU6050/MPU6050.o
                0x0000000008000708                MPU6050_Get_Az
 .text.MotorControl_Init
                0x0000000008000720       0xe8 Core/Motor/MotorControl.o
                0x0000000008000720                MotorControl_Init
 .text.Motor_Forward
                0x0000000008000808       0x34 Core/Motor/MotorControl.o
                0x0000000008000808                Motor_Forward
 .text.main     0x000000000800083c       0xcc Core/Src/main.o
                0x000000000800083c                main
 .text.SystemClock_Config
                0x0000000008000908       0xd8 Core/Src/main.o
                0x0000000008000908                SystemClock_Config
 .text.MX_I2C1_Init
                0x00000000080009e0       0x5c Core/Src/main.o
 .text.MX_TIM3_Init
                0x0000000008000a3c       0xa0 Core/Src/main.o
 .text.MX_TIM5_Init
                0x0000000008000adc       0xcc Core/Src/main.o
 .text.MX_USART2_UART_Init
                0x0000000008000ba8       0x54 Core/Src/main.o
 .text.MX_USART6_UART_Init
                0x0000000008000bfc       0x54 Core/Src/main.o
 .text.MX_DMA_Init
                0x0000000008000c50       0x6c Core/Src/main.o
 .text.MX_GPIO_Init
                0x0000000008000cbc      0x104 Core/Src/main.o
 .text.HAL_UART_RxCpltCallback
                0x0000000008000dc0      0x264 Core/Src/main.o
                0x0000000008000dc0                HAL_UART_RxCpltCallback
 .text.HAL_TIM_PeriodElapsedCallback
                0x0000000008001024       0x24 Core/Src/main.o
                0x0000000008001024                HAL_TIM_PeriodElapsedCallback
 .text.Error_Handler
                0x0000000008001048        0xa Core/Src/main.o
                0x0000000008001048                Error_Handler
 *fill*         0x0000000008001052        0x2 
 .text.HAL_MspInit
                0x0000000008001054       0x50 Core/Src/stm32f4xx_hal_msp.o
                0x0000000008001054                HAL_MspInit
 .text.HAL_I2C_MspInit
                0x00000000080010a4       0x90 Core/Src/stm32f4xx_hal_msp.o
                0x00000000080010a4                HAL_I2C_MspInit
 .text.HAL_TIM_Base_MspInit
                0x0000000008001134       0x50 Core/Src/stm32f4xx_hal_msp.o
                0x0000000008001134                HAL_TIM_Base_MspInit
 .text.HAL_TIM_PWM_MspInit
                0x0000000008001184       0x44 Core/Src/stm32f4xx_hal_msp.o
                0x0000000008001184                HAL_TIM_PWM_MspInit
 .text.HAL_TIM_MspPostInit
                0x00000000080011c8       0x74 Core/Src/stm32f4xx_hal_msp.o
                0x00000000080011c8                HAL_TIM_MspPostInit
 .text.HAL_UART_MspInit
                0x000000000800123c      0x1e8 Core/Src/stm32f4xx_hal_msp.o
                0x000000000800123c                HAL_UART_MspInit
 .text.NMI_Handler
                0x0000000008001424        0x6 Core/Src/stm32f4xx_it.o
                0x0000000008001424                NMI_Handler
 .text.HardFault_Handler
                0x000000000800142a        0x6 Core/Src/stm32f4xx_it.o
                0x000000000800142a                HardFault_Handler
 .text.MemManage_Handler
                0x0000000008001430        0x6 Core/Src/stm32f4xx_it.o
                0x0000000008001430                MemManage_Handler
 .text.BusFault_Handler
                0x0000000008001436        0x6 Core/Src/stm32f4xx_it.o
                0x0000000008001436                BusFault_Handler
 .text.UsageFault_Handler
                0x000000000800143c        0x6 Core/Src/stm32f4xx_it.o
                0x000000000800143c                UsageFault_Handler
 .text.SVC_Handler
                0x0000000008001442        0xe Core/Src/stm32f4xx_it.o
                0x0000000008001442                SVC_Handler
 .text.DebugMon_Handler
                0x0000000008001450        0xe Core/Src/stm32f4xx_it.o
                0x0000000008001450                DebugMon_Handler
 .text.PendSV_Handler
                0x000000000800145e        0xe Core/Src/stm32f4xx_it.o
                0x000000000800145e                PendSV_Handler
 .text.SysTick_Handler
                0x000000000800146c        0xc Core/Src/stm32f4xx_it.o
                0x000000000800146c                SysTick_Handler
 .text.DMA1_Stream5_IRQHandler
                0x0000000008001478       0x14 Core/Src/stm32f4xx_it.o
                0x0000000008001478                DMA1_Stream5_IRQHandler
 .text.TIM3_IRQHandler
                0x000000000800148c       0x14 Core/Src/stm32f4xx_it.o
                0x000000000800148c                TIM3_IRQHandler
 .text.USART2_IRQHandler
                0x00000000080014a0       0x14 Core/Src/stm32f4xx_it.o
                0x00000000080014a0                USART2_IRQHandler
 .text.DMA2_Stream1_IRQHandler
                0x00000000080014b4       0x14 Core/Src/stm32f4xx_it.o
                0x00000000080014b4                DMA2_Stream1_IRQHandler
 .text.USART6_IRQHandler
                0x00000000080014c8       0x14 Core/Src/stm32f4xx_it.o
                0x00000000080014c8                USART6_IRQHandler
 .text.SystemInit
                0x00000000080014dc       0x24 Core/Src/system_stm32f4xx.o
                0x00000000080014dc                SystemInit
 .text.Reset_Handler
                0x0000000008001500       0x50 Core/Startup/startup_stm32f401retx.o
                0x0000000008001500                Reset_Handler
 .text.Default_Handler
                0x0000000008001550        0x2 Core/Startup/startup_stm32f401retx.o
                0x0000000008001550                RTC_Alarm_IRQHandler
                0x0000000008001550                EXTI2_IRQHandler
                0x0000000008001550                SPI4_IRQHandler
                0x0000000008001550                TIM1_CC_IRQHandler
                0x0000000008001550                DMA2_Stream5_IRQHandler
                0x0000000008001550                PVD_IRQHandler
                0x0000000008001550                SDIO_IRQHandler
                0x0000000008001550                TAMP_STAMP_IRQHandler
                0x0000000008001550                EXTI3_IRQHandler
                0x0000000008001550                TIM1_UP_TIM10_IRQHandler
                0x0000000008001550                I2C3_ER_IRQHandler
                0x0000000008001550                EXTI0_IRQHandler
                0x0000000008001550                I2C2_EV_IRQHandler
                0x0000000008001550                DMA1_Stream2_IRQHandler
                0x0000000008001550                FPU_IRQHandler
                0x0000000008001550                DMA2_Stream2_IRQHandler
                0x0000000008001550                SPI1_IRQHandler
                0x0000000008001550                TIM1_BRK_TIM9_IRQHandler
                0x0000000008001550                DMA2_Stream3_IRQHandler
                0x0000000008001550                DMA2_Stream0_IRQHandler
                0x0000000008001550                TIM4_IRQHandler
                0x0000000008001550                I2C1_EV_IRQHandler
                0x0000000008001550                DMA1_Stream6_IRQHandler
                0x0000000008001550                DMA1_Stream1_IRQHandler
                0x0000000008001550                RCC_IRQHandler
                0x0000000008001550                Default_Handler
                0x0000000008001550                EXTI15_10_IRQHandler
                0x0000000008001550                ADC_IRQHandler
                0x0000000008001550                DMA1_Stream7_IRQHandler
                0x0000000008001550                TIM5_IRQHandler
                0x0000000008001550                DMA2_Stream7_IRQHandler
                0x0000000008001550                I2C3_EV_IRQHandler
                0x0000000008001550                EXTI9_5_IRQHandler
                0x0000000008001550                RTC_WKUP_IRQHandler
                0x0000000008001550                SPI2_IRQHandler
                0x0000000008001550                DMA1_Stream0_IRQHandler
                0x0000000008001550                EXTI4_IRQHandler
                0x0000000008001550                WWDG_IRQHandler
                0x0000000008001550                TIM2_IRQHandler
                0x0000000008001550                OTG_FS_WKUP_IRQHandler
                0x0000000008001550                TIM1_TRG_COM_TIM11_IRQHandler
                0x0000000008001550                EXTI1_IRQHandler
                0x0000000008001550                I2C2_ER_IRQHandler
                0x0000000008001550                FLASH_IRQHandler
                0x0000000008001550                DMA2_Stream4_IRQHandler
                0x0000000008001550                USART1_IRQHandler
                0x0000000008001550                OTG_FS_IRQHandler
                0x0000000008001550                SPI3_IRQHandler
                0x0000000008001550                DMA1_Stream4_IRQHandler
                0x0000000008001550                I2C1_ER_IRQHandler
                0x0000000008001550                DMA2_Stream6_IRQHandler
                0x0000000008001550                DMA1_Stream3_IRQHandler
 *fill*         0x0000000008001552        0x2 
 .text.System_Init
                0x0000000008001554       0xd4 Core/System/System.o
                0x0000000008001554                System_Init
 .text.System_TimerManager
                0x0000000008001628       0xa4 Core/System/System.o
                0x0000000008001628                System_TimerManager
 .text.System_Scheduler
                0x00000000080016cc       0x68 Core/System/System.o
                0x00000000080016cc                System_Scheduler
 .text.System_GetConnectInfo
                0x0000000008001734       0x18 Core/System/System.o
                0x0000000008001734                System_GetConnectInfo
 .text.System_SetConnectInfo
                0x000000000800174c       0x20 Core/System/System.o
                0x000000000800174c                System_SetConnectInfo
 .text.System_1ms_Task
                0x000000000800176c        0xe Core/System/System.o
                0x000000000800176c                System_1ms_Task
 .text.System_10ms_Task_1ms_Offset
                0x000000000800177a        0xe Core/System/System.o
                0x000000000800177a                System_10ms_Task_1ms_Offset
 .text.System_10ms_Task_6ms_Offset
                0x0000000008001788        0xe Core/System/System.o
                0x0000000008001788                System_10ms_Task_6ms_Offset
 .text.System_100ms_Task_2ms_Offset
                0x0000000008001796        0xc Core/System/System.o
                0x0000000008001796                System_100ms_Task_2ms_Offset
 .text.System_100ms_Task_52ms_Offset
                0x00000000080017a2        0xe Core/System/System.o
                0x00000000080017a2                System_100ms_Task_52ms_Offset
 .text.System_1s_Task_3ms_Offset
                0x00000000080017b0       0x14 Core/System/System.o
                0x00000000080017b0                System_1s_Task_3ms_Offset
 .text.UartPacket_Init
                0x00000000080017c4       0x84 Core/Uart/UartPacket.o
                0x00000000080017c4                UartPacket_Init
 .text.UartPacket_Connecting
                0x0000000008001848       0xc8 Core/Uart/UartPacket.o
                0x0000000008001848                UartPacket_Connecting
 .text.UartPacket_CheckConnection
                0x0000000008001910       0x68 Core/Uart/UartPacket.o
                0x0000000008001910                UartPacket_CheckConnection
 .text.UartPacket_CreateChecksum
                0x0000000008001978       0x5c Core/Uart/UartPacket.o
                0x0000000008001978                UartPacket_CreateChecksum
 .text.UartPacket_CheckChecksum
                0x00000000080019d4       0x52 Core/Uart/UartPacket.o
                0x00000000080019d4                UartPacket_CheckChecksum
 *fill*         0x0000000008001a26        0x2 
 .text.UartPacket_RxTask
                0x0000000008001a28      0x4cc Core/Uart/UartPacket.o
                0x0000000008001a28                UartPacket_RxTask
 .text.UartPacket_TxTask
                0x0000000008001ef4       0x90 Core/Uart/UartPacket.o
                0x0000000008001ef4                UartPacket_TxTask
 .text.UartPacket_QueueEmpty
                0x0000000008001f84       0x2a Core/Uart/UartPacket.o
                0x0000000008001f84                UartPacket_QueueEmpty
 *fill*         0x0000000008001fae        0x2 
 .text.UartPacket_QueueFull
                0x0000000008001fb0       0x48 Core/Uart/UartPacket.o
                0x0000000008001fb0                UartPacket_QueueFull
 .text.UartPacket_QueuePush
                0x0000000008001ff8       0x94 Core/Uart/UartPacket.o
                0x0000000008001ff8                UartPacket_QueuePush
 .text.UartPacket_QueuePop
                0x000000000800208c       0x94 Core/Uart/UartPacket.o
                0x000000000800208c                UartPacket_QueuePop
 .text.HAL_Init
                0x0000000008002120       0x44 Drivers/STM32F4xx_HAL_Driver/Src/stm32f4xx_hal.o
                0x0000000008002120                HAL_Init
 .text.HAL_InitTick
                0x0000000008002164       0x60 Drivers/STM32F4xx_HAL_Driver/Src/stm32f4xx_hal.o
                0x0000000008002164                HAL_InitTick
 .text.HAL_IncTick
                0x00000000080021c4       0x28 Drivers/STM32F4xx_HAL_Driver/Src/stm32f4xx_hal.o
                0x00000000080021c4                HAL_IncTick
 .text.HAL_GetTick
                0x00000000080021ec       0x18 Drivers/STM32F4xx_HAL_Driver/Src/stm32f4xx_hal.o
                0x00000000080021ec                HAL_GetTick
 .text.HAL_Delay
                0x0000000008002204       0x48 Drivers/STM32F4xx_HAL_Driver/Src/stm32f4xx_hal.o
                0x0000000008002204                HAL_Delay
 .text.__NVIC_SetPriorityGrouping
                0x000000000800224c       0x48 Drivers/STM32F4xx_HAL_Driver/Src/stm32f4xx_hal_cortex.o
 .text.__NVIC_GetPriorityGrouping
                0x0000000008002294       0x1c Drivers/STM32F4xx_HAL_Driver/Src/stm32f4xx_hal_cortex.o
 .text.__NVIC_EnableIRQ
                0x00000000080022b0       0x3c Drivers/STM32F4xx_HAL_Driver/Src/stm32f4xx_hal_cortex.o
 .text.__NVIC_SetPriority
                0x00000000080022ec       0x54 Drivers/STM32F4xx_HAL_Driver/Src/stm32f4xx_hal_cortex.o
 .text.NVIC_EncodePriority
                0x0000000008002340       0x66 Drivers/STM32F4xx_HAL_Driver/Src/stm32f4xx_hal_cortex.o
 *fill*         0x00000000080023a6        0x2 
 .text.SysTick_Config
                0x00000000080023a8       0x44 Drivers/STM32F4xx_HAL_Driver/Src/stm32f4xx_hal_cortex.o
 .text.HAL_NVIC_SetPriorityGrouping
                0x00000000080023ec       0x16 Drivers/STM32F4xx_HAL_Driver/Src/stm32f4xx_hal_cortex.o
                0x00000000080023ec                HAL_NVIC_SetPriorityGrouping
 .text.HAL_NVIC_SetPriority
                0x0000000008002402       0x38 Drivers/STM32F4xx_HAL_Driver/Src/stm32f4xx_hal_cortex.o
                0x0000000008002402                HAL_NVIC_SetPriority
 .text.HAL_NVIC_EnableIRQ
                0x000000000800243a       0x1c Drivers/STM32F4xx_HAL_Driver/Src/stm32f4xx_hal_cortex.o
                0x000000000800243a                HAL_NVIC_EnableIRQ
 .text.HAL_SYSTICK_Config
                0x0000000008002456       0x18 Drivers/STM32F4xx_HAL_Driver/Src/stm32f4xx_hal_cortex.o
                0x0000000008002456                HAL_SYSTICK_Config
 *fill*         0x000000000800246e        0x2 
 .text.HAL_DMA_Init
                0x0000000008002470      0x15c Drivers/STM32F4xx_HAL_Driver/Src/stm32f4xx_hal_dma.o
                0x0000000008002470                HAL_DMA_Init
 .text.HAL_DMA_Start_IT
                0x00000000080025cc       0xb0 Drivers/STM32F4xx_HAL_Driver/Src/stm32f4xx_hal_dma.o
                0x00000000080025cc                HAL_DMA_Start_IT
 .text.HAL_DMA_Abort
                0x000000000800267c       0xe0 Drivers/STM32F4xx_HAL_Driver/Src/stm32f4xx_hal_dma.o
                0x000000000800267c                HAL_DMA_Abort
 .text.HAL_DMA_Abort_IT
                0x000000000800275c       0x44 Drivers/STM32F4xx_HAL_Driver/Src/stm32f4xx_hal_dma.o
                0x000000000800275c                HAL_DMA_Abort_IT
 .text.HAL_DMA_IRQHandler
                0x00000000080027a0      0x314 Drivers/STM32F4xx_HAL_Driver/Src/stm32f4xx_hal_dma.o
                0x00000000080027a0                HAL_DMA_IRQHandler
 .text.DMA_SetConfig
                0x0000000008002ab4       0x5c Drivers/STM32F4xx_HAL_Driver/Src/stm32f4xx_hal_dma.o
 .text.DMA_CalcBaseAndBitshift
                0x0000000008002b10       0x6c Drivers/STM32F4xx_HAL_Driver/Src/stm32f4xx_hal_dma.o
 .text.DMA_CheckFifoParam
                0x0000000008002b7c       0xf8 Drivers/STM32F4xx_HAL_Driver/Src/stm32f4xx_hal_dma.o
 .text.HAL_GPIO_Init
                0x0000000008002c74      0x308 Drivers/STM32F4xx_HAL_Driver/Src/stm32f4xx_hal_gpio.o
                0x0000000008002c74                HAL_GPIO_Init
 .text.HAL_GPIO_WritePin
                0x0000000008002f7c       0x32 Drivers/STM32F4xx_HAL_Driver/Src/stm32f4xx_hal_gpio.o
                0x0000000008002f7c                HAL_GPIO_WritePin
 .text.HAL_GPIO_TogglePin
                0x0000000008002fae       0x34 Drivers/STM32F4xx_HAL_Driver/Src/stm32f4xx_hal_gpio.o
                0x0000000008002fae                HAL_GPIO_TogglePin
 *fill*         0x0000000008002fe2        0x2 
 .text.HAL_I2C_Init
                0x0000000008002fe4      0x288 Drivers/STM32F4xx_HAL_Driver/Src/stm32f4xx_hal_i2c.o
                0x0000000008002fe4                HAL_I2C_Init
 .text.HAL_RCC_OscConfig
                0x000000000800326c      0x4f0 Drivers/STM32F4xx_HAL_Driver/Src/stm32f4xx_hal_rcc.o
                0x000000000800326c                HAL_RCC_OscConfig
 .text.HAL_RCC_ClockConfig
                0x000000000800375c      0x1cc Drivers/STM32F4xx_HAL_Driver/Src/stm32f4xx_hal_rcc.o
                0x000000000800375c                HAL_RCC_ClockConfig
 .text.HAL_RCC_GetSysClockFreq
                0x0000000008003928      0x1c4 Drivers/STM32F4xx_HAL_Driver/Src/stm32f4xx_hal_rcc.o
                0x0000000008003928                HAL_RCC_GetSysClockFreq
 .text.HAL_RCC_GetHCLKFreq
                0x0000000008003aec       0x18 Drivers/STM32F4xx_HAL_Driver/Src/stm32f4xx_hal_rcc.o
                0x0000000008003aec                HAL_RCC_GetHCLKFreq
 .text.HAL_RCC_GetPCLK1Freq
                0x0000000008003b04       0x28 Drivers/STM32F4xx_HAL_Driver/Src/stm32f4xx_hal_rcc.o
                0x0000000008003b04                HAL_RCC_GetPCLK1Freq
 .text.HAL_RCC_GetPCLK2Freq
                0x0000000008003b2c       0x28 Drivers/STM32F4xx_HAL_Driver/Src/stm32f4xx_hal_rcc.o
                0x0000000008003b2c                HAL_RCC_GetPCLK2Freq
 .text.HAL_TIM_Base_Init
                0x0000000008003b54       0x9e Drivers/STM32F4xx_HAL_Driver/Src/stm32f4xx_hal_tim.o
                0x0000000008003b54                HAL_TIM_Base_Init
 *fill*         0x0000000008003bf2        0x2 
 .text.HAL_TIM_Base_Start_IT
                0x0000000008003bf4       0xc4 Drivers/STM32F4xx_HAL_Driver/Src/stm32f4xx_hal_tim.o
                0x0000000008003bf4                HAL_TIM_Base_Start_IT
 .text.HAL_TIM_PWM_Init
                0x0000000008003cb8       0x9e Drivers/STM32F4xx_HAL_Driver/Src/stm32f4xx_hal_tim.o
                0x0000000008003cb8                HAL_TIM_PWM_Init
 *fill*         0x0000000008003d56        0x2 
 .text.HAL_TIM_PWM_Start
                0x0000000008003d58      0x160 Drivers/STM32F4xx_HAL_Driver/Src/stm32f4xx_hal_tim.o
                0x0000000008003d58                HAL_TIM_PWM_Start
 .text.HAL_TIM_IRQHandler
                0x0000000008003eb8      0x210 Drivers/STM32F4xx_HAL_Driver/Src/stm32f4xx_hal_tim.o
                0x0000000008003eb8                HAL_TIM_IRQHandler
 .text.HAL_TIM_PWM_ConfigChannel
                0x00000000080040c8      0x17c Drivers/STM32F4xx_HAL_Driver/Src/stm32f4xx_hal_tim.o
                0x00000000080040c8                HAL_TIM_PWM_ConfigChannel
 .text.HAL_TIM_SlaveConfigSynchro
                0x0000000008004244       0x84 Drivers/STM32F4xx_HAL_Driver/Src/stm32f4xx_hal_tim.o
                0x0000000008004244                HAL_TIM_SlaveConfigSynchro
 .text.HAL_TIM_OC_DelayElapsedCallback
                0x00000000080042c8       0x14 Drivers/STM32F4xx_HAL_Driver/Src/stm32f4xx_hal_tim.o
                0x00000000080042c8                HAL_TIM_OC_DelayElapsedCallback
 .text.HAL_TIM_IC_CaptureCallback
                0x00000000080042dc       0x14 Drivers/STM32F4xx_HAL_Driver/Src/stm32f4xx_hal_tim.o
                0x00000000080042dc                HAL_TIM_IC_CaptureCallback
 .text.HAL_TIM_PWM_PulseFinishedCallback
                0x00000000080042f0       0x14 Drivers/STM32F4xx_HAL_Driver/Src/stm32f4xx_hal_tim.o
                0x00000000080042f0                HAL_TIM_PWM_PulseFinishedCallback
 .text.HAL_TIM_TriggerCallback
                0x0000000008004304       0x14 Drivers/STM32F4xx_HAL_Driver/Src/stm32f4xx_hal_tim.o
                0x0000000008004304                HAL_TIM_TriggerCallback
 .text.TIM_Base_SetConfig
                0x0000000008004318      0x100 Drivers/STM32F4xx_HAL_Driver/Src/stm32f4xx_hal_tim.o
                0x0000000008004318                TIM_Base_SetConfig
 .text.TIM_OC1_SetConfig
                0x0000000008004418       0xcc Drivers/STM32F4xx_HAL_Driver/Src/stm32f4xx_hal_tim.o
 .text.TIM_OC2_SetConfig
                0x00000000080044e4       0xd8 Drivers/STM32F4xx_HAL_Driver/Src/stm32f4xx_hal_tim.o
                0x00000000080044e4                TIM_OC2_SetConfig
 .text.TIM_OC3_SetConfig
                0x00000000080045bc       0xd4 Drivers/STM32F4xx_HAL_Driver/Src/stm32f4xx_hal_tim.o
 .text.TIM_OC4_SetConfig
                0x0000000008004690       0xa0 Drivers/STM32F4xx_HAL_Driver/Src/stm32f4xx_hal_tim.o
 .text.TIM_SlaveTimer_SetConfig
                0x0000000008004730      0x11c Drivers/STM32F4xx_HAL_Driver/Src/stm32f4xx_hal_tim.o
 .text.TIM_TI1_ConfigInputStage
                0x000000000800484c       0x5e Drivers/STM32F4xx_HAL_Driver/Src/stm32f4xx_hal_tim.o
 .text.TIM_TI2_ConfigInputStage
                0x00000000080048aa       0x60 Drivers/STM32F4xx_HAL_Driver/Src/stm32f4xx_hal_tim.o
 .text.TIM_ETR_SetConfig
                0x000000000800490a       0x40 Drivers/STM32F4xx_HAL_Driver/Src/stm32f4xx_hal_tim.o
                0x000000000800490a                TIM_ETR_SetConfig
 .text.TIM_CCxChannelCmd
                0x000000000800494a       0x4a Drivers/STM32F4xx_HAL_Driver/Src/stm32f4xx_hal_tim.o
                0x000000000800494a                TIM_CCxChannelCmd
 .text.HAL_TIMEx_PWMN_Start
                0x0000000008004994      0x158 Drivers/STM32F4xx_HAL_Driver/Src/stm32f4xx_hal_tim_ex.o
                0x0000000008004994                HAL_TIMEx_PWMN_Start
 .text.HAL_TIMEx_MasterConfigSynchronization
                0x0000000008004aec       0xdc Drivers/STM32F4xx_HAL_Driver/Src/stm32f4xx_hal_tim_ex.o
                0x0000000008004aec                HAL_TIMEx_MasterConfigSynchronization
 .text.HAL_TIMEx_CommutCallback
                0x0000000008004bc8       0x14 Drivers/STM32F4xx_HAL_Driver/Src/stm32f4xx_hal_tim_ex.o
                0x0000000008004bc8                HAL_TIMEx_CommutCallback
 .text.HAL_TIMEx_BreakCallback
                0x0000000008004bdc       0x14 Drivers/STM32F4xx_HAL_Driver/Src/stm32f4xx_hal_tim_ex.o
                0x0000000008004bdc                HAL_TIMEx_BreakCallback
 .text.TIM_CCxNChannelCmd
                0x0000000008004bf0       0x4a Drivers/STM32F4xx_HAL_Driver/Src/stm32f4xx_hal_tim_ex.o
 .text.HAL_UART_Init
                0x0000000008004c3a       0x9a Drivers/STM32F4xx_HAL_Driver/Src/stm32f4xx_hal_uart.o
                0x0000000008004c3a                HAL_UART_Init
 .text.HAL_UART_Transmit
                0x0000000008004cd4      0x124 Drivers/STM32F4xx_HAL_Driver/Src/stm32f4xx_hal_uart.o
                0x0000000008004cd4                HAL_UART_Transmit
 .text.HAL_UART_Receive_DMA
                0x0000000008004df8       0x60 Drivers/STM32F4xx_HAL_Driver/Src/stm32f4xx_hal_uart.o
                0x0000000008004df8                HAL_UART_Receive_DMA
 .text.HAL_UART_IRQHandler
                0x0000000008004e58      0x358 Drivers/STM32F4xx_HAL_Driver/Src/stm32f4xx_hal_uart.o
                0x0000000008004e58                HAL_UART_IRQHandler
 .text.HAL_UART_TxCpltCallback
                0x00000000080051b0       0x14 Drivers/STM32F4xx_HAL_Driver/Src/stm32f4xx_hal_uart.o
                0x00000000080051b0                HAL_UART_TxCpltCallback
 .text.HAL_UART_RxHalfCpltCallback
                0x00000000080051c4       0x14 Drivers/STM32F4xx_HAL_Driver/Src/stm32f4xx_hal_uart.o
                0x00000000080051c4                HAL_UART_RxHalfCpltCallback
 .text.HAL_UART_ErrorCallback
                0x00000000080051d8       0x14 Drivers/STM32F4xx_HAL_Driver/Src/stm32f4xx_hal_uart.o
                0x00000000080051d8                HAL_UART_ErrorCallback
 .text.HAL_UARTEx_RxEventCallback
                0x00000000080051ec       0x18 Drivers/STM32F4xx_HAL_Driver/Src/stm32f4xx_hal_uart.o
                0x00000000080051ec                HAL_UARTEx_RxEventCallback
 .text.UART_DMAReceiveCplt
                0x0000000008005204       0x96 Drivers/STM32F4xx_HAL_Driver/Src/stm32f4xx_hal_uart.o
 .text.UART_DMARxHalfCplt
                0x000000000800529a       0x36 Drivers/STM32F4xx_HAL_Driver/Src/stm32f4xx_hal_uart.o
 .text.UART_DMAError
                0x00000000080052d0       0x94 Drivers/STM32F4xx_HAL_Driver/Src/stm32f4xx_hal_uart.o
 .text.UART_WaitOnFlagUntilTimeout
                0x0000000008005364       0x94 Drivers/STM32F4xx_HAL_Driver/Src/stm32f4xx_hal_uart.o
 .text.UART_Start_Receive_DMA
                0x00000000080053f8       0xc8 Drivers/STM32F4xx_HAL_Driver/Src/stm32f4xx_hal_uart.o
                0x00000000080053f8                UART_Start_Receive_DMA
 .text.UART_EndTxTransfer
                0x00000000080054c0       0x2c Drivers/STM32F4xx_HAL_Driver/Src/stm32f4xx_hal_uart.o
 .text.UART_EndRxTransfer
                0x00000000080054ec       0x5a Drivers/STM32F4xx_HAL_Driver/Src/stm32f4xx_hal_uart.o
 .text.UART_DMAAbortOnError
                0x0000000008005546       0x28 Drivers/STM32F4xx_HAL_Driver/Src/stm32f4xx_hal_uart.o
 .text.UART_Transmit_IT
                0x000000000800556e       0xa0 Drivers/STM32F4xx_HAL_Driver/Src/stm32f4xx_hal_uart.o
 .text.UART_EndTransmit_IT
                0x000000000800560e       0x30 Drivers/STM32F4xx_HAL_Driver/Src/stm32f4xx_hal_uart.o
 .text.UART_Receive_IT
                0x000000000800563e      0x12e Drivers/STM32F4xx_HAL_Driver/Src/stm32f4xx_hal_uart.o
 .text.UART_SetConfig
                0x000000000800576c      0x390 Drivers/STM32F4xx_HAL_Driver/Src/stm32f4xx_hal_uart.o
 .text.__libc_init_array
                0x0000000008005afc       0x48 c:/st/stm32cubeide_1.6.0/stm32cubeide/plugins/com.st.stm32cube.ide.mcu.externaltools.gnu-tools-for-stm32.9-2020-q2-update.win32_1.5.0.202011040924/tools/bin/../lib/gcc/arm-none-eabi/9.3.1/../../../../arm-none-eabi/lib/thumb/v7e-m+fp/hard\libc_nano.a(lib_a-init.o)
                0x0000000008005afc                __libc_init_array
 .text.memset   0x0000000008005b44       0x10 c:/st/stm32cubeide_1.6.0/stm32cubeide/plugins/com.st.stm32cube.ide.mcu.externaltools.gnu-tools-for-stm32.9-2020-q2-update.win32_1.5.0.202011040924/tools/bin/../lib/gcc/arm-none-eabi/9.3.1/../../../../arm-none-eabi/lib/thumb/v7e-m+fp/hard\libc_nano.a(lib_a-memset.o)
                0x0000000008005b44                memset
 *(.glue_7)
 .glue_7        0x0000000008005b54        0x0 linker stubs
 *(.glue_7t)
 .glue_7t       0x0000000008005b54        0x0 linker stubs
 *(.eh_frame)
 .eh_frame      0x0000000008005b54        0x0 c:/st/stm32cubeide_1.6.0/stm32cubeide/plugins/com.st.stm32cube.ide.mcu.externaltools.gnu-tools-for-stm32.9-2020-q2-update.win32_1.5.0.202011040924/tools/bin/../lib/gcc/arm-none-eabi/9.3.1/thumb/v7e-m+fp/hard/crtbegin.o
 *(.init)
 .init          0x0000000008005b54        0x4 c:/st/stm32cubeide_1.6.0/stm32cubeide/plugins/com.st.stm32cube.ide.mcu.externaltools.gnu-tools-for-stm32.9-2020-q2-update.win32_1.5.0.202011040924/tools/bin/../lib/gcc/arm-none-eabi/9.3.1/thumb/v7e-m+fp/hard/crti.o
                0x0000000008005b54                _init
 .init          0x0000000008005b58        0x8 c:/st/stm32cubeide_1.6.0/stm32cubeide/plugins/com.st.stm32cube.ide.mcu.externaltools.gnu-tools-for-stm32.9-2020-q2-update.win32_1.5.0.202011040924/tools/bin/../lib/gcc/arm-none-eabi/9.3.1/thumb/v7e-m+fp/hard/crtn.o
 *(.fini)
 .fini          0x0000000008005b60        0x4 c:/st/stm32cubeide_1.6.0/stm32cubeide/plugins/com.st.stm32cube.ide.mcu.externaltools.gnu-tools-for-stm32.9-2020-q2-update.win32_1.5.0.202011040924/tools/bin/../lib/gcc/arm-none-eabi/9.3.1/thumb/v7e-m+fp/hard/crti.o
                0x0000000008005b60                _fini
 .fini          0x0000000008005b64        0x8 c:/st/stm32cubeide_1.6.0/stm32cubeide/plugins/com.st.stm32cube.ide.mcu.externaltools.gnu-tools-for-stm32.9-2020-q2-update.win32_1.5.0.202011040924/tools/bin/../lib/gcc/arm-none-eabi/9.3.1/thumb/v7e-m+fp/hard/crtn.o
                0x0000000008005b6c                . = ALIGN (0x4)
                0x0000000008005b6c                _etext = .

.vfp11_veneer   0x0000000008005b6c        0x0
 .vfp11_veneer  0x0000000008005b6c        0x0 linker stubs

.v4_bx          0x0000000008005b6c        0x0
 .v4_bx         0x0000000008005b6c        0x0 linker stubs

.iplt           0x0000000008005b6c        0x0
 .iplt          0x0000000008005b6c        0x0 c:/st/stm32cubeide_1.6.0/stm32cubeide/plugins/com.st.stm32cube.ide.mcu.externaltools.gnu-tools-for-stm32.9-2020-q2-update.win32_1.5.0.202011040924/tools/bin/../lib/gcc/arm-none-eabi/9.3.1/thumb/v7e-m+fp/hard/crtbegin.o

.rodata         0x0000000008005b6c       0x20
                0x0000000008005b6c                . = ALIGN (0x4)
 *(.rodata)
 *(.rodata*)
 .rodata.AHBPrescTable
                0x0000000008005b6c       0x10 Core/Src/system_stm32f4xx.o
                0x0000000008005b6c                AHBPrescTable
 .rodata.APBPrescTable
                0x0000000008005b7c        0x8 Core/Src/system_stm32f4xx.o
                0x0000000008005b7c                APBPrescTable
 .rodata.flagBitshiftOffset.8391
                0x0000000008005b84        0x8 Drivers/STM32F4xx_HAL_Driver/Src/stm32f4xx_hal_dma.o
                0x0000000008005b8c                . = ALIGN (0x4)

.ARM.extab      0x0000000008005b8c        0x0
                0x0000000008005b8c                . = ALIGN (0x4)
 *(.ARM.extab* .gnu.linkonce.armextab.*)
                0x0000000008005b8c                . = ALIGN (0x4)

.ARM            0x0000000008005b8c        0x8
                0x0000000008005b8c                . = ALIGN (0x4)
                0x0000000008005b8c                __exidx_start = .
 *(.ARM.exidx*)
 .ARM.exidx     0x0000000008005b8c        0x8 c:/st/stm32cubeide_1.6.0/stm32cubeide/plugins/com.st.stm32cube.ide.mcu.externaltools.gnu-tools-for-stm32.9-2020-q2-update.win32_1.5.0.202011040924/tools/bin/../lib/gcc/arm-none-eabi/9.3.1/thumb/v7e-m+fp/hard\libgcc.a(_udivmoddi4.o)
                0x0000000008005b94                __exidx_end = .
                0x0000000008005b94                . = ALIGN (0x4)

.rel.dyn        0x0000000008005b94        0x0
 .rel.iplt      0x0000000008005b94        0x0 c:/st/stm32cubeide_1.6.0/stm32cubeide/plugins/com.st.stm32cube.ide.mcu.externaltools.gnu-tools-for-stm32.9-2020-q2-update.win32_1.5.0.202011040924/tools/bin/../lib/gcc/arm-none-eabi/9.3.1/thumb/v7e-m+fp/hard/crtbegin.o

.preinit_array  0x0000000008005b94        0x0
                0x0000000008005b94                . = ALIGN (0x4)
                0x0000000008005b94                PROVIDE (__preinit_array_start = .)
 *(.preinit_array*)
                0x0000000008005b94                PROVIDE (__preinit_array_end = .)
                0x0000000008005b94                . = ALIGN (0x4)

.init_array     0x0000000008005b94        0x4
                0x0000000008005b94                . = ALIGN (0x4)
                0x0000000008005b94                PROVIDE (__init_array_start = .)
 *(SORT_BY_NAME(.init_array.*))
 *(.init_array*)
 .init_array    0x0000000008005b94        0x4 c:/st/stm32cubeide_1.6.0/stm32cubeide/plugins/com.st.stm32cube.ide.mcu.externaltools.gnu-tools-for-stm32.9-2020-q2-update.win32_1.5.0.202011040924/tools/bin/../lib/gcc/arm-none-eabi/9.3.1/thumb/v7e-m+fp/hard/crtbegin.o
                0x0000000008005b98                PROVIDE (__init_array_end = .)
                0x0000000008005b98                . = ALIGN (0x4)

.fini_array     0x0000000008005b98        0x4
                0x0000000008005b98                . = ALIGN (0x4)
                [!provide]                        PROVIDE (__fini_array_start = .)
 *(SORT_BY_NAME(.fini_array.*))
 *(.fini_array*)
 .fini_array    0x0000000008005b98        0x4 c:/st/stm32cubeide_1.6.0/stm32cubeide/plugins/com.st.stm32cube.ide.mcu.externaltools.gnu-tools-for-stm32.9-2020-q2-update.win32_1.5.0.202011040924/tools/bin/../lib/gcc/arm-none-eabi/9.3.1/thumb/v7e-m+fp/hard/crtbegin.o
                [!provide]                        PROVIDE (__fini_array_end = .)
                0x0000000008005b9c                . = ALIGN (0x4)
                0x0000000008005b9c                _sidata = LOADADDR (.data)

.data           0x0000000020000000        0xc load address 0x0000000008005b9c
                0x0000000020000000                . = ALIGN (0x4)
                0x0000000020000000                _sdata = .
 *(.data)
 *(.data*)
 .data.SystemCoreClock
                0x0000000020000000        0x4 Core/Src/system_stm32f4xx.o
                0x0000000020000000                SystemCoreClock
 .data.uwTickPrio
                0x0000000020000004        0x4 Drivers/STM32F4xx_HAL_Driver/Src/stm32f4xx_hal.o
                0x0000000020000004                uwTickPrio
 .data.uwTickFreq
                0x0000000020000008        0x1 Drivers/STM32F4xx_HAL_Driver/Src/stm32f4xx_hal.o
                0x0000000020000008                uwTickFreq
 *(.RamFunc)
 *(.RamFunc*)
                0x000000002000000c                . = ALIGN (0x4)
 *fill*         0x0000000020000009        0x3 
                0x000000002000000c                _edata = .

.igot.plt       0x000000002000000c        0x0 load address 0x0000000008005ba8
 .igot.plt      0x000000002000000c        0x0 c:/st/stm32cubeide_1.6.0/stm32cubeide/plugins/com.st.stm32cube.ide.mcu.externaltools.gnu-tools-for-stm32.9-2020-q2-update.win32_1.5.0.202011040924/tools/bin/../lib/gcc/arm-none-eabi/9.3.1/thumb/v7e-m+fp/hard/crtbegin.o
                0x000000002000000c                . = ALIGN (0x4)

.bss            0x000000002000000c      0x384 load address 0x0000000008005ba8
                0x000000002000000c                _sbss = .
                0x000000002000000c                __bss_start__ = _sbss
 *(.bss)
 .bss           0x000000002000000c       0x1c c:/st/stm32cubeide_1.6.0/stm32cubeide/plugins/com.st.stm32cube.ide.mcu.externaltools.gnu-tools-for-stm32.9-2020-q2-update.win32_1.5.0.202011040924/tools/bin/../lib/gcc/arm-none-eabi/9.3.1/thumb/v7e-m+fp/hard/crtbegin.o
 *(.bss*)
 *(COMMON)
 COMMON         0x0000000020000028       0x14 Core/MPU6050/MPU6050.o
                0x0000000020000028                GForce
 COMMON         0x000000002000003c       0x68 Core/Motor/MotorControl.o
                0x000000002000003c                Servo
                0x0000000020000070                Motor
 COMMON         0x00000000200000a4      0x243 Core/Src/main.o
                0x00000000200000a4                hdma_usart2_rx
                0x0000000020000104                hdma_usart6_rx
                0x0000000020000164                hi2c1
                0x00000000200001b8                tx_command
                0x00000000200001bc                htim5
                0x0000000020000204                htim3
                0x000000002000024c                rxBuffer
                0x0000000020000250                huart6
                0x0000000020000294                huart2
                0x00000000200002d8                rx_command
                0x00000000200002dc                gyro_rxBuffer
 *fill*         0x00000000200002e7        0x1 
 COMMON         0x00000000200002e8       0x4c Core/System/System.o
                0x00000000200002e8                whale_Info
                0x00000000200002ec                System_Task
 COMMON         0x0000000020000334       0x57 Core/Uart/UartPacket.o
                0x0000000020000334                rx_queue
                0x0000000020000360                tx_queue
                0x000000002000038a                UartPacket_AliveCount
 *fill*         0x000000002000038b        0x1 
 COMMON         0x000000002000038c        0x4 Drivers/STM32F4xx_HAL_Driver/Src/stm32f4xx_hal.o
                0x000000002000038c                uwTick
                0x0000000020000390                . = ALIGN (0x4)
                0x0000000020000390                _ebss = .
                0x0000000020000390                __bss_end__ = _ebss

._user_heap_stack
                0x0000000020000390      0x600 load address 0x0000000008005ba8
                0x0000000020000390                . = ALIGN (0x8)
                [!provide]                        PROVIDE (end = .)
                0x0000000020000390                PROVIDE (_end = .)
                0x0000000020000590                . = (. + _Min_Heap_Size)
 *fill*         0x0000000020000390      0x200 
                0x0000000020000990                . = (. + _Min_Stack_Size)
 *fill*         0x0000000020000590      0x400 
                0x0000000020000990                . = ALIGN (0x8)

/DISCARD/
 libc.a(*)
 libm.a(*)
 libgcc.a(*)

.ARM.attributes
                0x0000000000000000       0x30
 *(.ARM.attributes)
 .ARM.attributes
                0x0000000000000000       0x1e c:/st/stm32cubeide_1.6.0/stm32cubeide/plugins/com.st.stm32cube.ide.mcu.externaltools.gnu-tools-for-stm32.9-2020-q2-update.win32_1.5.0.202011040924/tools/bin/../lib/gcc/arm-none-eabi/9.3.1/thumb/v7e-m+fp/hard/crti.o
 .ARM.attributes
                0x000000000000001e       0x34 c:/st/stm32cubeide_1.6.0/stm32cubeide/plugins/com.st.stm32cube.ide.mcu.externaltools.gnu-tools-for-stm32.9-2020-q2-update.win32_1.5.0.202011040924/tools/bin/../lib/gcc/arm-none-eabi/9.3.1/thumb/v7e-m+fp/hard/crtbegin.o
 .ARM.attributes
                0x0000000000000052       0x34 Core/MPU6050/MPU6050.o
 .ARM.attributes
                0x0000000000000086       0x34 Core/Motor/MotorControl.o
 .ARM.attributes
                0x00000000000000ba       0x34 Core/Src/main.o
 .ARM.attributes
                0x00000000000000ee       0x34 Core/Src/stm32f4xx_hal_msp.o
 .ARM.attributes
                0x0000000000000122       0x34 Core/Src/stm32f4xx_it.o
 .ARM.attributes
                0x0000000000000156       0x34 Core/Src/system_stm32f4xx.o
 .ARM.attributes
                0x000000000000018a       0x21 Core/Startup/startup_stm32f401retx.o
 .ARM.attributes
                0x00000000000001ab       0x34 Core/System/System.o
 .ARM.attributes
                0x00000000000001df       0x34 Core/Uart/UartPacket.o
 .ARM.attributes
                0x0000000000000213       0x34 Drivers/STM32F4xx_HAL_Driver/Src/stm32f4xx_hal.o
 .ARM.attributes
                0x0000000000000247       0x34 Drivers/STM32F4xx_HAL_Driver/Src/stm32f4xx_hal_cortex.o
 .ARM.attributes
                0x000000000000027b       0x34 Drivers/STM32F4xx_HAL_Driver/Src/stm32f4xx_hal_dma.o
 .ARM.attributes
                0x00000000000002af       0x34 Drivers/STM32F4xx_HAL_Driver/Src/stm32f4xx_hal_gpio.o
 .ARM.attributes
                0x00000000000002e3       0x34 Drivers/STM32F4xx_HAL_Driver/Src/stm32f4xx_hal_i2c.o
 .ARM.attributes
                0x0000000000000317       0x34 Drivers/STM32F4xx_HAL_Driver/Src/stm32f4xx_hal_rcc.o
 .ARM.attributes
                0x000000000000034b       0x34 Drivers/STM32F4xx_HAL_Driver/Src/stm32f4xx_hal_tim.o
 .ARM.attributes
                0x000000000000037f       0x34 Drivers/STM32F4xx_HAL_Driver/Src/stm32f4xx_hal_tim_ex.o
 .ARM.attributes
                0x00000000000003b3       0x34 Drivers/STM32F4xx_HAL_Driver/Src/stm32f4xx_hal_uart.o
 .ARM.attributes
                0x00000000000003e7       0x34 c:/st/stm32cubeide_1.6.0/stm32cubeide/plugins/com.st.stm32cube.ide.mcu.externaltools.gnu-tools-for-stm32.9-2020-q2-update.win32_1.5.0.202011040924/tools/bin/../lib/gcc/arm-none-eabi/9.3.1/../../../../arm-none-eabi/lib/thumb/v7e-m+fp/hard\libc_nano.a(lib_a-init.o)
 .ARM.attributes
                0x000000000000041b       0x34 c:/st/stm32cubeide_1.6.0/stm32cubeide/plugins/com.st.stm32cube.ide.mcu.externaltools.gnu-tools-for-stm32.9-2020-q2-update.win32_1.5.0.202011040924/tools/bin/../lib/gcc/arm-none-eabi/9.3.1/../../../../arm-none-eabi/lib/thumb/v7e-m+fp/hard\libc_nano.a(lib_a-memset.o)
 .ARM.attributes
                0x000000000000044f       0x1e c:/st/stm32cubeide_1.6.0/stm32cubeide/plugins/com.st.stm32cube.ide.mcu.externaltools.gnu-tools-for-stm32.9-2020-q2-update.win32_1.5.0.202011040924/tools/bin/../lib/gcc/arm-none-eabi/9.3.1/thumb/v7e-m+fp/hard\libgcc.a(_aeabi_uldivmod.o)
 .ARM.attributes
                0x000000000000046d       0x34 c:/st/stm32cubeide_1.6.0/stm32cubeide/plugins/com.st.stm32cube.ide.mcu.externaltools.gnu-tools-for-stm32.9-2020-q2-update.win32_1.5.0.202011040924/tools/bin/../lib/gcc/arm-none-eabi/9.3.1/thumb/v7e-m+fp/hard\libgcc.a(_udivmoddi4.o)
 .ARM.attributes
                0x00000000000004a1       0x1e c:/st/stm32cubeide_1.6.0/stm32cubeide/plugins/com.st.stm32cube.ide.mcu.externaltools.gnu-tools-for-stm32.9-2020-q2-update.win32_1.5.0.202011040924/tools/bin/../lib/gcc/arm-none-eabi/9.3.1/thumb/v7e-m+fp/hard\libgcc.a(_dvmd_tls.o)
 .ARM.attributes
                0x00000000000004bf       0x1e c:/st/stm32cubeide_1.6.0/stm32cubeide/plugins/com.st.stm32cube.ide.mcu.externaltools.gnu-tools-for-stm32.9-2020-q2-update.win32_1.5.0.202011040924/tools/bin/../lib/gcc/arm-none-eabi/9.3.1/thumb/v7e-m+fp/hard/crtn.o
OUTPUT(Whale_mk1.elf elf32-littlearm)
LOAD linker stubs
LOAD c:/st/stm32cubeide_1.6.0/stm32cubeide/plugins/com.st.stm32cube.ide.mcu.externaltools.gnu-tools-for-stm32.9-2020-q2-update.win32_1.5.0.202011040924/tools/bin/../lib/gcc/arm-none-eabi/9.3.1/../../../../arm-none-eabi/lib/thumb/v7e-m+fp/hard\libc.a
LOAD c:/st/stm32cubeide_1.6.0/stm32cubeide/plugins/com.st.stm32cube.ide.mcu.externaltools.gnu-tools-for-stm32.9-2020-q2-update.win32_1.5.0.202011040924/tools/bin/../lib/gcc/arm-none-eabi/9.3.1/../../../../arm-none-eabi/lib/thumb/v7e-m+fp/hard\libm.a
LOAD c:/st/stm32cubeide_1.6.0/stm32cubeide/plugins/com.st.stm32cube.ide.mcu.externaltools.gnu-tools-for-stm32.9-2020-q2-update.win32_1.5.0.202011040924/tools/bin/../lib/gcc/arm-none-eabi/9.3.1/thumb/v7e-m+fp/hard\libgcc.a

.debug_info     0x0000000000000000    0x129b3
 .debug_info    0x0000000000000000      0xc7f Core/MPU6050/MPU6050.o
 .debug_info    0x0000000000000c7f      0xbe6 Core/Motor/MotorControl.o
 .debug_info    0x0000000000001865     0x1a2e Core/Src/main.o
 .debug_info    0x0000000000003293     0x15b3 Core/Src/stm32f4xx_hal_msp.o
 .debug_info    0x0000000000004846      0xf3f Core/Src/stm32f4xx_it.o
 .debug_info    0x0000000000005785      0x5d0 Core/Src/system_stm32f4xx.o
 .debug_info    0x0000000000005d55       0x22 Core/Startup/startup_stm32f401retx.o
 .debug_info    0x0000000000005d77      0xd63 Core/System/System.o
 .debug_info    0x0000000000006ada      0xf1b Core/Uart/UartPacket.o
 .debug_info    0x00000000000079f5      0x93d Drivers/STM32F4xx_HAL_Driver/Src/stm32f4xx_hal.o
 .debug_info    0x0000000000008332      0xe41 Drivers/STM32F4xx_HAL_Driver/Src/stm32f4xx_hal_cortex.o
 .debug_info    0x0000000000009173      0x9e9 Drivers/STM32F4xx_HAL_Driver/Src/stm32f4xx_hal_dma.o
 .debug_info    0x0000000000009b5c      0x862 Drivers/STM32F4xx_HAL_Driver/Src/stm32f4xx_hal_gpio.o
 .debug_info    0x000000000000a3be     0x2639 Drivers/STM32F4xx_HAL_Driver/Src/stm32f4xx_hal_i2c.o
 .debug_info    0x000000000000c9f7      0x9bd Drivers/STM32F4xx_HAL_Driver/Src/stm32f4xx_hal_rcc.o
 .debug_info    0x000000000000d3b4     0x2a88 Drivers/STM32F4xx_HAL_Driver/Src/stm32f4xx_hal_tim.o
 .debug_info    0x000000000000fe3c     0x151a Drivers/STM32F4xx_HAL_Driver/Src/stm32f4xx_hal_tim_ex.o
 .debug_info    0x0000000000011356     0x165d Drivers/STM32F4xx_HAL_Driver/Src/stm32f4xx_hal_uart.o

.debug_abbrev   0x0000000000000000     0x2849
 .debug_abbrev  0x0000000000000000      0x201 Core/MPU6050/MPU6050.o
 .debug_abbrev  0x0000000000000201      0x19d Core/Motor/MotorControl.o
 .debug_abbrev  0x000000000000039e      0x38a Core/Src/main.o
 .debug_abbrev  0x0000000000000728      0x25c Core/Src/stm32f4xx_hal_msp.o
 .debug_abbrev  0x0000000000000984      0x1bf Core/Src/stm32f4xx_it.o
 .debug_abbrev  0x0000000000000b43      0x145 Core/Src/system_stm32f4xx.o
 .debug_abbrev  0x0000000000000c88       0x12 Core/Startup/startup_stm32f401retx.o
 .debug_abbrev  0x0000000000000c9a      0x251 Core/System/System.o
 .debug_abbrev  0x0000000000000eeb      0x370 Core/Uart/UartPacket.o
 .debug_abbrev  0x000000000000125b      0x21e Drivers/STM32F4xx_HAL_Driver/Src/stm32f4xx_hal.o
 .debug_abbrev  0x0000000000001479      0x33c Drivers/STM32F4xx_HAL_Driver/Src/stm32f4xx_hal_cortex.o
 .debug_abbrev  0x00000000000017b5      0x219 Drivers/STM32F4xx_HAL_Driver/Src/stm32f4xx_hal_dma.o
 .debug_abbrev  0x00000000000019ce      0x1f1 Drivers/STM32F4xx_HAL_Driver/Src/stm32f4xx_hal_gpio.o
 .debug_abbrev  0x0000000000001bbf      0x293 Drivers/STM32F4xx_HAL_Driver/Src/stm32f4xx_hal_i2c.o
 .debug_abbrev  0x0000000000001e52      0x275 Drivers/STM32F4xx_HAL_Driver/Src/stm32f4xx_hal_rcc.o
 .debug_abbrev  0x00000000000020c7      0x26f Drivers/STM32F4xx_HAL_Driver/Src/stm32f4xx_hal_tim.o
 .debug_abbrev  0x0000000000002336      0x277 Drivers/STM32F4xx_HAL_Driver/Src/stm32f4xx_hal_tim_ex.o
 .debug_abbrev  0x00000000000025ad      0x29c Drivers/STM32F4xx_HAL_Driver/Src/stm32f4xx_hal_uart.o

.debug_aranges  0x0000000000000000     0x1078
 .debug_aranges
                0x0000000000000000       0x50 Core/MPU6050/MPU6050.o
 .debug_aranges
                0x0000000000000050       0x30 Core/Motor/MotorControl.o
 .debug_aranges
                0x0000000000000080       0x78 Core/Src/main.o
 .debug_aranges
                0x00000000000000f8       0x68 Core/Src/stm32f4xx_hal_msp.o
 .debug_aranges
                0x0000000000000160       0x88 Core/Src/stm32f4xx_it.o
 .debug_aranges
                0x00000000000001e8       0x28 Core/Src/system_stm32f4xx.o
 .debug_aranges
                0x0000000000000210       0x28 Core/Startup/startup_stm32f401retx.o
 .debug_aranges
                0x0000000000000238       0x78 Core/System/System.o
 .debug_aranges
                0x00000000000002b0       0x78 Core/Uart/UartPacket.o
 .debug_aranges
                0x0000000000000328       0xf0 Drivers/STM32F4xx_HAL_Driver/Src/stm32f4xx_hal.o
 .debug_aranges
                0x0000000000000418      0x118 Drivers/STM32F4xx_HAL_Driver/Src/stm32f4xx_hal_cortex.o
 .debug_aranges
                0x0000000000000530       0x90 Drivers/STM32F4xx_HAL_Driver/Src/stm32f4xx_hal_dma.o
 .debug_aranges
                0x00000000000005c0       0x58 Drivers/STM32F4xx_HAL_Driver/Src/stm32f4xx_hal_gpio.o
 .debug_aranges
                0x0000000000000618      0x2a0 Drivers/STM32F4xx_HAL_Driver/Src/stm32f4xx_hal_i2c.o
 .debug_aranges
                0x00000000000008b8       0x88 Drivers/STM32F4xx_HAL_Driver/Src/stm32f4xx_hal_rcc.o
 .debug_aranges
                0x0000000000000940      0x3d0 Drivers/STM32F4xx_HAL_Driver/Src/stm32f4xx_hal_tim.o
 .debug_aranges
                0x0000000000000d10      0x168 Drivers/STM32F4xx_HAL_Driver/Src/stm32f4xx_hal_tim_ex.o
 .debug_aranges
                0x0000000000000e78      0x200 Drivers/STM32F4xx_HAL_Driver/Src/stm32f4xx_hal_uart.o

.debug_ranges   0x0000000000000000     0x1018
 .debug_ranges  0x0000000000000000       0x40 Core/MPU6050/MPU6050.o
 .debug_ranges  0x0000000000000040       0x20 Core/Motor/MotorControl.o
 .debug_ranges  0x0000000000000060       0x98 Core/Src/main.o
 .debug_ranges  0x00000000000000f8       0x58 Core/Src/stm32f4xx_hal_msp.o
 .debug_ranges  0x0000000000000150       0x78 Core/Src/stm32f4xx_it.o
 .debug_ranges  0x00000000000001c8       0x18 Core/Src/system_stm32f4xx.o
 .debug_ranges  0x00000000000001e0       0x20 Core/Startup/startup_stm32f401retx.o
 .debug_ranges  0x0000000000000200       0x68 Core/System/System.o
 .debug_ranges  0x0000000000000268       0x98 Core/Uart/UartPacket.o
 .debug_ranges  0x0000000000000300       0xe0 Drivers/STM32F4xx_HAL_Driver/Src/stm32f4xx_hal.o
 .debug_ranges  0x00000000000003e0      0x108 Drivers/STM32F4xx_HAL_Driver/Src/stm32f4xx_hal_cortex.o
 .debug_ranges  0x00000000000004e8       0x80 Drivers/STM32F4xx_HAL_Driver/Src/stm32f4xx_hal_dma.o
 .debug_ranges  0x0000000000000568       0x48 Drivers/STM32F4xx_HAL_Driver/Src/stm32f4xx_hal_gpio.o
 .debug_ranges  0x00000000000005b0      0x2b8 Drivers/STM32F4xx_HAL_Driver/Src/stm32f4xx_hal_i2c.o
 .debug_ranges  0x0000000000000868       0x78 Drivers/STM32F4xx_HAL_Driver/Src/stm32f4xx_hal_rcc.o
 .debug_ranges  0x00000000000008e0      0x3c0 Drivers/STM32F4xx_HAL_Driver/Src/stm32f4xx_hal_tim.o
 .debug_ranges  0x0000000000000ca0      0x158 Drivers/STM32F4xx_HAL_Driver/Src/stm32f4xx_hal_tim_ex.o
 .debug_ranges  0x0000000000000df8      0x220 Drivers/STM32F4xx_HAL_Driver/Src/stm32f4xx_hal_uart.o

.debug_macro    0x0000000000000000    0x166b6
 .debug_macro   0x0000000000000000      0x258 Core/MPU6050/MPU6050.o
 .debug_macro   0x0000000000000258      0xaa8 Core/MPU6050/MPU6050.o
 .debug_macro   0x0000000000000d00      0x2a1 Core/MPU6050/MPU6050.o
 .debug_macro   0x0000000000000fa1       0x2e Core/MPU6050/MPU6050.o
 .debug_macro   0x0000000000000fcf       0x28 Core/MPU6050/MPU6050.o
 .debug_macro   0x0000000000000ff7       0x22 Core/MPU6050/MPU6050.o
 .debug_macro   0x0000000000001019       0x8e Core/MPU6050/MPU6050.o
 .debug_macro   0x00000000000010a7       0x51 Core/MPU6050/MPU6050.o
 .debug_macro   0x00000000000010f8      0x103 Core/MPU6050/MPU6050.o
 .debug_macro   0x00000000000011fb       0x6a Core/MPU6050/MPU6050.o
 .debug_macro   0x0000000000001265      0x1df Core/MPU6050/MPU6050.o
 .debug_macro   0x0000000000001444       0x1c Core/MPU6050/MPU6050.o
 .debug_macro   0x0000000000001460       0x22 Core/MPU6050/MPU6050.o
 .debug_macro   0x0000000000001482       0xdf Core/MPU6050/MPU6050.o
 .debug_macro   0x0000000000001561     0x102d Core/MPU6050/MPU6050.o
 .debug_macro   0x000000000000258e      0x11f Core/MPU6050/MPU6050.o
 .debug_macro   0x00000000000026ad     0xb850 Core/MPU6050/MPU6050.o
 .debug_macro   0x000000000000defd       0x43 Core/MPU6050/MPU6050.o
 .debug_macro   0x000000000000df40     0x3659 Core/MPU6050/MPU6050.o
 .debug_macro   0x0000000000011599      0x174 Core/MPU6050/MPU6050.o
 .debug_macro   0x000000000001170d       0x5c Core/MPU6050/MPU6050.o
 .debug_macro   0x0000000000011769      0x416 Core/MPU6050/MPU6050.o
 .debug_macro   0x0000000000011b7f      0x9fe Core/MPU6050/MPU6050.o
 .debug_macro   0x000000000001257d      0x117 Core/MPU6050/MPU6050.o
 .debug_macro   0x0000000000012694       0xf8 Core/MPU6050/MPU6050.o
 .debug_macro   0x000000000001278c       0x82 Core/MPU6050/MPU6050.o
 .debug_macro   0x000000000001280e      0x15f Core/MPU6050/MPU6050.o
 .debug_macro   0x000000000001296d      0x287 Core/MPU6050/MPU6050.o
 .debug_macro   0x0000000000012bf4       0x5f Core/MPU6050/MPU6050.o
 .debug_macro   0x0000000000012c53      0x236 Core/MPU6050/MPU6050.o
 .debug_macro   0x0000000000012e89      0x132 Core/MPU6050/MPU6050.o
 .debug_macro   0x0000000000012fbb      0x264 Core/MPU6050/MPU6050.o
 .debug_macro   0x000000000001321f       0x2e Core/MPU6050/MPU6050.o
 .debug_macro   0x000000000001324d      0x1b5 Core/MPU6050/MPU6050.o
 .debug_macro   0x0000000000013402       0x22 Core/MPU6050/MPU6050.o
 .debug_macro   0x0000000000013424       0xd6 Core/MPU6050/MPU6050.o
 .debug_macro   0x00000000000134fa      0x11a Core/MPU6050/MPU6050.o
 .debug_macro   0x0000000000013614       0x85 Core/MPU6050/MPU6050.o
 .debug_macro   0x0000000000013699       0x89 Core/MPU6050/MPU6050.o
 .debug_macro   0x0000000000013722      0x8d1 Core/MPU6050/MPU6050.o
 .debug_macro   0x0000000000013ff3       0x47 Core/MPU6050/MPU6050.o
 .debug_macro   0x000000000001403a      0x295 Core/MPU6050/MPU6050.o
 .debug_macro   0x00000000000142cf      0x126 Core/MPU6050/MPU6050.o
 .debug_macro   0x00000000000143f5       0x10 Core/MPU6050/MPU6050.o
 .debug_macro   0x0000000000014405       0x1c Core/MPU6050/MPU6050.o
 .debug_macro   0x0000000000014421       0x22 Core/MPU6050/MPU6050.o
 .debug_macro   0x0000000000014443       0x52 Core/MPU6050/MPU6050.o
 .debug_macro   0x0000000000014495       0x64 Core/MPU6050/MPU6050.o
 .debug_macro   0x00000000000144f9      0x24e Core/Motor/MotorControl.o
 .debug_macro   0x0000000000014747      0x24e Core/Src/main.o
 .debug_macro   0x0000000000014995      0x24e Core/Src/stm32f4xx_hal_msp.o
 .debug_macro   0x0000000000014be3      0x258 Core/Src/stm32f4xx_it.o
 .debug_macro   0x0000000000014e3b      0x1e7 Core/Src/system_stm32f4xx.o
 .debug_macro   0x0000000000015022      0x24e Core/System/System.o
 .debug_macro   0x0000000000015270      0x24e Core/Uart/UartPacket.o
 .debug_macro   0x00000000000154be      0x247 Drivers/STM32F4xx_HAL_Driver/Src/stm32f4xx_hal.o
 .debug_macro   0x0000000000015705      0x1e7 Drivers/STM32F4xx_HAL_Driver/Src/stm32f4xx_hal_cortex.o
 .debug_macro   0x00000000000158ec      0x1ed Drivers/STM32F4xx_HAL_Driver/Src/stm32f4xx_hal_dma.o
 .debug_macro   0x0000000000015ad9      0x1ed Drivers/STM32F4xx_HAL_Driver/Src/stm32f4xx_hal_gpio.o
 .debug_macro   0x0000000000015cc6      0x22e Drivers/STM32F4xx_HAL_Driver/Src/stm32f4xx_hal_i2c.o
 .debug_macro   0x0000000000015ef4      0x20b Drivers/STM32F4xx_HAL_Driver/Src/stm32f4xx_hal_rcc.o
 .debug_macro   0x00000000000160ff      0x1e8 Drivers/STM32F4xx_HAL_Driver/Src/stm32f4xx_hal_tim.o
 .debug_macro   0x00000000000162e7      0x1e7 Drivers/STM32F4xx_HAL_Driver/Src/stm32f4xx_hal_tim_ex.o
 .debug_macro   0x00000000000164ce      0x1e8 Drivers/STM32F4xx_HAL_Driver/Src/stm32f4xx_hal_uart.o

.debug_line     0x0000000000000000    0x12f2c
 .debug_line    0x0000000000000000      0xa13 Core/MPU6050/MPU6050.o
 .debug_line    0x0000000000000a13      0x8c2 Core/Motor/MotorControl.o
 .debug_line    0x00000000000012d5      0xbb8 Core/Src/main.o
 .debug_line    0x0000000000001e8d      0x9f4 Core/Src/stm32f4xx_hal_msp.o
 .debug_line    0x0000000000002881      0x96a Core/Src/stm32f4xx_it.o
 .debug_line    0x00000000000031eb      0x779 Core/Src/system_stm32f4xx.o
 .debug_line    0x0000000000003964       0x88 Core/Startup/startup_stm32f401retx.o
 .debug_line    0x00000000000039ec      0x9e3 Core/System/System.o
 .debug_line    0x00000000000043cf      0xbfb Core/Uart/UartPacket.o
 .debug_line    0x0000000000004fca      0x9df Drivers/STM32F4xx_HAL_Driver/Src/stm32f4xx_hal.o
 .debug_line    0x00000000000059a9      0xc8e Drivers/STM32F4xx_HAL_Driver/Src/stm32f4xx_hal_cortex.o
 .debug_line    0x0000000000006637      0xf48 Drivers/STM32F4xx_HAL_Driver/Src/stm32f4xx_hal_dma.o
 .debug_line    0x000000000000757f      0xb1b Drivers/STM32F4xx_HAL_Driver/Src/stm32f4xx_hal_gpio.o
 .debug_line    0x000000000000809a     0x3966 Drivers/STM32F4xx_HAL_Driver/Src/stm32f4xx_hal_i2c.o
 .debug_line    0x000000000000ba00      0xd5b Drivers/STM32F4xx_HAL_Driver/Src/stm32f4xx_hal_rcc.o
 .debug_line    0x000000000000c75b     0x33e5 Drivers/STM32F4xx_HAL_Driver/Src/stm32f4xx_hal_tim.o
 .debug_line    0x000000000000fb40     0x1947 Drivers/STM32F4xx_HAL_Driver/Src/stm32f4xx_hal_tim_ex.o
 .debug_line    0x0000000000011487     0x1aa5 Drivers/STM32F4xx_HAL_Driver/Src/stm32f4xx_hal_uart.o

.debug_str      0x0000000000000000    0x8be10
 .debug_str     0x0000000000000000    0x879e0 Core/MPU6050/MPU6050.o
                                      0x87d03 (size before relaxing)
 .debug_str     0x00000000000879e0       0x9a Core/Motor/MotorControl.o
                                      0x87ca3 (size before relaxing)
 .debug_str     0x0000000000087a7a      0xaf9 Core/Src/main.o
                                      0x8885c (size before relaxing)
 .debug_str     0x0000000000088573       0xf4 Core/Src/stm32f4xx_hal_msp.o
                                      0x8852a (size before relaxing)
 .debug_str     0x0000000000088667      0x121 Core/Src/stm32f4xx_it.o
                                      0x8802a (size before relaxing)
 .debug_str     0x0000000000088788       0xaf Core/Src/system_stm32f4xx.o
                                      0x872de (size before relaxing)
 .debug_str     0x0000000000088837       0x36 Core/Startup/startup_stm32f401retx.o
                                         0x5a (size before relaxing)
 .debug_str     0x000000000008886d      0x1c6 Core/System/System.o
                                      0x87e01 (size before relaxing)
 .debug_str     0x0000000000088a33      0x15b Core/Uart/UartPacket.o
                                      0x87dc7 (size before relaxing)
 .debug_str     0x0000000000088b8e      0x58d Drivers/STM32F4xx_HAL_Driver/Src/stm32f4xx_hal.o
                                      0x87c5e (size before relaxing)
 .debug_str     0x000000000008911b      0x399 Drivers/STM32F4xx_HAL_Driver/Src/stm32f4xx_hal_cortex.o
                                      0x87a3b (size before relaxing)
 .debug_str     0x00000000000894b4      0x31d Drivers/STM32F4xx_HAL_Driver/Src/stm32f4xx_hal_dma.o
                                      0x876f6 (size before relaxing)
 .debug_str     0x00000000000897d1      0x15a Drivers/STM32F4xx_HAL_Driver/Src/stm32f4xx_hal_gpio.o
                                      0x87485 (size before relaxing)
 .debug_str     0x000000000008992b      0xab8 Drivers/STM32F4xx_HAL_Driver/Src/stm32f4xx_hal_i2c.o
                                      0x88253 (size before relaxing)
 .debug_str     0x000000000008a3e3      0x24e Drivers/STM32F4xx_HAL_Driver/Src/stm32f4xx_hal_rcc.o
                                      0x876e0 (size before relaxing)
 .debug_str     0x000000000008a631      0xd2b Drivers/STM32F4xx_HAL_Driver/Src/stm32f4xx_hal_tim.o
                                      0x885f4 (size before relaxing)
 .debug_str     0x000000000008b35c      0x4ee Drivers/STM32F4xx_HAL_Driver/Src/stm32f4xx_hal_tim_ex.o
                                      0x87da5 (size before relaxing)
 .debug_str     0x000000000008b84a      0x5c6 Drivers/STM32F4xx_HAL_Driver/Src/stm32f4xx_hal_uart.o
                                      0x87c30 (size before relaxing)

.comment        0x0000000000000000       0x53
 .comment       0x0000000000000000       0x53 Core/MPU6050/MPU6050.o
                                         0x54 (size before relaxing)
 .comment       0x0000000000000053       0x54 Core/Motor/MotorControl.o
 .comment       0x0000000000000053       0x54 Core/Src/main.o
 .comment       0x0000000000000053       0x54 Core/Src/stm32f4xx_hal_msp.o
 .comment       0x0000000000000053       0x54 Core/Src/stm32f4xx_it.o
 .comment       0x0000000000000053       0x54 Core/Src/system_stm32f4xx.o
 .comment       0x0000000000000053       0x54 Core/System/System.o
 .comment       0x0000000000000053       0x54 Core/Uart/UartPacket.o
 .comment       0x0000000000000053       0x54 Drivers/STM32F4xx_HAL_Driver/Src/stm32f4xx_hal.o
 .comment       0x0000000000000053       0x54 Drivers/STM32F4xx_HAL_Driver/Src/stm32f4xx_hal_cortex.o
 .comment       0x0000000000000053       0x54 Drivers/STM32F4xx_HAL_Driver/Src/stm32f4xx_hal_dma.o
 .comment       0x0000000000000053       0x54 Drivers/STM32F4xx_HAL_Driver/Src/stm32f4xx_hal_gpio.o
 .comment       0x0000000000000053       0x54 Drivers/STM32F4xx_HAL_Driver/Src/stm32f4xx_hal_i2c.o
 .comment       0x0000000000000053       0x54 Drivers/STM32F4xx_HAL_Driver/Src/stm32f4xx_hal_rcc.o
 .comment       0x0000000000000053       0x54 Drivers/STM32F4xx_HAL_Driver/Src/stm32f4xx_hal_tim.o
 .comment       0x0000000000000053       0x54 Drivers/STM32F4xx_HAL_Driver/Src/stm32f4xx_hal_tim_ex.o
 .comment       0x0000000000000053       0x54 Drivers/STM32F4xx_HAL_Driver/Src/stm32f4xx_hal_uart.o

.debug_frame    0x0000000000000000     0x45d4
 .debug_frame   0x0000000000000000      0x110 Core/MPU6050/MPU6050.o
 .debug_frame   0x0000000000000110       0x68 Core/Motor/MotorControl.o
 .debug_frame   0x0000000000000178      0x1a4 Core/Src/main.o
 .debug_frame   0x000000000000031c      0x180 Core/Src/stm32f4xx_hal_msp.o
 .debug_frame   0x000000000000049c      0x190 Core/Src/stm32f4xx_it.o
 .debug_frame   0x000000000000062c       0x58 Core/Src/system_stm32f4xx.o
 .debug_frame   0x0000000000000684      0x19c Core/System/System.o
 .debug_frame   0x0000000000000820      0x1fc Core/Uart/UartPacket.o
 .debug_frame   0x0000000000000a1c      0x374 Drivers/STM32F4xx_HAL_Driver/Src/stm32f4xx_hal.o
 .debug_frame   0x0000000000000d90      0x498 Drivers/STM32F4xx_HAL_Driver/Src/stm32f4xx_hal_cortex.o
 .debug_frame   0x0000000000001228      0x250 Drivers/STM32F4xx_HAL_Driver/Src/stm32f4xx_hal_dma.o
 .debug_frame   0x0000000000001478      0x14c Drivers/STM32F4xx_HAL_Driver/Src/stm32f4xx_hal_gpio.o
 .debug_frame   0x00000000000015c4      0xc5c Drivers/STM32F4xx_HAL_Driver/Src/stm32f4xx_hal_i2c.o
 .debug_frame   0x0000000000002220      0x1f0 Drivers/STM32F4xx_HAL_Driver/Src/stm32f4xx_hal_rcc.o
 .debug_frame   0x0000000000002410     0x11bc Drivers/STM32F4xx_HAL_Driver/Src/stm32f4xx_hal_tim.o
 .debug_frame   0x00000000000035cc      0x638 Drivers/STM32F4xx_HAL_Driver/Src/stm32f4xx_hal_tim_ex.o
 .debug_frame   0x0000000000003c04      0x924 Drivers/STM32F4xx_HAL_Driver/Src/stm32f4xx_hal_uart.o
 .debug_frame   0x0000000000004528       0x2c c:/st/stm32cubeide_1.6.0/stm32cubeide/plugins/com.st.stm32cube.ide.mcu.externaltools.gnu-tools-for-stm32.9-2020-q2-update.win32_1.5.0.202011040924/tools/bin/../lib/gcc/arm-none-eabi/9.3.1/../../../../arm-none-eabi/lib/thumb/v7e-m+fp/hard\libc_nano.a(lib_a-init.o)
 .debug_frame   0x0000000000004554       0x20 c:/st/stm32cubeide_1.6.0/stm32cubeide/plugins/com.st.stm32cube.ide.mcu.externaltools.gnu-tools-for-stm32.9-2020-q2-update.win32_1.5.0.202011040924/tools/bin/../lib/gcc/arm-none-eabi/9.3.1/../../../../arm-none-eabi/lib/thumb/v7e-m+fp/hard\libc_nano.a(lib_a-memset.o)
 .debug_frame   0x0000000000004574       0x2c c:/st/stm32cubeide_1.6.0/stm32cubeide/plugins/com.st.stm32cube.ide.mcu.externaltools.gnu-tools-for-stm32.9-2020-q2-update.win32_1.5.0.202011040924/tools/bin/../lib/gcc/arm-none-eabi/9.3.1/thumb/v7e-m+fp/hard\libgcc.a(_aeabi_uldivmod.o)
 .debug_frame   0x00000000000045a0       0x34 c:/st/stm32cubeide_1.6.0/stm32cubeide/plugins/com.st.stm32cube.ide.mcu.externaltools.gnu-tools-for-stm32.9-2020-q2-update.win32_1.5.0.202011040924/tools/bin/../lib/gcc/arm-none-eabi/9.3.1/thumb/v7e-m+fp/hard\libgcc.a(_udivmoddi4.o)
