Archive member included to satisfy reference by file (symbol)

c:/st/stm32cubeide_1.6.0/stm32cubeide/plugins/com.st.stm32cube.ide.mcu.externaltools.gnu-tools-for-stm32.9-2020-q2-update.win32_1.5.0.202011040924/tools/bin/../lib/gcc/arm-none-eabi/9.3.1/../../../../arm-none-eabi/lib/thumb/v7e-m+fp/hard\libc_nano.a(lib_a-errno.o)
                              Core/Src/syscalls.o (__errno)
c:/st/stm32cubeide_1.6.0/stm32cubeide/plugins/com.st.stm32cube.ide.mcu.externaltools.gnu-tools-for-stm32.9-2020-q2-update.win32_1.5.0.202011040924/tools/bin/../lib/gcc/arm-none-eabi/9.3.1/../../../../arm-none-eabi/lib/thumb/v7e-m+fp/hard\libc_nano.a(lib_a-exit.o)
                              c:/st/stm32cubeide_1.6.0/stm32cubeide/plugins/com.st.stm32cube.ide.mcu.externaltools.gnu-tools-for-stm32.9-2020-q2-update.win32_1.5.0.202011040924/tools/bin/../lib/gcc/arm-none-eabi/9.3.1/../../../../arm-none-eabi/lib/thumb/v7e-m+fp/hard/crt0.o (exit)
c:/st/stm32cubeide_1.6.0/stm32cubeide/plugins/com.st.stm32cube.ide.mcu.externaltools.gnu-tools-for-stm32.9-2020-q2-update.win32_1.5.0.202011040924/tools/bin/../lib/gcc/arm-none-eabi/9.3.1/../../../../arm-none-eabi/lib/thumb/v7e-m+fp/hard\libc_nano.a(lib_a-impure.o)
                              c:/st/stm32cubeide_1.6.0/stm32cubeide/plugins/com.st.stm32cube.ide.mcu.externaltools.gnu-tools-for-stm32.9-2020-q2-update.win32_1.5.0.202011040924/tools/bin/../lib/gcc/arm-none-eabi/9.3.1/../../../../arm-none-eabi/lib/thumb/v7e-m+fp/hard\libc_nano.a(lib_a-exit.o) (_global_impure_ptr)
c:/st/stm32cubeide_1.6.0/stm32cubeide/plugins/com.st.stm32cube.ide.mcu.externaltools.gnu-tools-for-stm32.9-2020-q2-update.win32_1.5.0.202011040924/tools/bin/../lib/gcc/arm-none-eabi/9.3.1/../../../../arm-none-eabi/lib/thumb/v7e-m+fp/hard\libc_nano.a(lib_a-init.o)
                              c:/st/stm32cubeide_1.6.0/stm32cubeide/plugins/com.st.stm32cube.ide.mcu.externaltools.gnu-tools-for-stm32.9-2020-q2-update.win32_1.5.0.202011040924/tools/bin/../lib/gcc/arm-none-eabi/9.3.1/../../../../arm-none-eabi/lib/thumb/v7e-m+fp/hard/crt0.o (__libc_init_array)
c:/st/stm32cubeide_1.6.0/stm32cubeide/plugins/com.st.stm32cube.ide.mcu.externaltools.gnu-tools-for-stm32.9-2020-q2-update.win32_1.5.0.202011040924/tools/bin/../lib/gcc/arm-none-eabi/9.3.1/../../../../arm-none-eabi/lib/thumb/v7e-m+fp/hard\libc_nano.a(lib_a-memset.o)
                              c:/st/stm32cubeide_1.6.0/stm32cubeide/plugins/com.st.stm32cube.ide.mcu.externaltools.gnu-tools-for-stm32.9-2020-q2-update.win32_1.5.0.202011040924/tools/bin/../lib/gcc/arm-none-eabi/9.3.1/../../../../arm-none-eabi/lib/thumb/v7e-m+fp/hard/crt0.o (memset)
c:/st/stm32cubeide_1.6.0/stm32cubeide/plugins/com.st.stm32cube.ide.mcu.externaltools.gnu-tools-for-stm32.9-2020-q2-update.win32_1.5.0.202011040924/tools/bin/../lib/gcc/arm-none-eabi/9.3.1/../../../../arm-none-eabi/lib/thumb/v7e-m+fp/hard\libc_nano.a(lib_a-strlen.o)
                              Core/LCD/Lcd_I2c.o (strlen)
c:/st/stm32cubeide_1.6.0/stm32cubeide/plugins/com.st.stm32cube.ide.mcu.externaltools.gnu-tools-for-stm32.9-2020-q2-update.win32_1.5.0.202011040924/tools/bin/../lib/gcc/arm-none-eabi/9.3.1/../../../../arm-none-eabi/lib/thumb/v7e-m+fp/hard\libc_nano.a(lib_a-vsprintf.o)
                              Core/LCD/Lcd_I2c.o (vsprintf)
c:/st/stm32cubeide_1.6.0/stm32cubeide/plugins/com.st.stm32cube.ide.mcu.externaltools.gnu-tools-for-stm32.9-2020-q2-update.win32_1.5.0.202011040924/tools/bin/../lib/gcc/arm-none-eabi/9.3.1/../../../../arm-none-eabi/lib/thumb/v7e-m+fp/hard\libc_nano.a(lib_a-nano-svfprintf.o)
                              c:/st/stm32cubeide_1.6.0/stm32cubeide/plugins/com.st.stm32cube.ide.mcu.externaltools.gnu-tools-for-stm32.9-2020-q2-update.win32_1.5.0.202011040924/tools/bin/../lib/gcc/arm-none-eabi/9.3.1/../../../../arm-none-eabi/lib/thumb/v7e-m+fp/hard\libc_nano.a(lib_a-vsprintf.o) (_svfprintf_r)
c:/st/stm32cubeide_1.6.0/stm32cubeide/plugins/com.st.stm32cube.ide.mcu.externaltools.gnu-tools-for-stm32.9-2020-q2-update.win32_1.5.0.202011040924/tools/bin/../lib/gcc/arm-none-eabi/9.3.1/../../../../arm-none-eabi/lib/thumb/v7e-m+fp/hard\libc_nano.a(lib_a-nano-vfprintf_i.o)
                              c:/st/stm32cubeide_1.6.0/stm32cubeide/plugins/com.st.stm32cube.ide.mcu.externaltools.gnu-tools-for-stm32.9-2020-q2-update.win32_1.5.0.202011040924/tools/bin/../lib/gcc/arm-none-eabi/9.3.1/../../../../arm-none-eabi/lib/thumb/v7e-m+fp/hard\libc_nano.a(lib_a-nano-svfprintf.o) (_printf_i)
c:/st/stm32cubeide_1.6.0/stm32cubeide/plugins/com.st.stm32cube.ide.mcu.externaltools.gnu-tools-for-stm32.9-2020-q2-update.win32_1.5.0.202011040924/tools/bin/../lib/gcc/arm-none-eabi/9.3.1/../../../../arm-none-eabi/lib/thumb/v7e-m+fp/hard\libc_nano.a(lib_a-memchr.o)
[...]
Memory Configuration

Name             Origin             Length             Attributes
RAM              0x0000000020000000 0x0000000000018000 xrw
FLASH            0x0000000008000000 0x0000000000080000 xr
*default*        0x0000000000000000 0xffffffffffffffff

Linker script and memory map

LOAD c:/st/stm32cubeide_1.6.0/stm32cubeide/plugins/com.st.stm32cube.ide.mcu.externaltools.gnu-tools-for-stm32.9-2020-q2-update.win32_1.5.0.202011040924/tools/bin/../lib/gcc/arm-none-eabi/9.3.1/thumb/v7e-m+fp/hard/crti.o
LOAD c:/st/stm32cubeide_1.6.0/stm32cubeide/plugins/com.st.stm32cube.ide.mcu.externaltools.gnu-tools-for-stm32.9-2020-q2-update.win32_1.5.0.202011040924/tools/bin/../lib/gcc/arm-none-eabi/9.3.1/thumb/v7e-m+fp/hard/crtbegin.o
LOAD c:/st/stm32cubeide_1.6.0/stm32cubeide/plugins/com.st.stm32cube.ide.mcu.externaltools.gnu-tools-for-stm32.9-2020-q2-update.win32_1.5.0.202011040924/tools/bin/../lib/gcc/arm-none-eabi/9.3.1/../../../../arm-none-eabi/lib/thumb/v7e-m+fp/hard/crt0.o
LOAD Core/LCD/Lcd_I2c.o
LOAD Core/Motor/MotorControl.o
LOAD Core/Src/main.o
LOAD Core/Src/stm32f4xx_hal_msp.o
LOAD Core/Src/stm32f4xx_it.o
LOAD Core/Src/syscalls.o
LOAD Core/Src/sysmem.o
LOAD Core/Src/system_stm32f4xx.o
LOAD Core/Startup/startup_stm32f401retx.o
LOAD Core/System/System.o
LOAD Core/Uart/UartPacket.o
LOAD Drivers/STM32F4xx_HAL_Driver/Src/stm32f4xx_hal.o
LOAD Drivers/STM32F4xx_HAL_Driver/Src/stm32f4xx_hal_cortex.o
LOAD Drivers/STM32F4xx_HAL_Driver/Src/stm32f4xx_hal_dma.o
LOAD Drivers/STM32F4xx_HAL_Driver/Src/stm32f4xx_hal_dma_ex.o
LOAD Drivers/STM32F4xx_HAL_Driver/Src/stm32f4xx_hal_exti.o
LOAD Drivers/STM32F4xx_HAL_Driver/Src/stm32f4xx_hal_flash.o
LOAD Drivers/STM32F4xx_HAL_Driver/Src/stm32f4xx_hal_flash_ex.o
LOAD Drivers/STM32F4xx_HAL_Driver/Src/stm32f4xx_hal_flash_ramfunc.o
LOAD Drivers/STM32F4xx_HAL_Driver/Src/stm32f4xx_hal_gpio.o
LOAD Drivers/STM32F4xx_HAL_Driver/Src/stm32f4xx_hal_i2c.o
LOAD Drivers/STM32F4xx_HAL_Driver/Src/stm32f4xx_hal_i2c_ex.o
LOAD Drivers/STM32F4xx_HAL_Driver/Src/stm32f4xx_hal_pwr.o
LOAD Drivers/STM32F4xx_HAL_Driver/Src/stm32f4xx_hal_pwr_ex.o
LOAD Drivers/STM32F4xx_HAL_Driver/Src/stm32f4xx_hal_rcc.o
LOAD Drivers/STM32F4xx_HAL_Driver/Src/stm32f4xx_hal_rcc_ex.o
LOAD Drivers/STM32F4xx_HAL_Driver/Src/stm32f4xx_hal_tim.o
LOAD Drivers/STM32F4xx_HAL_Driver/Src/stm32f4xx_hal_tim_ex.o
LOAD Drivers/STM32F4xx_HAL_Driver/Src/stm32f4xx_hal_uart.o
START GROUP
LOAD c:/st/stm32cubeide_1.6.0/stm32cubeide/plugins/com.st.stm32cube.ide.mcu.externaltools.gnu-tools-for-stm32.9-2020-q2-update.win32_1.5.0.202011040924/tools/bin/../lib/gcc/arm-none-eabi/9.3.1/../../../../arm-none-eabi/lib/thumb/v7e-m+fp/hard\libstdc++_nano.a
LOAD c:/st/stm32cubeide_1.6.0/stm32cubeide/plugins/com.st.stm32cube.ide.mcu.externaltools.gnu-tools-for-stm32.9-2020-q2-update.win32_1.5.0.202011040924/tools/bin/../lib/gcc/arm-none-eabi/9.3.1/../../../../arm-none-eabi/lib/thumb/v7e-m+fp/hard\libsupc++_nano.a
END GROUP
LOAD c:/st/stm32cubeide_1.6.0/stm32cubeide/plugins/com.st.stm32cube.ide.mcu.externaltools.gnu-tools-for-stm32.9-2020-q2-update.win32_1.5.0.202011040924/tools/bin/../lib/gcc/arm-none-eabi/9.3.1/../../../../arm-none-eabi/lib/thumb/v7e-m+fp/hard\libstdc++_nano.a
LOAD c:/st/stm32cubeide_1.6.0/stm32cubeide/plugins/com.st.stm32cube.ide.mcu.externaltools.gnu-tools-for-stm32.9-2020-q2-update.win32_1.5.0.202011040924/tools/bin/../lib/gcc/arm-none-eabi/9.3.1/../../../../arm-none-eabi/lib/thumb/v7e-m+fp/hard\libm.a
LOAD c:/st/stm32cubeide_1.6.0/stm32cubeide/plugins/com.st.stm32cube.ide.mcu.externaltools.gnu-tools-for-stm32.9-2020-q2-update.win32_1.5.0.202011040924/tools/bin/../lib/gcc/arm-none-eabi/9.3.1/../../../../arm-none-eabi/lib/thumb/v7e-m+fp/hard\libc_nano.a
START GROUP
LOAD c:/st/stm32cubeide_1.6.0/stm32cubeide/plugins/com.st.stm32cube.ide.mcu.externaltools.gnu-tools-for-stm32.9-2020-q2-update.win32_1.5.0.202011040924/tools/bin/../lib/gcc/arm-none-eabi/9.3.1/thumb/v7e-m+fp/hard\libgcc.a
LOAD c:/st/stm32cubeide_1.6.0/stm32cubeide/plugins/com.st.stm32cube.ide.mcu.externaltools.gnu-tools-for-stm32.9-2020-q2-update.win32_1.5.0.202011040924/tools/bin/../lib/gcc/arm-none-eabi/9.3.1/../../../../arm-none-eabi/lib/thumb/v7e-m+fp/hard\libc_nano.a
END GROUP
START GROUP
LOAD c:/st/stm32cubeide_1.6.0/stm32cubeide/plugins/com.st.stm32cube.ide.mcu.externaltools.gnu-tools-for-stm32.9-2020-q2-update.win32_1.5.0.202011040924/tools/bin/../lib/gcc/arm-none-eabi/9.3.1/thumb/v7e-m+fp/hard\libgcc.a
LOAD c:/st/stm32cubeide_1.6.0/stm32cubeide/plugins/com.st.stm32cube.ide.mcu.externaltools.gnu-tools-for-stm32.9-2020-q2-update.win32_1.5.0.202011040924/tools/bin/../lib/gcc/arm-none-eabi/9.3.1/../../../../arm-none-eabi/lib/thumb/v7e-m+fp/hard\libc_nano.a
LOAD c:/st/stm32cubeide_1.6.0/stm32cubeide/plugins/com.st.stm32cube.ide.mcu.externaltools.gnu-tools-for-stm32.9-2020-q2-update.win32_1.5.0.202011040924/tools/bin/../lib/gcc/arm-none-eabi/9.3.1/../../../../arm-none-eabi/lib/thumb/v7e-m+fp/hard\libnosys.a
END GROUP
START GROUP
LOAD c:/st/stm32cubeide_1.6.0/stm32cubeide/plugins/com.st.stm32cube.ide.mcu.externaltools.gnu-tools-for-stm32.9-2020-q2-update.win32_1.5.0.202011040924/tools/bin/../lib/gcc/arm-none-eabi/9.3.1/thumb/v7e-m+fp/hard\libgcc.a
LOAD c:/st/stm32cubeide_1.6.0/stm32cubeide/plugins/com.st.stm32cube.ide.mcu.externaltools.gnu-tools-for-stm32.9-2020-q2-update.win32_1.5.0.202011040924/tools/bin/../lib/gcc/arm-none-eabi/9.3.1/../../../../arm-none-eabi/lib/thumb/v7e-m+fp/hard\libc_nano.a
LOAD c:/st/stm32cubeide_1.6.0/stm32cubeide/plugins/com.st.stm32cube.ide.mcu.externaltools.gnu-tools-for-stm32.9-2020-q2-update.win32_1.5.0.202011040924/tools/bin/../lib/gcc/arm-none-eabi/9.3.1/../../../../arm-none-eabi/lib/thumb/v7e-m+fp/hard\libnosys.a
END GROUP
LOAD c:/st/stm32cubeide_1.6.0/stm32cubeide/plugins/com.st.stm32cube.ide.mcu.externaltools.gnu-tools-for-stm32.9-2020-q2-update.win32_1.5.0.202011040924/tools/bin/../lib/gcc/arm-none-eabi/9.3.1/thumb/v7e-m+fp/hard/crtend.o
LOAD c:/st/stm32cubeide_1.6.0/stm32cubeide/plugins/com.st.stm32cube.ide.mcu.externaltools.gnu-tools-for-stm32.9-2020-q2-update.win32_1.5.0.202011040924/tools/bin/../lib/gcc/arm-none-eabi/9.3.1/thumb/v7e-m+fp/hard/crtn.o
                0x0000000020018000                _estack = (ORIGIN (RAM) + LENGTH (RAM))
                0x0000000000000200                _Min_Heap_Size = 0x200
                0x0000000000000400                _Min_Stack_Size = 0x400

.isr_vector     0x0000000008000000      0x194
                0x0000000008000000                . = ALIGN (0x4)
 *(.isr_vector)
 .isr_vector    0x0000000008000000      0x194 Core/Startup/startup_stm32f401retx.o
                0x0000000008000000                g_pfnVectors
                0x0000000008000194                . = ALIGN (0x4)

.text           0x00000000080001a0     0x5cc4
                0x00000000080001a0                . = ALIGN (0x4)
 *(.text)
 .text          0x00000000080001a0       0x40 c:/st/stm32cubeide_1.6.0/stm32cubeide/plugins/com.st.stm32cube.ide.mcu.externaltools.gnu-tools-for-stm32.9-2020-q2-update.win32_1.5.0.202011040924/tools/bin/../lib/gcc/arm-none-eabi/9.3.1/thumb/v7e-m+fp/hard/crtbegin.o
 .text          0x00000000080001e0       0x10 c:/st/stm32cubeide_1.6.0/stm32cubeide/plugins/com.st.stm32cube.ide.mcu.externaltools.gnu-tools-for-stm32.9-2020-q2-update.win32_1.5.0.202011040924/tools/bin/../lib/gcc/arm-none-eabi/9.3.1/../../../../arm-none-eabi/lib/thumb/v7e-m+fp/hard\libc_nano.a(lib_a-strlen.o)
                0x00000000080001e0                strlen
 .text          0x00000000080001f0       0xa0 c:/st/stm32cubeide_1.6.0/stm32cubeide/plugins/com.st.stm32cube.ide.mcu.externaltools.gnu-tools-for-stm32.9-2020-q2-update.win32_1.5.0.202011040924/tools/bin/../lib/gcc/arm-none-eabi/9.3.1/../../../../arm-none-eabi/lib/thumb/v7e-m+fp/hard\libc_nano.a(lib_a-memchr.o)
                0x00000000080001f0                memchr
 .text          0x0000000008000290       0x30 c:/st/stm32cubeide_1.6.0/stm32cubeide/plugins/com.st.stm32cube.ide.mcu.externaltools.gnu-tools-for-stm32.9-2020-q2-update.win32_1.5.0.202011040924/tools/bin/../lib/gcc/arm-none-eabi/9.3.1/thumb/v7e-m+fp/hard\libgcc.a(_aeabi_uldivmod.o)
                0x0000000008000290                __aeabi_uldivmod
 .text          0x00000000080002c0      0x2c4 c:/st/stm32cubeide_1.6.0/stm32cubeide/plugins/com.st.stm32cube.ide.mcu.externaltools.gnu-tools-for-stm32.9-2020-q2-update.win32_1.5.0.202011040924/tools/bin/../lib/gcc/arm-none-eabi/9.3.1/thumb/v7e-m+fp/hard\libgcc.a(_udivmoddi4.o)
                0x00000000080002c0                __udivmoddi4
 .text          0x0000000008000584        0x4 c:/st/stm32cubeide_1.6.0/stm32cubeide/plugins/com.st.stm32cube.ide.mcu.externaltools.gnu-tools-for-stm32.9-2020-q2-update.win32_1.5.0.202011040924/tools/bin/../lib/gcc/arm-none-eabi/9.3.1/thumb/v7e-m+fp/hard\libgcc.a(_dvmd_tls.o)
                0x0000000008000584                __aeabi_idiv0
                0x0000000008000584                __aeabi_ldiv0
 *(.text*)
 .text.LCD_i2c_sendCommand
                0x0000000008000588       0x68 Core/LCD/Lcd_I2c.o
 .text.LCD_i2c_sendData
                0x00000000080005f0       0x68 Core/LCD/Lcd_I2c.o
 .text.LCD_i2c_init
                0x0000000008000658       0xd8 Core/LCD/Lcd_I2c.o
                0x0000000008000658                LCD_i2c_init
 .text.LCD_i2c_setCursor
                0x0000000008000730       0x48 Core/LCD/Lcd_I2c.o
                0x0000000008000730                LCD_i2c_setCursor
 .text.LCD_i2c_clear
                0x0000000008000778       0x14 Core/LCD/Lcd_I2c.o
                0x0000000008000778                LCD_i2c_clear
 .text.LCD_i2c_printf
                0x000000000800078c       0x60 Core/LCD/Lcd_I2c.o
                0x000000000800078c                LCD_i2c_printf
 .text.MotorControl_Init
                0x00000000080007ec       0xe8 Core/Motor/MotorControl.o
                0x00000000080007ec                MotorControl_Init
 .text.main     0x00000000080008d4       0x98 Core/Src/main.o
                0x00000000080008d4                main
 .text.SystemClock_Config
                0x000000000800096c       0xd8 Core/Src/main.o
                0x000000000800096c                SystemClock_Config
 .text.MX_I2C1_Init
                0x0000000008000a44       0x5c Core/Src/main.o
 .text.MX_TIM3_Init
                0x0000000008000aa0       0xa0 Core/Src/main.o
 .text.MX_USART2_UART_Init
                0x0000000008000b40       0x54 Core/Src/main.o
 .text.MX_DMA_Init
                0x0000000008000b94       0x40 Core/Src/main.o
 .text.MX_GPIO_Init
                0x0000000008000bd4       0xe0 Core/Src/main.o
 .text.HAL_UART_RxCpltCallback
                0x0000000008000cb4      0x1dc Core/Src/main.o
                0x0000000008000cb4                HAL_UART_RxCpltCallback
 .text.HAL_TIM_PeriodElapsedCallback
                0x0000000008000e90       0x24 Core/Src/main.o
                0x0000000008000e90                HAL_TIM_PeriodElapsedCallback
 .text.Error_Handler
                0x0000000008000eb4        0xa Core/Src/main.o
                0x0000000008000eb4                Error_Handler
 *fill*         0x0000000008000ebe        0x2 
 .text.HAL_MspInit
                0x0000000008000ec0       0x50 Core/Src/stm32f4xx_hal_msp.o
                0x0000000008000ec0                HAL_MspInit
 .text.HAL_I2C_MspInit
                0x0000000008000f10       0x90 Core/Src/stm32f4xx_hal_msp.o
                0x0000000008000f10                HAL_I2C_MspInit
 .text.HAL_TIM_Base_MspInit
                0x0000000008000fa0       0x50 Core/Src/stm32f4xx_hal_msp.o
                0x0000000008000fa0                HAL_TIM_Base_MspInit
 .text.HAL_UART_MspInit
                0x0000000008000ff0      0x104 Core/Src/stm32f4xx_hal_msp.o
                0x0000000008000ff0                HAL_UART_MspInit
 .text.NMI_Handler
                0x00000000080010f4        0x6 Core/Src/stm32f4xx_it.o
                0x00000000080010f4                NMI_Handler
 .text.HardFault_Handler
                0x00000000080010fa        0x6 Core/Src/stm32f4xx_it.o
                0x00000000080010fa                HardFault_Handler
 .text.MemManage_Handler
                0x0000000008001100        0x6 Core/Src/stm32f4xx_it.o
                0x0000000008001100                MemManage_Handler
 .text.BusFault_Handler
                0x0000000008001106        0x6 Core/Src/stm32f4xx_it.o
                0x0000000008001106                BusFault_Handler
 .text.UsageFault_Handler
                0x000000000800110c        0x6 Core/Src/stm32f4xx_it.o
                0x000000000800110c                UsageFault_Handler
 .text.SVC_Handler
                0x0000000008001112        0xe Core/Src/stm32f4xx_it.o
                0x0000000008001112                SVC_Handler
 .text.DebugMon_Handler
                0x0000000008001120        0xe Core/Src/stm32f4xx_it.o
                0x0000000008001120                DebugMon_Handler
 .text.PendSV_Handler
                0x000000000800112e        0xe Core/Src/stm32f4xx_it.o
                0x000000000800112e                PendSV_Handler
 .text.SysTick_Handler
                0x000000000800113c        0xc Core/Src/stm32f4xx_it.o
                0x000000000800113c                SysTick_Handler
 .text.DMA1_Stream5_IRQHandler
                0x0000000008001148       0x14 Core/Src/stm32f4xx_it.o
                0x0000000008001148                DMA1_Stream5_IRQHandler
 .text.TIM3_IRQHandler
                0x000000000800115c       0x14 Core/Src/stm32f4xx_it.o
                0x000000000800115c                TIM3_IRQHandler
 .text.USART2_IRQHandler
                0x0000000008001170       0x14 Core/Src/stm32f4xx_it.o
                0x0000000008001170                USART2_IRQHandler
 .text._sbrk    0x0000000008001184       0x6c Core/Src/sysmem.o
                0x0000000008001184                _sbrk
 .text.SystemInit
                0x00000000080011f0       0x24 Core/Src/system_stm32f4xx.o
                0x00000000080011f0                SystemInit
 .text.Reset_Handler
                0x0000000008001214       0x50 Core/Startup/startup_stm32f401retx.o
                0x0000000008001214                Reset_Handler
 .text.Default_Handler
                0x0000000008001264        0x2 Core/Startup/startup_stm32f401retx.o
                0x0000000008001264                RTC_Alarm_IRQHandler
                0x0000000008001264                EXTI2_IRQHandler
                0x0000000008001264                SPI4_IRQHandler
                0x0000000008001264                TIM1_CC_IRQHandler
                0x0000000008001264                DMA2_Stream5_IRQHandler
                0x0000000008001264                PVD_IRQHandler
                0x0000000008001264                SDIO_IRQHandler
                0x0000000008001264                TAMP_STAMP_IRQHandler
                0x0000000008001264                EXTI3_IRQHandler
                0x0000000008001264                TIM1_UP_TIM10_IRQHandler
                0x0000000008001264                I2C3_ER_IRQHandler
                0x0000000008001264                EXTI0_IRQHandler
                0x0000000008001264                I2C2_EV_IRQHandler
                0x0000000008001264                DMA1_Stream2_IRQHandler
                0x0000000008001264                FPU_IRQHandler
                0x0000000008001264                DMA2_Stream2_IRQHandler
                0x0000000008001264                SPI1_IRQHandler
                0x0000000008001264                TIM1_BRK_TIM9_IRQHandler
                0x0000000008001264                DMA2_Stream3_IRQHandler
                0x0000000008001264                USART6_IRQHandler
                0x0000000008001264                DMA2_Stream0_IRQHandler
                0x0000000008001264                TIM4_IRQHandler
                0x0000000008001264                I2C1_EV_IRQHandler
                0x0000000008001264                DMA1_Stream6_IRQHandler
                0x0000000008001264                DMA1_Stream1_IRQHandler
                0x0000000008001264                RCC_IRQHandler
                0x0000000008001264                Default_Handler
                0x0000000008001264                EXTI15_10_IRQHandler
                0x0000000008001264                ADC_IRQHandler
                0x0000000008001264                DMA1_Stream7_IRQHandler
                0x0000000008001264                TIM5_IRQHandler
                0x0000000008001264                DMA2_Stream7_IRQHandler
                0x0000000008001264                I2C3_EV_IRQHandler
                0x0000000008001264                EXTI9_5_IRQHandler
                0x0000000008001264                RTC_WKUP_IRQHandler
                0x0000000008001264                SPI2_IRQHandler
                0x0000000008001264                DMA1_Stream0_IRQHandler
                0x0000000008001264                EXTI4_IRQHandler
                0x0000000008001264                WWDG_IRQHandler
                0x0000000008001264                TIM2_IRQHandler
                0x0000000008001264                OTG_FS_WKUP_IRQHandler
                0x0000000008001264                TIM1_TRG_COM_TIM11_IRQHandler
                0x0000000008001264                EXTI1_IRQHandler
                0x0000000008001264                I2C2_ER_IRQHandler
                0x0000000008001264                DMA2_Stream1_IRQHandler
                0x0000000008001264                FLASH_IRQHandler
                0x0000000008001264                DMA2_Stream4_IRQHandler
                0x0000000008001264                USART1_IRQHandler
                0x0000000008001264                OTG_FS_IRQHandler
                0x0000000008001264                SPI3_IRQHandler
                0x0000000008001264                DMA1_Stream4_IRQHandler
                0x0000000008001264                I2C1_ER_IRQHandler
                0x0000000008001264                DMA2_Stream6_IRQHandler
                0x0000000008001264                DMA1_Stream3_IRQHandler
 *fill*         0x0000000008001266        0x2 
 .text.System_Init
                0x0000000008001268       0xd4 Core/System/System.o
                0x0000000008001268                System_Init
 .text.System_TimerManager
                0x000000000800133c       0xa4 Core/System/System.o
                0x000000000800133c                System_TimerManager
 .text.System_Scheduler
                0x00000000080013e0       0x68 Core/System/System.o
                0x00000000080013e0                System_Scheduler
 .text.System_GetConnectInfo
                0x0000000008001448       0x18 Core/System/System.o
                0x0000000008001448                System_GetConnectInfo
 .text.System_SetConnectInfo
                0x0000000008001460       0x20 Core/System/System.o
                0x0000000008001460                System_SetConnectInfo
 .text.System_1ms_Task
                0x0000000008001480        0xe Core/System/System.o
                0x0000000008001480                System_1ms_Task
 .text.System_10ms_Task_1ms_Offset
                0x000000000800148e        0xe Core/System/System.o
                0x000000000800148e                System_10ms_Task_1ms_Offset
 .text.System_10ms_Task_6ms_Offset
                0x000000000800149c        0xe Core/System/System.o
                0x000000000800149c                System_10ms_Task_6ms_Offset
 .text.System_100ms_Task_2ms_Offset
                0x00000000080014aa        0xc Core/System/System.o
                0x00000000080014aa                System_100ms_Task_2ms_Offset
 .text.System_100ms_Task_52ms_Offset
                0x00000000080014b6        0xe Core/System/System.o
                0x00000000080014b6                System_100ms_Task_52ms_Offset
 .text.System_1s_Task_3ms_Offset
                0x00000000080014c4       0x14 Core/System/System.o
                0x00000000080014c4                System_1s_Task_3ms_Offset
 .text.__NVIC_SystemReset
                0x00000000080014d8       0x2c Core/Uart/UartPacket.o
 .text.UartPacket_Init
                0x0000000008001504       0x84 Core/Uart/UartPacket.o
                0x0000000008001504                UartPacket_Init
 .text.UartPacket_Connecting
                0x0000000008001588       0xc8 Core/Uart/UartPacket.o
                0x0000000008001588                UartPacket_Connecting
 .text.UartPacket_CheckConnection
                0x0000000008001650       0x8c Core/Uart/UartPacket.o
                0x0000000008001650                UartPacket_CheckConnection
 .text.UartPacket_CreateChecksum
                0x00000000080016dc       0x5c Core/Uart/UartPacket.o
                0x00000000080016dc                UartPacket_CreateChecksum
 .text.UartPacket_CheckChecksum
                0x0000000008001738       0x52 Core/Uart/UartPacket.o
                0x0000000008001738                UartPacket_CheckChecksum
 *fill*         0x000000000800178a        0x2 
 .text.UartPacket_RxTask
                0x000000000800178c      0x208 Core/Uart/UartPacket.o
                0x000000000800178c                UartPacket_RxTask
 .text.UartPacket_TxTask
                0x0000000008001994       0x90 Core/Uart/UartPacket.o
                0x0000000008001994                UartPacket_TxTask
 .text.UartPacket_QueueEmpty
                0x0000000008001a24       0x2a Core/Uart/UartPacket.o
                0x0000000008001a24                UartPacket_QueueEmpty
 *fill*         0x0000000008001a4e        0x2 
 .text.UartPacket_QueueFull
                0x0000000008001a50       0x48 Core/Uart/UartPacket.o
                0x0000000008001a50                UartPacket_QueueFull
 .text.UartPacket_QueuePush
                0x0000000008001a98       0x94 Core/Uart/UartPacket.o
                0x0000000008001a98                UartPacket_QueuePush
 .text.UartPacket_QueuePop
                0x0000000008001b2c       0x94 Core/Uart/UartPacket.o
                0x0000000008001b2c                UartPacket_QueuePop
 .text.HAL_Init
                0x0000000008001bc0       0x44 Drivers/STM32F4xx_HAL_Driver/Src/stm32f4xx_hal.o
                0x0000000008001bc0                HAL_Init
 .text.HAL_InitTick
                0x0000000008001c04       0x60 Drivers/STM32F4xx_HAL_Driver/Src/stm32f4xx_hal.o
                0x0000000008001c04                HAL_InitTick
 .text.HAL_IncTick
                0x0000000008001c64       0x28 Drivers/STM32F4xx_HAL_Driver/Src/stm32f4xx_hal.o
                0x0000000008001c64                HAL_IncTick
 .text.HAL_GetTick
                0x0000000008001c8c       0x18 Drivers/STM32F4xx_HAL_Driver/Src/stm32f4xx_hal.o
                0x0000000008001c8c                HAL_GetTick
 .text.HAL_Delay
                0x0000000008001ca4       0x48 Drivers/STM32F4xx_HAL_Driver/Src/stm32f4xx_hal.o
                0x0000000008001ca4                HAL_Delay
 .text.__NVIC_SetPriorityGrouping
                0x0000000008001cec       0x48 Drivers/STM32F4xx_HAL_Driver/Src/stm32f4xx_hal_cortex.o
 .text.__NVIC_GetPriorityGrouping
                0x0000000008001d34       0x1c Drivers/STM32F4xx_HAL_Driver/Src/stm32f4xx_hal_cortex.o
 .text.__NVIC_EnableIRQ
                0x0000000008001d50       0x3c Drivers/STM32F4xx_HAL_Driver/Src/stm32f4xx_hal_cortex.o
 .text.__NVIC_SetPriority
                0x0000000008001d8c       0x54 Drivers/STM32F4xx_HAL_Driver/Src/stm32f4xx_hal_cortex.o
 .text.NVIC_EncodePriority
                0x0000000008001de0       0x66 Drivers/STM32F4xx_HAL_Driver/Src/stm32f4xx_hal_cortex.o
 *fill*         0x0000000008001e46        0x2 
 .text.SysTick_Config
                0x0000000008001e48       0x44 Drivers/STM32F4xx_HAL_Driver/Src/stm32f4xx_hal_cortex.o
 .text.HAL_NVIC_SetPriorityGrouping
                0x0000000008001e8c       0x16 Drivers/STM32F4xx_HAL_Driver/Src/stm32f4xx_hal_cortex.o
                0x0000000008001e8c                HAL_NVIC_SetPriorityGrouping
 .text.HAL_NVIC_SetPriority
                0x0000000008001ea2       0x38 Drivers/STM32F4xx_HAL_Driver/Src/stm32f4xx_hal_cortex.o
                0x0000000008001ea2                HAL_NVIC_SetPriority
 .text.HAL_NVIC_EnableIRQ
                0x0000000008001eda       0x1c Drivers/STM32F4xx_HAL_Driver/Src/stm32f4xx_hal_cortex.o
                0x0000000008001eda                HAL_NVIC_EnableIRQ
 .text.HAL_SYSTICK_Config
                0x0000000008001ef6       0x18 Drivers/STM32F4xx_HAL_Driver/Src/stm32f4xx_hal_cortex.o
                0x0000000008001ef6                HAL_SYSTICK_Config
 *fill*         0x0000000008001f0e        0x2 
 .text.HAL_DMA_Init
                0x0000000008001f10      0x15c Drivers/STM32F4xx_HAL_Driver/Src/stm32f4xx_hal_dma.o
                0x0000000008001f10                HAL_DMA_Init
 .text.HAL_DMA_Start_IT
                0x000000000800206c       0xb0 Drivers/STM32F4xx_HAL_Driver/Src/stm32f4xx_hal_dma.o
                0x000000000800206c                HAL_DMA_Start_IT
 .text.HAL_DMA_Abort
                0x000000000800211c       0xe0 Drivers/STM32F4xx_HAL_Driver/Src/stm32f4xx_hal_dma.o
                0x000000000800211c                HAL_DMA_Abort
 .text.HAL_DMA_Abort_IT
                0x00000000080021fc       0x44 Drivers/STM32F4xx_HAL_Driver/Src/stm32f4xx_hal_dma.o
                0x00000000080021fc                HAL_DMA_Abort_IT
 .text.HAL_DMA_IRQHandler
                0x0000000008002240      0x314 Drivers/STM32F4xx_HAL_Driver/Src/stm32f4xx_hal_dma.o
                0x0000000008002240                HAL_DMA_IRQHandler
 .text.DMA_SetConfig
                0x0000000008002554       0x5c Drivers/STM32F4xx_HAL_Driver/Src/stm32f4xx_hal_dma.o
 .text.DMA_CalcBaseAndBitshift
                0x00000000080025b0       0x6c Drivers/STM32F4xx_HAL_Driver/Src/stm32f4xx_hal_dma.o
 .text.DMA_CheckFifoParam
                0x000000000800261c       0xf8 Drivers/STM32F4xx_HAL_Driver/Src/stm32f4xx_hal_dma.o
 .text.HAL_GPIO_Init
                0x0000000008002714      0x308 Drivers/STM32F4xx_HAL_Driver/Src/stm32f4xx_hal_gpio.o
                0x0000000008002714                HAL_GPIO_Init
 .text.HAL_GPIO_WritePin
                0x0000000008002a1c       0x32 Drivers/STM32F4xx_HAL_Driver/Src/stm32f4xx_hal_gpio.o
                0x0000000008002a1c                HAL_GPIO_WritePin
 .text.HAL_GPIO_TogglePin
                0x0000000008002a4e       0x34 Drivers/STM32F4xx_HAL_Driver/Src/stm32f4xx_hal_gpio.o
                0x0000000008002a4e                HAL_GPIO_TogglePin
 *fill*         0x0000000008002a82        0x2 
 .text.HAL_I2C_Init
                0x0000000008002a84      0x288 Drivers/STM32F4xx_HAL_Driver/Src/stm32f4xx_hal_i2c.o
                0x0000000008002a84                HAL_I2C_Init
 .text.HAL_I2C_Master_Transmit
                0x0000000008002d0c      0x1fc Drivers/STM32F4xx_HAL_Driver/Src/stm32f4xx_hal_i2c.o
                0x0000000008002d0c                HAL_I2C_Master_Transmit
 .text.HAL_I2C_IsDeviceReady
                0x0000000008002f08      0x25c Drivers/STM32F4xx_HAL_Driver/Src/stm32f4xx_hal_i2c.o
                0x0000000008002f08                HAL_I2C_IsDeviceReady
 .text.I2C_MasterRequestWrite
                0x0000000008003164      0x104 Drivers/STM32F4xx_HAL_Driver/Src/stm32f4xx_hal_i2c.o
 .text.I2C_WaitOnFlagUntilTimeout
                0x0000000008003268       0xae Drivers/STM32F4xx_HAL_Driver/Src/stm32f4xx_hal_i2c.o
 .text.I2C_WaitOnMasterAddressFlagUntilTimeout
                0x0000000008003316       0xfe Drivers/STM32F4xx_HAL_Driver/Src/stm32f4xx_hal_i2c.o
 .text.I2C_WaitOnTXEFlagUntilTimeout
                0x0000000008003414       0x82 Drivers/STM32F4xx_HAL_Driver/Src/stm32f4xx_hal_i2c.o
 .text.I2C_WaitOnBTFFlagUntilTimeout
                0x0000000008003496       0x82 Drivers/STM32F4xx_HAL_Driver/Src/stm32f4xx_hal_i2c.o
 .text.I2C_IsAcknowledgeFailed
                0x0000000008003518       0x5e Drivers/STM32F4xx_HAL_Driver/Src/stm32f4xx_hal_i2c.o
 *fill*         0x0000000008003576        0x2 
 .text.HAL_RCC_OscConfig
                0x0000000008003578      0x4f0 Drivers/STM32F4xx_HAL_Driver/Src/stm32f4xx_hal_rcc.o
                0x0000000008003578                HAL_RCC_OscConfig
 .text.HAL_RCC_ClockConfig
                0x0000000008003a68      0x1cc Drivers/STM32F4xx_HAL_Driver/Src/stm32f4xx_hal_rcc.o
                0x0000000008003a68                HAL_RCC_ClockConfig
 .text.HAL_RCC_GetSysClockFreq
                0x0000000008003c34      0x1c4 Drivers/STM32F4xx_HAL_Driver/Src/stm32f4xx_hal_rcc.o
                0x0000000008003c34                HAL_RCC_GetSysClockFreq
 .text.HAL_RCC_GetHCLKFreq
                0x0000000008003df8       0x18 Drivers/STM32F4xx_HAL_Driver/Src/stm32f4xx_hal_rcc.o
                0x0000000008003df8                HAL_RCC_GetHCLKFreq
 .text.HAL_RCC_GetPCLK1Freq
                0x0000000008003e10       0x28 Drivers/STM32F4xx_HAL_Driver/Src/stm32f4xx_hal_rcc.o
                0x0000000008003e10                HAL_RCC_GetPCLK1Freq
 .text.HAL_RCC_GetPCLK2Freq
                0x0000000008003e38       0x28 Drivers/STM32F4xx_HAL_Driver/Src/stm32f4xx_hal_rcc.o
                0x0000000008003e38                HAL_RCC_GetPCLK2Freq
 .text.HAL_TIM_Base_Init
                0x0000000008003e60       0x9e Drivers/STM32F4xx_HAL_Driver/Src/stm32f4xx_hal_tim.o
                0x0000000008003e60                HAL_TIM_Base_Init
 *fill*         0x0000000008003efe        0x2 
 .text.HAL_TIM_Base_Start_IT
                0x0000000008003f00       0xc4 Drivers/STM32F4xx_HAL_Driver/Src/stm32f4xx_hal_tim.o
                0x0000000008003f00                HAL_TIM_Base_Start_IT
 .text.HAL_TIM_IRQHandler
                0x0000000008003fc4      0x210 Drivers/STM32F4xx_HAL_Driver/Src/stm32f4xx_hal_tim.o
                0x0000000008003fc4                HAL_TIM_IRQHandler
 .text.HAL_TIM_SlaveConfigSynchro
                0x00000000080041d4       0x84 Drivers/STM32F4xx_HAL_Driver/Src/stm32f4xx_hal_tim.o
                0x00000000080041d4                HAL_TIM_SlaveConfigSynchro
 .text.HAL_TIM_OC_DelayElapsedCallback
                0x0000000008004258       0x14 Drivers/STM32F4xx_HAL_Driver/Src/stm32f4xx_hal_tim.o
                0x0000000008004258                HAL_TIM_OC_DelayElapsedCallback
 .text.HAL_TIM_IC_CaptureCallback
                0x000000000800426c       0x14 Drivers/STM32F4xx_HAL_Driver/Src/stm32f4xx_hal_tim.o
                0x000000000800426c                HAL_TIM_IC_CaptureCallback
 .text.HAL_TIM_PWM_PulseFinishedCallback
                0x0000000008004280       0x14 Drivers/STM32F4xx_HAL_Driver/Src/stm32f4xx_hal_tim.o
                0x0000000008004280                HAL_TIM_PWM_PulseFinishedCallback
 .text.HAL_TIM_TriggerCallback
                0x0000000008004294       0x14 Drivers/STM32F4xx_HAL_Driver/Src/stm32f4xx_hal_tim.o
                0x0000000008004294                HAL_TIM_TriggerCallback
 .text.TIM_Base_SetConfig
                0x00000000080042a8      0x100 Drivers/STM32F4xx_HAL_Driver/Src/stm32f4xx_hal_tim.o
                0x00000000080042a8                TIM_Base_SetConfig
 .text.TIM_SlaveTimer_SetConfig
                0x00000000080043a8      0x11c Drivers/STM32F4xx_HAL_Driver/Src/stm32f4xx_hal_tim.o
 .text.TIM_TI1_ConfigInputStage
                0x00000000080044c4       0x5e Drivers/STM32F4xx_HAL_Driver/Src/stm32f4xx_hal_tim.o
 .text.TIM_TI2_ConfigInputStage
                0x0000000008004522       0x60 Drivers/STM32F4xx_HAL_Driver/Src/stm32f4xx_hal_tim.o
 .text.TIM_ETR_SetConfig
                0x0000000008004582       0x40 Drivers/STM32F4xx_HAL_Driver/Src/stm32f4xx_hal_tim.o
                0x0000000008004582                TIM_ETR_SetConfig
 *fill*         0x00000000080045c2        0x2 
 .text.HAL_TIMEx_MasterConfigSynchronization
                0x00000000080045c4       0xdc Drivers/STM32F4xx_HAL_Driver/Src/stm32f4xx_hal_tim_ex.o
                0x00000000080045c4                HAL_TIMEx_MasterConfigSynchronization
 .text.HAL_TIMEx_CommutCallback
                0x00000000080046a0       0x14 Drivers/STM32F4xx_HAL_Driver/Src/stm32f4xx_hal_tim_ex.o
                0x00000000080046a0                HAL_TIMEx_CommutCallback
 .text.HAL_TIMEx_BreakCallback
                0x00000000080046b4       0x14 Drivers/STM32F4xx_HAL_Driver/Src/stm32f4xx_hal_tim_ex.o
                0x00000000080046b4                HAL_TIMEx_BreakCallback
 .text.HAL_UART_Init
                0x00000000080046c8       0x9a Drivers/STM32F4xx_HAL_Driver/Src/stm32f4xx_hal_uart.o
                0x00000000080046c8                HAL_UART_Init
 .text.HAL_UART_Transmit
                0x0000000008004762      0x124 Drivers/STM32F4xx_HAL_Driver/Src/stm32f4xx_hal_uart.o
                0x0000000008004762                HAL_UART_Transmit
 .text.HAL_UART_Receive_DMA
                0x0000000008004886       0x60 Drivers/STM32F4xx_HAL_Driver/Src/stm32f4xx_hal_uart.o
                0x0000000008004886                HAL_UART_Receive_DMA
 *fill*         0x00000000080048e6        0x2 
 .text.HAL_UART_IRQHandler
                0x00000000080048e8      0x358 Drivers/STM32F4xx_HAL_Driver/Src/stm32f4xx_hal_uart.o
                0x00000000080048e8                HAL_UART_IRQHandler
 .text.HAL_UART_TxCpltCallback
                0x0000000008004c40       0x14 Drivers/STM32F4xx_HAL_Driver/Src/stm32f4xx_hal_uart.o
                0x0000000008004c40                HAL_UART_TxCpltCallback
 .text.HAL_UART_RxHalfCpltCallback
                0x0000000008004c54       0x14 Drivers/STM32F4xx_HAL_Driver/Src/stm32f4xx_hal_uart.o
                0x0000000008004c54                HAL_UART_RxHalfCpltCallback
 .text.HAL_UART_ErrorCallback
                0x0000000008004c68       0x14 Drivers/STM32F4xx_HAL_Driver/Src/stm32f4xx_hal_uart.o
                0x0000000008004c68                HAL_UART_ErrorCallback
 .text.HAL_UARTEx_RxEventCallback
                0x0000000008004c7c       0x18 Drivers/STM32F4xx_HAL_Driver/Src/stm32f4xx_hal_uart.o
                0x0000000008004c7c                HAL_UARTEx_RxEventCallback
 .text.UART_DMAReceiveCplt
                0x0000000008004c94       0x96 Drivers/STM32F4xx_HAL_Driver/Src/stm32f4xx_hal_uart.o
 .text.UART_DMARxHalfCplt
                0x0000000008004d2a       0x36 Drivers/STM32F4xx_HAL_Driver/Src/stm32f4xx_hal_uart.o
 .text.UART_DMAError
                0x0000000008004d60       0x94 Drivers/STM32F4xx_HAL_Driver/Src/stm32f4xx_hal_uart.o
 .text.UART_WaitOnFlagUntilTimeout
                0x0000000008004df4       0x94 Drivers/STM32F4xx_HAL_Driver/Src/stm32f4xx_hal_uart.o
 .text.UART_Start_Receive_DMA
                0x0000000008004e88       0xc8 Drivers/STM32F4xx_HAL_Driver/Src/stm32f4xx_hal_uart.o
                0x0000000008004e88                UART_Start_Receive_DMA
 .text.UART_EndTxTransfer
                0x0000000008004f50       0x2c Drivers/STM32F4xx_HAL_Driver/Src/stm32f4xx_hal_uart.o
 .text.UART_EndRxTransfer
                0x0000000008004f7c       0x5a Drivers/STM32F4xx_HAL_Driver/Src/stm32f4xx_hal_uart.o
 .text.UART_DMAAbortOnError
                0x0000000008004fd6       0x28 Drivers/STM32F4xx_HAL_Driver/Src/stm32f4xx_hal_uart.o
 .text.UART_Transmit_IT
                0x0000000008004ffe       0xa0 Drivers/STM32F4xx_HAL_Driver/Src/stm32f4xx_hal_uart.o
 .text.UART_EndTransmit_IT
                0x000000000800509e       0x30 Drivers/STM32F4xx_HAL_Driver/Src/stm32f4xx_hal_uart.o
 .text.UART_Receive_IT
                0x00000000080050ce      0x12e Drivers/STM32F4xx_HAL_Driver/Src/stm32f4xx_hal_uart.o
 .text.UART_SetConfig
                0x00000000080051fc      0x390 Drivers/STM32F4xx_HAL_Driver/Src/stm32f4xx_hal_uart.o
 .text.__errno  0x000000000800558c        0xc c:/st/stm32cubeide_1.6.0/stm32cubeide/plugins/com.st.stm32cube.ide.mcu.externaltools.gnu-tools-for-stm32.9-2020-q2-update.win32_1.5.0.202011040924/tools/bin/../lib/gcc/arm-none-eabi/9.3.1/../../../../arm-none-eabi/lib/thumb/v7e-m+fp/hard\libc_nano.a(lib_a-errno.o)
                0x000000000800558c                __errno
 .text.__libc_init_array
                0x0000000008005598       0x48 c:/st/stm32cubeide_1.6.0/stm32cubeide/plugins/com.st.stm32cube.ide.mcu.externaltools.gnu-tools-for-stm32.9-2020-q2-update.win32_1.5.0.202011040924/tools/bin/../lib/gcc/arm-none-eabi/9.3.1/../../../../arm-none-eabi/lib/thumb/v7e-m+fp/hard\libc_nano.a(lib_a-init.o)
                0x0000000008005598                __libc_init_array
 .text.memset   0x00000000080055e0       0x10 c:/st/stm32cubeide_1.6.0/stm32cubeide/plugins/com.st.stm32cube.ide.mcu.externaltools.gnu-tools-for-stm32.9-2020-q2-update.win32_1.5.0.202011040924/tools/bin/../lib/gcc/arm-none-eabi/9.3.1/../../../../arm-none-eabi/lib/thumb/v7e-m+fp/hard\libc_nano.a(lib_a-memset.o)
                0x00000000080055e0                memset
 .text._vsprintf_r
                0x00000000080055f0       0x2c c:/st/stm32cubeide_1.6.0/stm32cubeide/plugins/com.st.stm32cube.ide.mcu.externaltools.gnu-tools-for-stm32.9-2020-q2-update.win32_1.5.0.202011040924/tools/bin/../lib/gcc/arm-none-eabi/9.3.1/../../../../arm-none-eabi/lib/thumb/v7e-m+fp/hard\libc_nano.a(lib_a-vsprintf.o)
                0x00000000080055f0                _vsprintf_r
                0x00000000080055f0                _vsiprintf_r
 .text.vsprintf
                0x000000000800561c       0x14 c:/st/stm32cubeide_1.6.0/stm32cubeide/plugins/com.st.stm32cube.ide.mcu.externaltools.gnu-tools-for-stm32.9-2020-q2-update.win32_1.5.0.202011040924/tools/bin/../lib/gcc/arm-none-eabi/9.3.1/../../../../arm-none-eabi/lib/thumb/v7e-m+fp/hard\libc_nano.a(lib_a-vsprintf.o)
                0x000000000800561c                vsiprintf
                0x000000000800561c                vsprintf
 .text.__ssputs_r
                0x0000000008005630       0xb6 c:/st/stm32cubeide_1.6.0/stm32cubeide/plugins/com.st.stm32cube.ide.mcu.externaltools.gnu-tools-for-stm32.9-2020-q2-update.win32_1.5.0.202011040924/tools/bin/../lib/gcc/arm-none-eabi/9.3.1/../../../../arm-none-eabi/lib/thumb/v7e-m+fp/hard\libc_nano.a(lib_a-nano-svfprintf.o)
                0x0000000008005630                __ssputs_r
 *fill*         0x00000000080056e6        0x2 
 .text._svfprintf_r
                0x00000000080056e8      0x200 c:/st/stm32cubeide_1.6.0/stm32cubeide/plugins/com.st.stm32cube.ide.mcu.externaltools.gnu-tools-for-stm32.9-2020-q2-update.win32_1.5.0.202011040924/tools/bin/../lib/gcc/arm-none-eabi/9.3.1/../../../../arm-none-eabi/lib/thumb/v7e-m+fp/hard\libc_nano.a(lib_a-nano-svfprintf.o)
                0x00000000080056e8                _svfiprintf_r
                0x00000000080056e8                _svfprintf_r
 .text._printf_common
                0x00000000080058e8       0xda c:/st/stm32cubeide_1.6.0/stm32cubeide/plugins/com.st.stm32cube.ide.mcu.externaltools.gnu-tools-for-stm32.9-2020-q2-update.win32_1.5.0.202011040924/tools/bin/../lib/gcc/arm-none-eabi/9.3.1/../../../../arm-none-eabi/lib/thumb/v7e-m+fp/hard\libc_nano.a(lib_a-nano-vfprintf_i.o)
                0x00000000080058e8                _printf_common
 *fill*         0x00000000080059c2        0x2 
 .text._printf_i
                0x00000000080059c4      0x24c c:/st/stm32cubeide_1.6.0/stm32cubeide/plugins/com.st.stm32cube.ide.mcu.externaltools.gnu-tools-for-stm32.9-2020-q2-update.win32_1.5.0.202011040924/tools/bin/../lib/gcc/arm-none-eabi/9.3.1/../../../../arm-none-eabi/lib/thumb/v7e-m+fp/hard\libc_nano.a(lib_a-nano-vfprintf_i.o)
                0x00000000080059c4                _printf_i
 .text.memcpy   0x0000000008005c10       0x1c c:/st/stm32cubeide_1.6.0/stm32cubeide/plugins/com.st.stm32cube.ide.mcu.externaltools.gnu-tools-for-stm32.9-2020-q2-update.win32_1.5.0.202011040924/tools/bin/../lib/gcc/arm-none-eabi/9.3.1/../../../../arm-none-eabi/lib/thumb/v7e-m+fp/hard\libc_nano.a(lib_a-memcpy-stub.o)
                0x0000000008005c10                memcpy
 .text.memmove  0x0000000008005c2c       0x34 c:/st/stm32cubeide_1.6.0/stm32cubeide/plugins/com.st.stm32cube.ide.mcu.externaltools.gnu-tools-for-stm32.9-2020-q2-update.win32_1.5.0.202011040924/tools/bin/../lib/gcc/arm-none-eabi/9.3.1/../../../../arm-none-eabi/lib/thumb/v7e-m+fp/hard\libc_nano.a(lib_a-memmove.o)
                0x0000000008005c2c                memmove
 .text._free_r  0x0000000008005c60       0xa0 c:/st/stm32cubeide_1.6.0/stm32cubeide/plugins/com.st.stm32cube.ide.mcu.externaltools.gnu-tools-for-stm32.9-2020-q2-update.win32_1.5.0.202011040924/tools/bin/../lib/gcc/arm-none-eabi/9.3.1/../../../../arm-none-eabi/lib/thumb/v7e-m+fp/hard\libc_nano.a(lib_a-nano-freer.o)
                0x0000000008005c60                _free_r
 .text._malloc_r
                0x0000000008005d00       0xb4 c:/st/stm32cubeide_1.6.0/stm32cubeide/plugins/com.st.stm32cube.ide.mcu.externaltools.gnu-tools-for-stm32.9-2020-q2-update.win32_1.5.0.202011040924/tools/bin/../lib/gcc/arm-none-eabi/9.3.1/../../../../arm-none-eabi/lib/thumb/v7e-m+fp/hard\libc_nano.a(lib_a-nano-mallocr.o)
                0x0000000008005d00                _malloc_r
 .text._realloc_r
                0x0000000008005db4       0x4c c:/st/stm32cubeide_1.6.0/stm32cubeide/plugins/com.st.stm32cube.ide.mcu.externaltools.gnu-tools-for-stm32.9-2020-q2-update.win32_1.5.0.202011040924/tools/bin/../lib/gcc/arm-none-eabi/9.3.1/../../../../arm-none-eabi/lib/thumb/v7e-m+fp/hard\libc_nano.a(lib_a-nano-reallocr.o)
                0x0000000008005db4                _realloc_r
 .text._sbrk_r  0x0000000008005e00       0x20 c:/st/stm32cubeide_1.6.0/stm32cubeide/plugins/com.st.stm32cube.ide.mcu.externaltools.gnu-tools-for-stm32.9-2020-q2-update.win32_1.5.0.202011040924/tools/bin/../lib/gcc/arm-none-eabi/9.3.1/../../../../arm-none-eabi/lib/thumb/v7e-m+fp/hard\libc_nano.a(lib_a-sbrkr.o)
                0x0000000008005e00                _sbrk_r
 .text.__malloc_lock
                0x0000000008005e20        0xc c:/st/stm32cubeide_1.6.0/stm32cubeide/plugins/com.st.stm32cube.ide.mcu.externaltools.gnu-tools-for-stm32.9-2020-q2-update.win32_1.5.0.202011040924/tools/bin/../lib/gcc/arm-none-eabi/9.3.1/../../../../arm-none-eabi/lib/thumb/v7e-m+fp/hard\libc_nano.a(lib_a-mlock.o)
                0x0000000008005e20                __malloc_lock
 .text.__malloc_unlock
                0x0000000008005e2c        0xc c:/st/stm32cubeide_1.6.0/stm32cubeide/plugins/com.st.stm32cube.ide.mcu.externaltools.gnu-tools-for-stm32.9-2020-q2-update.win32_1.5.0.202011040924/tools/bin/../lib/gcc/arm-none-eabi/9.3.1/../../../../arm-none-eabi/lib/thumb/v7e-m+fp/hard\libc_nano.a(lib_a-mlock.o)
                0x0000000008005e2c                __malloc_unlock
 .text._malloc_usable_size_r
                0x0000000008005e38       0x10 c:/st/stm32cubeide_1.6.0/stm32cubeide/plugins/com.st.stm32cube.ide.mcu.externaltools.gnu-tools-for-stm32.9-2020-q2-update.win32_1.5.0.202011040924/tools/bin/../lib/gcc/arm-none-eabi/9.3.1/../../../../arm-none-eabi/lib/thumb/v7e-m+fp/hard\libc_nano.a(lib_a-nano-msizer.o)
                0x0000000008005e38                _malloc_usable_size_r
 .text.__retarget_lock_acquire_recursive
                0x0000000008005e48        0x2 c:/st/stm32cubeide_1.6.0/stm32cubeide/plugins/com.st.stm32cube.ide.mcu.externaltools.gnu-tools-for-stm32.9-2020-q2-update.win32_1.5.0.202011040924/tools/bin/../lib/gcc/arm-none-eabi/9.3.1/../../../../arm-none-eabi/lib/thumb/v7e-m+fp/hard\libc_nano.a(lib_a-lock.o)
                0x0000000008005e48                __retarget_lock_acquire_recursive
 .text.__retarget_lock_release_recursive
                0x0000000008005e4a        0x2 c:/st/stm32cubeide_1.6.0/stm32cubeide/plugins/com.st.stm32cube.ide.mcu.externaltools.gnu-tools-for-stm32.9-2020-q2-update.win32_1.5.0.202011040924/tools/bin/../lib/gcc/arm-none-eabi/9.3.1/../../../../arm-none-eabi/lib/thumb/v7e-m+fp/hard\libc_nano.a(lib_a-lock.o)
                0x0000000008005e4a                __retarget_lock_release_recursive
 *(.glue_7)
 .glue_7        0x0000000008005e4c        0x0 linker stubs
 *(.glue_7t)
 .glue_7t       0x0000000008005e4c        0x0 linker stubs
 *(.eh_frame)
 .eh_frame      0x0000000008005e4c        0x0 c:/st/stm32cubeide_1.6.0/stm32cubeide/plugins/com.st.stm32cube.ide.mcu.externaltools.gnu-tools-for-stm32.9-2020-q2-update.win32_1.5.0.202011040924/tools/bin/../lib/gcc/arm-none-eabi/9.3.1/thumb/v7e-m+fp/hard/crtbegin.o
 *(.init)
 .init          0x0000000008005e4c        0x4 c:/st/stm32cubeide_1.6.0/stm32cubeide/plugins/com.st.stm32cube.ide.mcu.externaltools.gnu-tools-for-stm32.9-2020-q2-update.win32_1.5.0.202011040924/tools/bin/../lib/gcc/arm-none-eabi/9.3.1/thumb/v7e-m+fp/hard/crti.o
                0x0000000008005e4c                _init
 .init          0x0000000008005e50        0x8 c:/st/stm32cubeide_1.6.0/stm32cubeide/plugins/com.st.stm32cube.ide.mcu.externaltools.gnu-tools-for-stm32.9-2020-q2-update.win32_1.5.0.202011040924/tools/bin/../lib/gcc/arm-none-eabi/9.3.1/thumb/v7e-m+fp/hard/crtn.o
 *(.fini)
 .fini          0x0000000008005e58        0x4 c:/st/stm32cubeide_1.6.0/stm32cubeide/plugins/com.st.stm32cube.ide.mcu.externaltools.gnu-tools-for-stm32.9-2020-q2-update.win32_1.5.0.202011040924/tools/bin/../lib/gcc/arm-none-eabi/9.3.1/thumb/v7e-m+fp/hard/crti.o
                0x0000000008005e58                _fini
 .fini          0x0000000008005e5c        0x8 c:/st/stm32cubeide_1.6.0/stm32cubeide/plugins/com.st.stm32cube.ide.mcu.externaltools.gnu-tools-for-stm32.9-2020-q2-update.win32_1.5.0.202011040924/tools/bin/../lib/gcc/arm-none-eabi/9.3.1/thumb/v7e-m+fp/hard/crtn.o
                0x0000000008005e64                . = ALIGN (0x4)
                0x0000000008005e64                _etext = .

.vfp11_veneer   0x0000000008005e64        0x0
 .vfp11_veneer  0x0000000008005e64        0x0 linker stubs

.v4_bx          0x0000000008005e64        0x0
 .v4_bx         0x0000000008005e64        0x0 linker stubs

.iplt           0x0000000008005e64        0x0
 .iplt          0x0000000008005e64        0x0 c:/st/stm32cubeide_1.6.0/stm32cubeide/plugins/com.st.stm32cube.ide.mcu.externaltools.gnu-tools-for-stm32.9-2020-q2-update.win32_1.5.0.202011040924/tools/bin/../lib/gcc/arm-none-eabi/9.3.1/thumb/v7e-m+fp/hard/crtbegin.o

.rodata         0x0000000008005e64       0x7c
                0x0000000008005e64                . = ALIGN (0x4)
 *(.rodata)
 .rodata        0x0000000008005e64       0x16 Core/Src/main.o
 *fill*         0x0000000008005e7a        0x2 
 .rodata        0x0000000008005e7c        0xd Core/Uart/UartPacket.o
 *(.rodata*)
 *fill*         0x0000000008005e89        0x3 
 .rodata.AHBPrescTable
                0x0000000008005e8c       0x10 Core/Src/system_stm32f4xx.o
                0x0000000008005e8c                AHBPrescTable
 .rodata.APBPrescTable
                0x0000000008005e9c        0x8 Core/Src/system_stm32f4xx.o
                0x0000000008005e9c                APBPrescTable
 .rodata.flagBitshiftOffset.8391
                0x0000000008005ea4        0x8 Drivers/STM32F4xx_HAL_Driver/Src/stm32f4xx_hal_dma.o
 .rodata._svfprintf_r.str1.1
                0x0000000008005eac       0x11 c:/st/stm32cubeide_1.6.0/stm32cubeide/plugins/com.st.stm32cube.ide.mcu.externaltools.gnu-tools-for-stm32.9-2020-q2-update.win32_1.5.0.202011040924/tools/bin/../lib/gcc/arm-none-eabi/9.3.1/../../../../arm-none-eabi/lib/thumb/v7e-m+fp/hard\libc_nano.a(lib_a-nano-svfprintf.o)
 .rodata._printf_i.str1.1
                0x0000000008005ebd       0x22 c:/st/stm32cubeide_1.6.0/stm32cubeide/plugins/com.st.stm32cube.ide.mcu.externaltools.gnu-tools-for-stm32.9-2020-q2-update.win32_1.5.0.202011040924/tools/bin/../lib/gcc/arm-none-eabi/9.3.1/../../../../arm-none-eabi/lib/thumb/v7e-m+fp/hard\libc_nano.a(lib_a-nano-vfprintf_i.o)
                0x0000000008005ee0                . = ALIGN (0x4)
 *fill*         0x0000000008005edf        0x1 

.ARM.extab      0x0000000008005ee0        0x0
                0x0000000008005ee0                . = ALIGN (0x4)
 *(.ARM.extab* .gnu.linkonce.armextab.*)
                0x0000000008005ee0                . = ALIGN (0x4)

.ARM            0x0000000008005ee0        0x8
                0x0000000008005ee0                . = ALIGN (0x4)
                0x0000000008005ee0                __exidx_start = .
 *(.ARM.exidx*)
 .ARM.exidx     0x0000000008005ee0        0x8 c:/st/stm32cubeide_1.6.0/stm32cubeide/plugins/com.st.stm32cube.ide.mcu.externaltools.gnu-tools-for-stm32.9-2020-q2-update.win32_1.5.0.202011040924/tools/bin/../lib/gcc/arm-none-eabi/9.3.1/thumb/v7e-m+fp/hard\libgcc.a(_udivmoddi4.o)
                0x0000000008005ee8                __exidx_end = .
                0x0000000008005ee8                . = ALIGN (0x4)

.rel.dyn        0x0000000008005ee8        0x0
 .rel.iplt      0x0000000008005ee8        0x0 c:/st/stm32cubeide_1.6.0/stm32cubeide/plugins/com.st.stm32cube.ide.mcu.externaltools.gnu-tools-for-stm32.9-2020-q2-update.win32_1.5.0.202011040924/tools/bin/../lib/gcc/arm-none-eabi/9.3.1/thumb/v7e-m+fp/hard/crtbegin.o

.preinit_array  0x0000000008005ee8        0x0
                0x0000000008005ee8                . = ALIGN (0x4)
                0x0000000008005ee8                PROVIDE (__preinit_array_start = .)
 *(.preinit_array*)
                0x0000000008005ee8                PROVIDE (__preinit_array_end = .)
                0x0000000008005ee8                . = ALIGN (0x4)

.init_array     0x0000000008005ee8        0x4
                0x0000000008005ee8                . = ALIGN (0x4)
                0x0000000008005ee8                PROVIDE (__init_array_start = .)
 *(SORT_BY_NAME(.init_array.*))
 *(.init_array*)
 .init_array    0x0000000008005ee8        0x4 c:/st/stm32cubeide_1.6.0/stm32cubeide/plugins/com.st.stm32cube.ide.mcu.externaltools.gnu-tools-for-stm32.9-2020-q2-update.win32_1.5.0.202011040924/tools/bin/../lib/gcc/arm-none-eabi/9.3.1/thumb/v7e-m+fp/hard/crtbegin.o
                0x0000000008005eec                PROVIDE (__init_array_end = .)
                0x0000000008005eec                . = ALIGN (0x4)

.fini_array     0x0000000008005eec        0x4
                0x0000000008005eec                . = ALIGN (0x4)
                [!provide]                        PROVIDE (__fini_array_start = .)
 *(SORT_BY_NAME(.fini_array.*))
 *(.fini_array*)
 .fini_array    0x0000000008005eec        0x4 c:/st/stm32cubeide_1.6.0/stm32cubeide/plugins/com.st.stm32cube.ide.mcu.externaltools.gnu-tools-for-stm32.9-2020-q2-update.win32_1.5.0.202011040924/tools/bin/../lib/gcc/arm-none-eabi/9.3.1/thumb/v7e-m+fp/hard/crtbegin.o
                [!provide]                        PROVIDE (__fini_array_end = .)
                0x0000000008005ef0                . = ALIGN (0x4)
                0x0000000008005ef0                _sidata = LOADADDR (.data)

.data           0x0000000020000000       0x70 load address 0x0000000008005ef0
                0x0000000020000000                . = ALIGN (0x4)
                0x0000000020000000                _sdata = .
 *(.data)
 *(.data*)
 .data.SystemCoreClock
                0x0000000020000000        0x4 Core/Src/system_stm32f4xx.o
                0x0000000020000000                SystemCoreClock
 .data.uwTickPrio
                0x0000000020000004        0x4 Drivers/STM32F4xx_HAL_Driver/Src/stm32f4xx_hal.o
                0x0000000020000004                uwTickPrio
 .data.uwTickFreq
                0x0000000020000008        0x1 Drivers/STM32F4xx_HAL_Driver/Src/stm32f4xx_hal.o
                0x0000000020000008                uwTickFreq
 *fill*         0x0000000020000009        0x3 
 .data._impure_ptr
                0x000000002000000c        0x4 c:/st/stm32cubeide_1.6.0/stm32cubeide/plugins/com.st.stm32cube.ide.mcu.externaltools.gnu-tools-for-stm32.9-2020-q2-update.win32_1.5.0.202011040924/tools/bin/../lib/gcc/arm-none-eabi/9.3.1/../../../../arm-none-eabi/lib/thumb/v7e-m+fp/hard\libc_nano.a(lib_a-impure.o)
                0x000000002000000c                _impure_ptr
 .data.impure_data
                0x0000000020000010       0x60 c:/st/stm32cubeide_1.6.0/stm32cubeide/plugins/com.st.stm32cube.ide.mcu.externaltools.gnu-tools-for-stm32.9-2020-q2-update.win32_1.5.0.202011040924/tools/bin/../lib/gcc/arm-none-eabi/9.3.1/../../../../arm-none-eabi/lib/thumb/v7e-m+fp/hard\libc_nano.a(lib_a-impure.o)
 *(.RamFunc)
 *(.RamFunc*)
                0x0000000020000070                . = ALIGN (0x4)
                0x0000000020000070                _edata = .

.igot.plt       0x0000000020000070        0x0 load address 0x0000000008005f60
 .igot.plt      0x0000000020000070        0x0 c:/st/stm32cubeide_1.6.0/stm32cubeide/plugins/com.st.stm32cube.ide.mcu.externaltools.gnu-tools-for-stm32.9-2020-q2-update.win32_1.5.0.202011040924/tools/bin/../lib/gcc/arm-none-eabi/9.3.1/thumb/v7e-m+fp/hard/crtbegin.o
                0x0000000020000070                . = ALIGN (0x4)

.bss            0x0000000020000070      0x29c load address 0x0000000008005f60
                0x0000000020000070                _sbss = .
                0x0000000020000070                __bss_start__ = _sbss
 *(.bss)
 .bss           0x0000000020000070       0x1c c:/st/stm32cubeide_1.6.0/stm32cubeide/plugins/com.st.stm32cube.ide.mcu.externaltools.gnu-tools-for-stm32.9-2020-q2-update.win32_1.5.0.202011040924/tools/bin/../lib/gcc/arm-none-eabi/9.3.1/thumb/v7e-m+fp/hard/crtbegin.o
 *(.bss*)
 .bss.LCD_i2cHandle
                0x000000002000008c        0x4 Core/LCD/Lcd_I2c.o
 .bss.LCD_I2C_SLAVE_ADDRESS
                0x0000000020000090        0x1 Core/LCD/Lcd_I2c.o
 *fill*         0x0000000020000091        0x3 
 .bss.__sbrk_heap_end
                0x0000000020000094        0x4 Core/Src/sysmem.o
 .bss.__malloc_free_list
                0x0000000020000098        0x4 c:/st/stm32cubeide_1.6.0/stm32cubeide/plugins/com.st.stm32cube.ide.mcu.externaltools.gnu-tools-for-stm32.9-2020-q2-update.win32_1.5.0.202011040924/tools/bin/../lib/gcc/arm-none-eabi/9.3.1/../../../../arm-none-eabi/lib/thumb/v7e-m+fp/hard\libc_nano.a(lib_a-nano-mallocr.o)
                0x0000000020000098                __malloc_free_list
 .bss.__malloc_sbrk_start
                0x000000002000009c        0x4 c:/st/stm32cubeide_1.6.0/stm32cubeide/plugins/com.st.stm32cube.ide.mcu.externaltools.gnu-tools-for-stm32.9-2020-q2-update.win32_1.5.0.202011040924/tools/bin/../lib/gcc/arm-none-eabi/9.3.1/../../../../arm-none-eabi/lib/thumb/v7e-m+fp/hard\libc_nano.a(lib_a-nano-mallocr.o)
                0x000000002000009c                __malloc_sbrk_start
 *(COMMON)
 COMMON         0x00000000200000a0       0x68 Core/Motor/MotorControl.o
                0x00000000200000a0                Servo
                0x00000000200000d4                Motor
 COMMON         0x0000000020000108      0x14c Core/Src/main.o
                0x0000000020000108                hdma_usart2_rx
                0x0000000020000168                hi2c1
                0x00000000200001bc                tx_command
                0x00000000200001c0                htim3
                0x0000000020000208                rxBuffer
                0x000000002000020c                huart2
                0x0000000020000250                rx_command
 COMMON         0x0000000020000254       0x4c Core/System/System.o
                0x0000000020000254                whale_Info
                0x0000000020000258                System_Task
 COMMON         0x00000000200002a0       0x57 Core/Uart/UartPacket.o
                0x00000000200002a0                rx_queue
                0x00000000200002cc                tx_queue
                0x00000000200002f6                UartPacket_AliveCount
 *fill*         0x00000000200002f7        0x1 
 COMMON         0x00000000200002f8        0x4 Drivers/STM32F4xx_HAL_Driver/Src/stm32f4xx_hal.o
                0x00000000200002f8                uwTick
 COMMON         0x00000000200002fc        0x4 c:/st/stm32cubeide_1.6.0/stm32cubeide/plugins/com.st.stm32cube.ide.mcu.externaltools.gnu-tools-for-stm32.9-2020-q2-update.win32_1.5.0.202011040924/tools/bin/../lib/gcc/arm-none-eabi/9.3.1/../../../../arm-none-eabi/lib/thumb/v7e-m+fp/hard\libc_nano.a(lib_a-reent.o)
                0x00000000200002fc                errno
 COMMON         0x0000000020000300        0x9 c:/st/stm32cubeide_1.6.0/stm32cubeide/plugins/com.st.stm32cube.ide.mcu.externaltools.gnu-tools-for-stm32.9-2020-q2-update.win32_1.5.0.202011040924/tools/bin/../lib/gcc/arm-none-eabi/9.3.1/../../../../arm-none-eabi/lib/thumb/v7e-m+fp/hard\libc_nano.a(lib_a-lock.o)
                0x0000000020000300                __lock___atexit_recursive_mutex
                0x0000000020000301                __lock___arc4random_mutex
                0x0000000020000302                __lock___env_recursive_mutex
                0x0000000020000303                __lock___sinit_recursive_mutex
                0x0000000020000304                __lock___malloc_recursive_mutex
                0x0000000020000305                __lock___at_quick_exit_mutex
                0x0000000020000306                __lock___dd_hash_mutex
                0x0000000020000307                __lock___tz_mutex
                0x0000000020000308                __lock___sfp_recursive_mutex
                0x000000002000030c                . = ALIGN (0x4)
 *fill*         0x0000000020000309        0x3 
                0x000000002000030c                _ebss = .
                0x000000002000030c                __bss_end__ = _ebss

._user_heap_stack
                0x000000002000030c      0x604 load address 0x0000000008005f60
                0x0000000020000310                . = ALIGN (0x8)
 *fill*         0x000000002000030c        0x4 
                [!provide]                        PROVIDE (end = .)
                0x0000000020000310                PROVIDE (_end = .)
                0x0000000020000510                . = (. + _Min_Heap_Size)
 *fill*         0x0000000020000310      0x200 
                0x0000000020000910                . = (. + _Min_Stack_Size)
 *fill*         0x0000000020000510      0x400 
                0x0000000020000910                . = ALIGN (0x8)

/DISCARD/
 libc.a(*)
 libm.a(*)
 libgcc.a(*)

.ARM.attributes
                0x0000000000000000       0x30
 *(.ARM.attributes)
 .ARM.attributes
                0x0000000000000000       0x1e c:/st/stm32cubeide_1.6.0/stm32cubeide/plugins/com.st.stm32cube.ide.mcu.externaltools.gnu-tools-for-stm32.9-2020-q2-update.win32_1.5.0.202011040924/tools/bin/../lib/gcc/arm-none-eabi/9.3.1/thumb/v7e-m+fp/hard/crti.o
 .ARM.attributes
                0x000000000000001e       0x34 c:/st/stm32cubeide_1.6.0/stm32cubeide/plugins/com.st.stm32cube.ide.mcu.externaltools.gnu-tools-for-stm32.9-2020-q2-update.win32_1.5.0.202011040924/tools/bin/../lib/gcc/arm-none-eabi/9.3.1/thumb/v7e-m+fp/hard/crtbegin.o
 .ARM.attributes
                0x0000000000000052       0x34 Core/LCD/Lcd_I2c.o
 .ARM.attributes
                0x0000000000000086       0x34 Core/Motor/MotorControl.o
 .ARM.attributes
                0x00000000000000ba       0x34 Core/Src/main.o
 .ARM.attributes
                0x00000000000000ee       0x34 Core/Src/stm32f4xx_hal_msp.o
 .ARM.attributes
                0x0000000000000122       0x34 Core/Src/stm32f4xx_it.o
 .ARM.attributes
                0x0000000000000156       0x34 Core/Src/sysmem.o
 .ARM.attributes
                0x000000000000018a       0x34 Core/Src/system_stm32f4xx.o
 .ARM.attributes
                0x00000000000001be       0x21 Core/Startup/startup_stm32f401retx.o
 .ARM.attributes
                0x00000000000001df       0x34 Core/System/System.o
 .ARM.attributes
                0x0000000000000213       0x34 Core/Uart/UartPacket.o
 .ARM.attributes
                0x0000000000000247       0x34 Drivers/STM32F4xx_HAL_Driver/Src/stm32f4xx_hal.o
 .ARM.attributes
                0x000000000000027b       0x34 Drivers/STM32F4xx_HAL_Driver/Src/stm32f4xx_hal_cortex.o
 .ARM.attributes
                0x00000000000002af       0x34 Drivers/STM32F4xx_HAL_Driver/Src/stm32f4xx_hal_dma.o
 .ARM.attributes
                0x00000000000002e3       0x34 Drivers/STM32F4xx_HAL_Driver/Src/stm32f4xx_hal_gpio.o
 .ARM.attributes
                0x0000000000000317       0x34 Drivers/STM32F4xx_HAL_Driver/Src/stm32f4xx_hal_i2c.o
 .ARM.attributes
                0x000000000000034b       0x34 Drivers/STM32F4xx_HAL_Driver/Src/stm32f4xx_hal_rcc.o
 .ARM.attributes
                0x000000000000037f       0x34 Drivers/STM32F4xx_HAL_Driver/Src/stm32f4xx_hal_tim.o
 .ARM.attributes
                0x00000000000003b3       0x34 Drivers/STM32F4xx_HAL_Driver/Src/stm32f4xx_hal_tim_ex.o
 .ARM.attributes
                0x00000000000003e7       0x34 Drivers/STM32F4xx_HAL_Driver/Src/stm32f4xx_hal_uart.o
 .ARM.attributes
                0x000000000000041b       0x34 c:/st/stm32cubeide_1.6.0/stm32cubeide/plugins/com.st.stm32cube.ide.mcu.externaltools.gnu-tools-for-stm32.9-2020-q2-update.win32_1.5.0.202011040924/tools/bin/../lib/gcc/arm-none-eabi/9.3.1/../../../../arm-none-eabi/lib/thumb/v7e-m+fp/hard\libc_nano.a(lib_a-errno.o)
 .ARM.attributes
                0x000000000000044f       0x32 c:/st/stm32cubeide_1.6.0/stm32cubeide/plugins/com.st.stm32cube.ide.mcu.externaltools.gnu-tools-for-stm32.9-2020-q2-update.win32_1.5.0.202011040924/tools/bin/../lib/gcc/arm-none-eabi/9.3.1/../../../../arm-none-eabi/lib/thumb/v7e-m+fp/hard\libc_nano.a(lib_a-impure.o)
 .ARM.attributes
                0x0000000000000481       0x34 c:/st/stm32cubeide_1.6.0/stm32cubeide/plugins/com.st.stm32cube.ide.mcu.externaltools.gnu-tools-for-stm32.9-2020-q2-update.win32_1.5.0.202011040924/tools/bin/../lib/gcc/arm-none-eabi/9.3.1/../../../../arm-none-eabi/lib/thumb/v7e-m+fp/hard\libc_nano.a(lib_a-init.o)
 .ARM.attributes
                0x00000000000004b5       0x34 c:/st/stm32cubeide_1.6.0/stm32cubeide/plugins/com.st.stm32cube.ide.mcu.externaltools.gnu-tools-for-stm32.9-2020-q2-update.win32_1.5.0.202011040924/tools/bin/../lib/gcc/arm-none-eabi/9.3.1/../../../../arm-none-eabi/lib/thumb/v7e-m+fp/hard\libc_nano.a(lib_a-memset.o)
 .ARM.attributes
                0x00000000000004e9       0x17 c:/st/stm32cubeide_1.6.0/stm32cubeide/plugins/com.st.stm32cube.ide.mcu.externaltools.gnu-tools-for-stm32.9-2020-q2-update.win32_1.5.0.202011040924/tools/bin/../lib/gcc/arm-none-eabi/9.3.1/../../../../arm-none-eabi/lib/thumb/v7e-m+fp/hard\libc_nano.a(lib_a-strlen.o)
 .ARM.attributes
                0x0000000000000500       0x34 c:/st/stm32cubeide_1.6.0/stm32cubeide/plugins/com.st.stm32cube.ide.mcu.externaltools.gnu-tools-for-stm32.9-2020-q2-update.win32_1.5.0.202011040924/tools/bin/../lib/gcc/arm-none-eabi/9.3.1/../../../../arm-none-eabi/lib/thumb/v7e-m+fp/hard\libc_nano.a(lib_a-vsprintf.o)
 .ARM.attributes
                0x0000000000000534       0x34 c:/st/stm32cubeide_1.6.0/stm32cubeide/plugins/com.st.stm32cube.ide.mcu.externaltools.gnu-tools-for-stm32.9-2020-q2-update.win32_1.5.0.202011040924/tools/bin/../lib/gcc/arm-none-eabi/9.3.1/../../../../arm-none-eabi/lib/thumb/v7e-m+fp/hard\libc_nano.a(lib_a-nano-svfprintf.o)
 .ARM.attributes
                0x0000000000000568       0x34 c:/st/stm32cubeide_1.6.0/stm32cubeide/plugins/com.st.stm32cube.ide.mcu.externaltools.gnu-tools-for-stm32.9-2020-q2-update.win32_1.5.0.202011040924/tools/bin/../lib/gcc/arm-none-eabi/9.3.1/../../../../arm-none-eabi/lib/thumb/v7e-m+fp/hard\libc_nano.a(lib_a-nano-vfprintf_i.o)
 .ARM.attributes
                0x000000000000059c       0x1c c:/st/stm32cubeide_1.6.0/stm32cubeide/plugins/com.st.stm32cube.ide.mcu.externaltools.gnu-tools-for-stm32.9-2020-q2-update.win32_1.5.0.202011040924/tools/bin/../lib/gcc/arm-none-eabi/9.3.1/../../../../arm-none-eabi/lib/thumb/v7e-m+fp/hard\libc_nano.a(lib_a-memchr.o)
 .ARM.attributes
                0x00000000000005b8       0x34 c:/st/stm32cubeide_1.6.0/stm32cubeide/plugins/com.st.stm32cube.ide.mcu.externaltools.gnu-tools-for-stm32.9-2020-q2-update.win32_1.5.0.202011040924/tools/bin/../lib/gcc/arm-none-eabi/9.3.1/../../../../arm-none-eabi/lib/thumb/v7e-m+fp/hard\libc_nano.a(lib_a-memcpy-stub.o)
 .ARM.attributes
                0x00000000000005ec       0x34 c:/st/stm32cubeide_1.6.0/stm32cubeide/plugins/com.st.stm32cube.ide.mcu.externaltools.gnu-tools-for-stm32.9-2020-q2-update.win32_1.5.0.202011040924/tools/bin/../lib/gcc/arm-none-eabi/9.3.1/../../../../arm-none-eabi/lib/thumb/v7e-m+fp/hard\libc_nano.a(lib_a-memmove.o)
 .ARM.attributes
                0x0000000000000620       0x34 c:/st/stm32cubeide_1.6.0/stm32cubeide/plugins/com.st.stm32cube.ide.mcu.externaltools.gnu-tools-for-stm32.9-2020-q2-update.win32_1.5.0.202011040924/tools/bin/../lib/gcc/arm-none-eabi/9.3.1/../../../../arm-none-eabi/lib/thumb/v7e-m+fp/hard\libc_nano.a(lib_a-nano-freer.o)
 .ARM.attributes
                0x0000000000000654       0x34 c:/st/stm32cubeide_1.6.0/stm32cubeide/plugins/com.st.stm32cube.ide.mcu.externaltools.gnu-tools-for-stm32.9-2020-q2-update.win32_1.5.0.202011040924/tools/bin/../lib/gcc/arm-none-eabi/9.3.1/../../../../arm-none-eabi/lib/thumb/v7e-m+fp/hard\libc_nano.a(lib_a-nano-mallocr.o)
 .ARM.attributes
                0x0000000000000688       0x34 c:/st/stm32cubeide_1.6.0/stm32cubeide/plugins/com.st.stm32cube.ide.mcu.externaltools.gnu-tools-for-stm32.9-2020-q2-update.win32_1.5.0.202011040924/tools/bin/../lib/gcc/arm-none-eabi/9.3.1/../../../../arm-none-eabi/lib/thumb/v7e-m+fp/hard\libc_nano.a(lib_a-nano-reallocr.o)
 .ARM.attributes
                0x00000000000006bc       0x34 c:/st/stm32cubeide_1.6.0/stm32cubeide/plugins/com.st.stm32cube.ide.mcu.externaltools.gnu-tools-for-stm32.9-2020-q2-update.win32_1.5.0.202011040924/tools/bin/../lib/gcc/arm-none-eabi/9.3.1/../../../../arm-none-eabi/lib/thumb/v7e-m+fp/hard\libc_nano.a(lib_a-sbrkr.o)
 .ARM.attributes
                0x00000000000006f0       0x34 c:/st/stm32cubeide_1.6.0/stm32cubeide/plugins/com.st.stm32cube.ide.mcu.externaltools.gnu-tools-for-stm32.9-2020-q2-update.win32_1.5.0.202011040924/tools/bin/../lib/gcc/arm-none-eabi/9.3.1/../../../../arm-none-eabi/lib/thumb/v7e-m+fp/hard\libc_nano.a(lib_a-mlock.o)
 .ARM.attributes
                0x0000000000000724       0x34 c:/st/stm32cubeide_1.6.0/stm32cubeide/plugins/com.st.stm32cube.ide.mcu.externaltools.gnu-tools-for-stm32.9-2020-q2-update.win32_1.5.0.202011040924/tools/bin/../lib/gcc/arm-none-eabi/9.3.1/../../../../arm-none-eabi/lib/thumb/v7e-m+fp/hard\libc_nano.a(lib_a-nano-msizer.o)
 .ARM.attributes
                0x0000000000000758       0x34 c:/st/stm32cubeide_1.6.0/stm32cubeide/plugins/com.st.stm32cube.ide.mcu.externaltools.gnu-tools-for-stm32.9-2020-q2-update.win32_1.5.0.202011040924/tools/bin/../lib/gcc/arm-none-eabi/9.3.1/../../../../arm-none-eabi/lib/thumb/v7e-m+fp/hard\libc_nano.a(lib_a-reent.o)
 .ARM.attributes
                0x000000000000078c       0x34 c:/st/stm32cubeide_1.6.0/stm32cubeide/plugins/com.st.stm32cube.ide.mcu.externaltools.gnu-tools-for-stm32.9-2020-q2-update.win32_1.5.0.202011040924/tools/bin/../lib/gcc/arm-none-eabi/9.3.1/../../../../arm-none-eabi/lib/thumb/v7e-m+fp/hard\libc_nano.a(lib_a-lock.o)
 .ARM.attributes
                0x00000000000007c0       0x1e c:/st/stm32cubeide_1.6.0/stm32cubeide/plugins/com.st.stm32cube.ide.mcu.externaltools.gnu-tools-for-stm32.9-2020-q2-update.win32_1.5.0.202011040924/tools/bin/../lib/gcc/arm-none-eabi/9.3.1/thumb/v7e-m+fp/hard\libgcc.a(_aeabi_uldivmod.o)
 .ARM.attributes
                0x00000000000007de       0x34 c:/st/stm32cubeide_1.6.0/stm32cubeide/plugins/com.st.stm32cube.ide.mcu.externaltools.gnu-tools-for-stm32.9-2020-q2-update.win32_1.5.0.202011040924/tools/bin/../lib/gcc/arm-none-eabi/9.3.1/thumb/v7e-m+fp/hard\libgcc.a(_udivmoddi4.o)
 .ARM.attributes
                0x0000000000000812       0x1e c:/st/stm32cubeide_1.6.0/stm32cubeide/plugins/com.st.stm32cube.ide.mcu.externaltools.gnu-tools-for-stm32.9-2020-q2-update.win32_1.5.0.202011040924/tools/bin/../lib/gcc/arm-none-eabi/9.3.1/thumb/v7e-m+fp/hard\libgcc.a(_dvmd_tls.o)
 .ARM.attributes
                0x0000000000000830       0x1e c:/st/stm32cubeide_1.6.0/stm32cubeide/plugins/com.st.stm32cube.ide.mcu.externaltools.gnu-tools-for-stm32.9-2020-q2-update.win32_1.5.0.202011040924/tools/bin/../lib/gcc/arm-none-eabi/9.3.1/thumb/v7e-m+fp/hard/crtn.o
OUTPUT(Whale_mk1.elf elf32-littlearm)
LOAD linker stubs
LOAD c:/st/stm32cubeide_1.6.0/stm32cubeide/plugins/com.st.stm32cube.ide.mcu.externaltools.gnu-tools-for-stm32.9-2020-q2-update.win32_1.5.0.202011040924/tools/bin/../lib/gcc/arm-none-eabi/9.3.1/../../../../arm-none-eabi/lib/thumb/v7e-m+fp/hard\libc.a
LOAD c:/st/stm32cubeide_1.6.0/stm32cubeide/plugins/com.st.stm32cube.ide.mcu.externaltools.gnu-tools-for-stm32.9-2020-q2-update.win32_1.5.0.202011040924/tools/bin/../lib/gcc/arm-none-eabi/9.3.1/../../../../arm-none-eabi/lib/thumb/v7e-m+fp/hard\libm.a
LOAD c:/st/stm32cubeide_1.6.0/stm32cubeide/plugins/com.st.stm32cube.ide.mcu.externaltools.gnu-tools-for-stm32.9-2020-q2-update.win32_1.5.0.202011040924/tools/bin/../lib/gcc/arm-none-eabi/9.3.1/thumb/v7e-m+fp/hard\libgcc.a

.debug_info     0x0000000000000000    0x15cc8
 .debug_info    0x0000000000000000     0x16a1 Core/LCD/Lcd_I2c.o
 .debug_info    0x00000000000016a1      0x137 Core/Motor/MotorControl.o
 .debug_info    0x00000000000017d8     0x2104 Core/Src/main.o
 .debug_info    0x00000000000038dc     0x1d51 Core/Src/stm32f4xx_hal_msp.o
 .debug_info    0x000000000000562d     0x17a2 Core/Src/stm32f4xx_it.o
 .debug_info    0x0000000000006dcf      0xa25 Core/Src/sysmem.o
 .debug_info    0x00000000000077f4      0x5d0 Core/Src/system_stm32f4xx.o
 .debug_info    0x0000000000007dc4       0x22 Core/Startup/startup_stm32f401retx.o
 .debug_info    0x0000000000007de6     0x1603 Core/System/System.o
 .debug_info    0x00000000000093e9     0x1921 Core/Uart/UartPacket.o
 .debug_info    0x000000000000ad0a      0x93d Drivers/STM32F4xx_HAL_Driver/Src/stm32f4xx_hal.o
 .debug_info    0x000000000000b647      0xe41 Drivers/STM32F4xx_HAL_Driver/Src/stm32f4xx_hal_cortex.o
 .debug_info    0x000000000000c488      0x9e9 Drivers/STM32F4xx_HAL_Driver/Src/stm32f4xx_hal_dma.o
 .debug_info    0x000000000000ce71      0x862 Drivers/STM32F4xx_HAL_Driver/Src/stm32f4xx_hal_gpio.o
 .debug_info    0x000000000000d6d3     0x2639 Drivers/STM32F4xx_HAL_Driver/Src/stm32f4xx_hal_i2c.o
 .debug_info    0x000000000000fd0c      0x9bd Drivers/STM32F4xx_HAL_Driver/Src/stm32f4xx_hal_rcc.o
 .debug_info    0x00000000000106c9     0x2a88 Drivers/STM32F4xx_HAL_Driver/Src/stm32f4xx_hal_tim.o
 .debug_info    0x0000000000013151     0x151a Drivers/STM32F4xx_HAL_Driver/Src/stm32f4xx_hal_tim_ex.o
 .debug_info    0x000000000001466b     0x165d Drivers/STM32F4xx_HAL_Driver/Src/stm32f4xx_hal_uart.o

.debug_abbrev   0x0000000000000000     0x2b2d
 .debug_abbrev  0x0000000000000000      0x2be Core/LCD/Lcd_I2c.o
 .debug_abbrev  0x00000000000002be       0x9e Core/Motor/MotorControl.o
 .debug_abbrev  0x000000000000035c      0x3cb Core/Src/main.o
 .debug_abbrev  0x0000000000000727      0x27f Core/Src/stm32f4xx_hal_msp.o
 .debug_abbrev  0x00000000000009a6      0x211 Core/Src/stm32f4xx_it.o
 .debug_abbrev  0x0000000000000bb7      0x1bf Core/Src/sysmem.o
 .debug_abbrev  0x0000000000000d76      0x145 Core/Src/system_stm32f4xx.o
 .debug_abbrev  0x0000000000000ebb       0x12 Core/Startup/startup_stm32f401retx.o
 .debug_abbrev  0x0000000000000ecd      0x2bd Core/System/System.o
 .debug_abbrev  0x000000000000118a      0x3b5 Core/Uart/UartPacket.o
 .debug_abbrev  0x000000000000153f      0x21e Drivers/STM32F4xx_HAL_Driver/Src/stm32f4xx_hal.o
 .debug_abbrev  0x000000000000175d      0x33c Drivers/STM32F4xx_HAL_Driver/Src/stm32f4xx_hal_cortex.o
 .debug_abbrev  0x0000000000001a99      0x219 Drivers/STM32F4xx_HAL_Driver/Src/stm32f4xx_hal_dma.o
 .debug_abbrev  0x0000000000001cb2      0x1f1 Drivers/STM32F4xx_HAL_Driver/Src/stm32f4xx_hal_gpio.o
 .debug_abbrev  0x0000000000001ea3      0x293 Drivers/STM32F4xx_HAL_Driver/Src/stm32f4xx_hal_i2c.o
 .debug_abbrev  0x0000000000002136      0x275 Drivers/STM32F4xx_HAL_Driver/Src/stm32f4xx_hal_rcc.o
 .debug_abbrev  0x00000000000023ab      0x26f Drivers/STM32F4xx_HAL_Driver/Src/stm32f4xx_hal_tim.o
 .debug_abbrev  0x000000000000261a      0x277 Drivers/STM32F4xx_HAL_Driver/Src/stm32f4xx_hal_tim_ex.o
 .debug_abbrev  0x0000000000002891      0x29c Drivers/STM32F4xx_HAL_Driver/Src/stm32f4xx_hal_uart.o

.debug_aranges  0x0000000000000000     0x1090
 .debug_aranges
                0x0000000000000000       0x88 Core/LCD/Lcd_I2c.o
 .debug_aranges
                0x0000000000000088       0x20 Core/Motor/MotorControl.o
 .debug_aranges
                0x00000000000000a8       0x68 Core/Src/main.o
 .debug_aranges
                0x0000000000000110       0x50 Core/Src/stm32f4xx_hal_msp.o
 .debug_aranges
                0x0000000000000160       0x78 Core/Src/stm32f4xx_it.o
 .debug_aranges
                0x00000000000001d8       0x20 Core/Src/sysmem.o
 .debug_aranges
                0x00000000000001f8       0x28 Core/Src/system_stm32f4xx.o
 .debug_aranges
                0x0000000000000220       0x28 Core/Startup/startup_stm32f401retx.o
 .debug_aranges
                0x0000000000000248       0x78 Core/System/System.o
 .debug_aranges
                0x00000000000002c0       0x80 Core/Uart/UartPacket.o
 .debug_aranges
                0x0000000000000340       0xf0 Drivers/STM32F4xx_HAL_Driver/Src/stm32f4xx_hal.o
 .debug_aranges
                0x0000000000000430      0x118 Drivers/STM32F4xx_HAL_Driver/Src/stm32f4xx_hal_cortex.o
 .debug_aranges
                0x0000000000000548       0x90 Drivers/STM32F4xx_HAL_Driver/Src/stm32f4xx_hal_dma.o
 .debug_aranges
                0x00000000000005d8       0x58 Drivers/STM32F4xx_HAL_Driver/Src/stm32f4xx_hal_gpio.o
 .debug_aranges
                0x0000000000000630      0x2a0 Drivers/STM32F4xx_HAL_Driver/Src/stm32f4xx_hal_i2c.o
 .debug_aranges
                0x00000000000008d0       0x88 Drivers/STM32F4xx_HAL_Driver/Src/stm32f4xx_hal_rcc.o
 .debug_aranges
                0x0000000000000958      0x3d0 Drivers/STM32F4xx_HAL_Driver/Src/stm32f4xx_hal_tim.o
 .debug_aranges
                0x0000000000000d28      0x168 Drivers/STM32F4xx_HAL_Driver/Src/stm32f4xx_hal_tim_ex.o
 .debug_aranges
                0x0000000000000e90      0x200 Drivers/STM32F4xx_HAL_Driver/Src/stm32f4xx_hal_uart.o

.debug_ranges   0x0000000000000000      0xff8
 .debug_ranges  0x0000000000000000       0x78 Core/LCD/Lcd_I2c.o
 .debug_ranges  0x0000000000000078       0x10 Core/Motor/MotorControl.o
 .debug_ranges  0x0000000000000088       0x78 Core/Src/main.o
 .debug_ranges  0x0000000000000100       0x40 Core/Src/stm32f4xx_hal_msp.o
 .debug_ranges  0x0000000000000140       0x68 Core/Src/stm32f4xx_it.o
 .debug_ranges  0x00000000000001a8       0x10 Core/Src/sysmem.o
 .debug_ranges  0x00000000000001b8       0x18 Core/Src/system_stm32f4xx.o
 .debug_ranges  0x00000000000001d0       0x20 Core/Startup/startup_stm32f401retx.o
 .debug_ranges  0x00000000000001f0       0x68 Core/System/System.o
 .debug_ranges  0x0000000000000258       0x88 Core/Uart/UartPacket.o
 .debug_ranges  0x00000000000002e0       0xe0 Drivers/STM32F4xx_HAL_Driver/Src/stm32f4xx_hal.o
 .debug_ranges  0x00000000000003c0      0x108 Drivers/STM32F4xx_HAL_Driver/Src/stm32f4xx_hal_cortex.o
 .debug_ranges  0x00000000000004c8       0x80 Drivers/STM32F4xx_HAL_Driver/Src/stm32f4xx_hal_dma.o
 .debug_ranges  0x0000000000000548       0x48 Drivers/STM32F4xx_HAL_Driver/Src/stm32f4xx_hal_gpio.o
 .debug_ranges  0x0000000000000590      0x2b8 Drivers/STM32F4xx_HAL_Driver/Src/stm32f4xx_hal_i2c.o
 .debug_ranges  0x0000000000000848       0x78 Drivers/STM32F4xx_HAL_Driver/Src/stm32f4xx_hal_rcc.o
 .debug_ranges  0x00000000000008c0      0x3c0 Drivers/STM32F4xx_HAL_Driver/Src/stm32f4xx_hal_tim.o
 .debug_ranges  0x0000000000000c80      0x158 Drivers/STM32F4xx_HAL_Driver/Src/stm32f4xx_hal_tim_ex.o
 .debug_ranges  0x0000000000000dd8      0x220 Drivers/STM32F4xx_HAL_Driver/Src/stm32f4xx_hal_uart.o

.debug_macro    0x0000000000000000    0x17d0c
 .debug_macro   0x0000000000000000      0x3fe Core/LCD/Lcd_I2c.o
 .debug_macro   0x00000000000003fe      0xaa8 Core/LCD/Lcd_I2c.o
 .debug_macro   0x0000000000000ea6      0x2a1 Core/LCD/Lcd_I2c.o
 .debug_macro   0x0000000000001147       0x2e Core/LCD/Lcd_I2c.o
 .debug_macro   0x0000000000001175       0x28 Core/LCD/Lcd_I2c.o
 .debug_macro   0x000000000000119d       0x22 Core/LCD/Lcd_I2c.o
 .debug_macro   0x00000000000011bf       0x8e Core/LCD/Lcd_I2c.o
 .debug_macro   0x000000000000124d       0x51 Core/LCD/Lcd_I2c.o
 .debug_macro   0x000000000000129e      0x103 Core/LCD/Lcd_I2c.o
 .debug_macro   0x00000000000013a1       0x6a Core/LCD/Lcd_I2c.o
 .debug_macro   0x000000000000140b      0x1df Core/LCD/Lcd_I2c.o
 .debug_macro   0x00000000000015ea       0x1c Core/LCD/Lcd_I2c.o
 .debug_macro   0x0000000000001606       0x22 Core/LCD/Lcd_I2c.o
 .debug_macro   0x0000000000001628       0xdf Core/LCD/Lcd_I2c.o
 .debug_macro   0x0000000000001707     0x102d Core/LCD/Lcd_I2c.o
 .debug_macro   0x0000000000002734      0x11f Core/LCD/Lcd_I2c.o
 .debug_macro   0x0000000000002853     0xb850 Core/LCD/Lcd_I2c.o
 .debug_macro   0x000000000000e0a3       0x43 Core/LCD/Lcd_I2c.o
 .debug_macro   0x000000000000e0e6     0x3659 Core/LCD/Lcd_I2c.o
 .debug_macro   0x000000000001173f      0x174 Core/LCD/Lcd_I2c.o
 .debug_macro   0x00000000000118b3       0x5c Core/LCD/Lcd_I2c.o
 .debug_macro   0x000000000001190f      0x416 Core/LCD/Lcd_I2c.o
 .debug_macro   0x0000000000011d25      0x9fe Core/LCD/Lcd_I2c.o
 .debug_macro   0x0000000000012723      0x117 Core/LCD/Lcd_I2c.o
 .debug_macro   0x000000000001283a       0xf8 Core/LCD/Lcd_I2c.o
 .debug_macro   0x0000000000012932       0x82 Core/LCD/Lcd_I2c.o
 .debug_macro   0x00000000000129b4      0x15f Core/LCD/Lcd_I2c.o
 .debug_macro   0x0000000000012b13      0x287 Core/LCD/Lcd_I2c.o
 .debug_macro   0x0000000000012d9a       0x5f Core/LCD/Lcd_I2c.o
 .debug_macro   0x0000000000012df9      0x236 Core/LCD/Lcd_I2c.o
 .debug_macro   0x000000000001302f      0x132 Core/LCD/Lcd_I2c.o
 .debug_macro   0x0000000000013161      0x264 Core/LCD/Lcd_I2c.o
 .debug_macro   0x00000000000133c5       0x2e Core/LCD/Lcd_I2c.o
 .debug_macro   0x00000000000133f3      0x1b5 Core/LCD/Lcd_I2c.o
 .debug_macro   0x00000000000135a8       0x22 Core/LCD/Lcd_I2c.o
 .debug_macro   0x00000000000135ca       0xd6 Core/LCD/Lcd_I2c.o
 .debug_macro   0x00000000000136a0      0x11a Core/LCD/Lcd_I2c.o
 .debug_macro   0x00000000000137ba       0x85 Core/LCD/Lcd_I2c.o
 .debug_macro   0x000000000001383f       0x89 Core/LCD/Lcd_I2c.o
 .debug_macro   0x00000000000138c8      0x8d1 Core/LCD/Lcd_I2c.o
 .debug_macro   0x0000000000014199       0x47 Core/LCD/Lcd_I2c.o
 .debug_macro   0x00000000000141e0      0x295 Core/LCD/Lcd_I2c.o
 .debug_macro   0x0000000000014475      0x126 Core/LCD/Lcd_I2c.o
 .debug_macro   0x000000000001459b       0x1c Core/LCD/Lcd_I2c.o
 .debug_macro   0x00000000000145b7       0x40 Core/LCD/Lcd_I2c.o
 .debug_macro   0x00000000000145f7       0x64 Core/LCD/Lcd_I2c.o
 .debug_macro   0x000000000001465b       0x52 Core/LCD/Lcd_I2c.o
 .debug_macro   0x00000000000146ad       0x18 Core/LCD/Lcd_I2c.o
 .debug_macro   0x00000000000146c5       0x3c Core/LCD/Lcd_I2c.o
 .debug_macro   0x0000000000014701       0x34 Core/LCD/Lcd_I2c.o
 .debug_macro   0x0000000000014735       0x16 Core/LCD/Lcd_I2c.o
 .debug_macro   0x000000000001474b       0x35 Core/LCD/Lcd_I2c.o
 .debug_macro   0x0000000000014780      0x333 Core/LCD/Lcd_I2c.o
 .debug_macro   0x0000000000014ab3       0x10 Core/LCD/Lcd_I2c.o
 .debug_macro   0x0000000000014ac3       0x16 Core/LCD/Lcd_I2c.o
 .debug_macro   0x0000000000014ad9       0x43 Core/LCD/Lcd_I2c.o
 .debug_macro   0x0000000000014b1c       0x34 Core/LCD/Lcd_I2c.o
 .debug_macro   0x0000000000014b50       0x10 Core/LCD/Lcd_I2c.o
 .debug_macro   0x0000000000014b60       0x58 Core/LCD/Lcd_I2c.o
 .debug_macro   0x0000000000014bb8       0x71 Core/LCD/Lcd_I2c.o
 .debug_macro   0x0000000000014c29       0x1c Core/LCD/Lcd_I2c.o
 .debug_macro   0x0000000000014c45      0x12a Core/LCD/Lcd_I2c.o
 .debug_macro   0x0000000000014d6f       0x10 Core/LCD/Lcd_I2c.o
 .debug_macro   0x0000000000014d7f       0x1c Core/LCD/Lcd_I2c.o
 .debug_macro   0x0000000000014d9b       0x52 Core/LCD/Lcd_I2c.o
 .debug_macro   0x0000000000014ded       0x22 Core/LCD/Lcd_I2c.o
 .debug_macro   0x0000000000014e0f       0x10 Core/LCD/Lcd_I2c.o
 .debug_macro   0x0000000000014e1f       0x40 Core/LCD/Lcd_I2c.o
 .debug_macro   0x0000000000014e5f       0xd5 Core/LCD/Lcd_I2c.o
 .debug_macro   0x0000000000014f34       0x1c Core/LCD/Lcd_I2c.o
 .debug_macro   0x0000000000014f50       0x3d Core/LCD/Lcd_I2c.o
 .debug_macro   0x0000000000014f8d       0x16 Core/LCD/Lcd_I2c.o
 .debug_macro   0x0000000000014fa3      0x145 Core/LCD/Lcd_I2c.o
 .debug_macro   0x00000000000150e8       0x16 Core/LCD/Lcd_I2c.o
 .debug_macro   0x00000000000150fe       0x20 Core/LCD/Lcd_I2c.o
 .debug_macro   0x000000000001511e       0x4c Core/LCD/Lcd_I2c.o
 .debug_macro   0x000000000001516a       0x22 Core/LCD/Lcd_I2c.o
 .debug_macro   0x000000000001518c       0x88 Core/LCD/Lcd_I2c.o
 .debug_macro   0x0000000000015214       0x1b Core/Motor/MotorControl.o
 .debug_macro   0x000000000001522f      0x3f2 Core/Src/main.o
 .debug_macro   0x0000000000015621      0x3f2 Core/Src/stm32f4xx_hal_msp.o
 .debug_macro   0x0000000000015a13      0x3fc Core/Src/stm32f4xx_it.o
 .debug_macro   0x0000000000015e0f       0xff Core/Src/sysmem.o
 .debug_macro   0x0000000000015f0e      0x23b Core/Src/sysmem.o
 .debug_macro   0x0000000000016149      0x1e7 Core/Src/system_stm32f4xx.o
 .debug_macro   0x0000000000016330      0x3f2 Core/System/System.o
 .debug_macro   0x0000000000016722      0x3f2 Core/Uart/UartPacket.o
 .debug_macro   0x0000000000016b14      0x247 Drivers/STM32F4xx_HAL_Driver/Src/stm32f4xx_hal.o
 .debug_macro   0x0000000000016d5b      0x1e7 Drivers/STM32F4xx_HAL_Driver/Src/stm32f4xx_hal_cortex.o
 .debug_macro   0x0000000000016f42      0x1ed Drivers/STM32F4xx_HAL_Driver/Src/stm32f4xx_hal_dma.o
 .debug_macro   0x000000000001712f      0x1ed Drivers/STM32F4xx_HAL_Driver/Src/stm32f4xx_hal_gpio.o
 .debug_macro   0x000000000001731c      0x22e Drivers/STM32F4xx_HAL_Driver/Src/stm32f4xx_hal_i2c.o
 .debug_macro   0x000000000001754a      0x20b Drivers/STM32F4xx_HAL_Driver/Src/stm32f4xx_hal_rcc.o
 .debug_macro   0x0000000000017755      0x1e8 Drivers/STM32F4xx_HAL_Driver/Src/stm32f4xx_hal_tim.o
 .debug_macro   0x000000000001793d      0x1e7 Drivers/STM32F4xx_HAL_Driver/Src/stm32f4xx_hal_tim_ex.o
 .debug_macro   0x0000000000017b24      0x1e8 Drivers/STM32F4xx_HAL_Driver/Src/stm32f4xx_hal_uart.o

.debug_line     0x0000000000000000    0x13733
 .debug_line    0x0000000000000000      0xc8e Core/LCD/Lcd_I2c.o
 .debug_line    0x0000000000000c8e       0x99 Core/Motor/MotorControl.o
 .debug_line    0x0000000000000d27      0xcf6 Core/Src/main.o
 .debug_line    0x0000000000001a1d      0xb55 Core/Src/stm32f4xx_hal_msp.o
 .debug_line    0x0000000000002572      0xb5e Core/Src/stm32f4xx_it.o
 .debug_line    0x00000000000030d0      0x4f8 Core/Src/sysmem.o
 .debug_line    0x00000000000035c8      0x779 Core/Src/system_stm32f4xx.o
 .debug_line    0x0000000000003d41       0x88 Core/Startup/startup_stm32f401retx.o
 .debug_line    0x0000000000003dc9      0xc11 Core/System/System.o
 .debug_line    0x00000000000049da      0xdf7 Core/Uart/UartPacket.o
 .debug_line    0x00000000000057d1      0x9df Drivers/STM32F4xx_HAL_Driver/Src/stm32f4xx_hal.o
 .debug_line    0x00000000000061b0      0xc8e Drivers/STM32F4xx_HAL_Driver/Src/stm32f4xx_hal_cortex.o
 .debug_line    0x0000000000006e3e      0xf48 Drivers/STM32F4xx_HAL_Driver/Src/stm32f4xx_hal_dma.o
 .debug_line    0x0000000000007d86      0xb1b Drivers/STM32F4xx_HAL_Driver/Src/stm32f4xx_hal_gpio.o
 .debug_line    0x00000000000088a1     0x3966 Drivers/STM32F4xx_HAL_Driver/Src/stm32f4xx_hal_i2c.o
 .debug_line    0x000000000000c207      0xd5b Drivers/STM32F4xx_HAL_Driver/Src/stm32f4xx_hal_rcc.o
 .debug_line    0x000000000000cf62     0x33e5 Drivers/STM32F4xx_HAL_Driver/Src/stm32f4xx_hal_tim.o
 .debug_line    0x0000000000010347     0x1947 Drivers/STM32F4xx_HAL_Driver/Src/stm32f4xx_hal_tim_ex.o
 .debug_line    0x0000000000011c8e     0x1aa5 Drivers/STM32F4xx_HAL_Driver/Src/stm32f4xx_hal_uart.o

.debug_str      0x0000000000000000    0x9060a
 .debug_str     0x0000000000000000    0x8bdd4 Core/LCD/Lcd_I2c.o
                                      0x8c1f3 (size before relaxing)
 .debug_str     0x000000000008bdd4       0x2f Core/Motor/MotorControl.o
                                       0x2e50 (size before relaxing)
 .debug_str     0x000000000008be03      0xa67 Core/Src/main.o
                                      0x8caff (size before relaxing)
 .debug_str     0x000000000008c86a       0xb3 Core/Src/stm32f4xx_hal_msp.o
                                      0x8c898 (size before relaxing)
 .debug_str     0x000000000008c91d       0xf7 Core/Src/stm32f4xx_it.o
                                      0x8c3b3 (size before relaxing)
 .debug_str     0x000000000008ca14      0x4e9 Core/Src/sysmem.o
                                       0x6289 (size before relaxing)
 .debug_str     0x000000000008cefd       0xaf Core/Src/system_stm32f4xx.o
                                      0x872de (size before relaxing)
 .debug_str     0x000000000008cfac       0x36 Core/Startup/startup_stm32f401retx.o
                                         0x5a (size before relaxing)
 .debug_str     0x000000000008cfe2      0x1c6 Core/System/System.o
                                      0x8c1ca (size before relaxing)
 .debug_str     0x000000000008d1a8      0x161 Core/Uart/UartPacket.o
                                      0x8c1da (size before relaxing)
 .debug_str     0x000000000008d309      0x58d Drivers/STM32F4xx_HAL_Driver/Src/stm32f4xx_hal.o
                                      0x87c5e (size before relaxing)
 .debug_str     0x000000000008d896      0x393 Drivers/STM32F4xx_HAL_Driver/Src/stm32f4xx_hal_cortex.o
                                      0x87a3b (size before relaxing)
 .debug_str     0x000000000008dc29      0x31d Drivers/STM32F4xx_HAL_Driver/Src/stm32f4xx_hal_dma.o
                                      0x876f6 (size before relaxing)
 .debug_str     0x000000000008df46      0x15a Drivers/STM32F4xx_HAL_Driver/Src/stm32f4xx_hal_gpio.o
                                      0x87485 (size before relaxing)
 .debug_str     0x000000000008e0a0      0xab8 Drivers/STM32F4xx_HAL_Driver/Src/stm32f4xx_hal_i2c.o
                                      0x88253 (size before relaxing)
 .debug_str     0x000000000008eb58      0x24e Drivers/STM32F4xx_HAL_Driver/Src/stm32f4xx_hal_rcc.o
                                      0x876e0 (size before relaxing)
 .debug_str     0x000000000008eda6      0xdb0 Drivers/STM32F4xx_HAL_Driver/Src/stm32f4xx_hal_tim.o
                                      0x885f4 (size before relaxing)
 .debug_str     0x000000000008fb56      0x4ee Drivers/STM32F4xx_HAL_Driver/Src/stm32f4xx_hal_tim_ex.o
                                      0x87da5 (size before relaxing)
 .debug_str     0x0000000000090044      0x5c6 Drivers/STM32F4xx_HAL_Driver/Src/stm32f4xx_hal_uart.o
                                      0x87c30 (size before relaxing)

.comment        0x0000000000000000       0x53
 .comment       0x0000000000000000       0x53 Core/LCD/Lcd_I2c.o
                                         0x54 (size before relaxing)
 .comment       0x0000000000000053       0x54 Core/Motor/MotorControl.o
 .comment       0x0000000000000053       0x54 Core/Src/main.o
 .comment       0x0000000000000053       0x54 Core/Src/stm32f4xx_hal_msp.o
 .comment       0x0000000000000053       0x54 Core/Src/stm32f4xx_it.o
 .comment       0x0000000000000053       0x54 Core/Src/sysmem.o
 .comment       0x0000000000000053       0x54 Core/Src/system_stm32f4xx.o
 .comment       0x0000000000000053       0x54 Core/System/System.o
 .comment       0x0000000000000053       0x54 Core/Uart/UartPacket.o
 .comment       0x0000000000000053       0x54 Drivers/STM32F4xx_HAL_Driver/Src/stm32f4xx_hal.o
 .comment       0x0000000000000053       0x54 Drivers/STM32F4xx_HAL_Driver/Src/stm32f4xx_hal_cortex.o
 .comment       0x0000000000000053       0x54 Drivers/STM32F4xx_HAL_Driver/Src/stm32f4xx_hal_dma.o
 .comment       0x0000000000000053       0x54 Drivers/STM32F4xx_HAL_Driver/Src/stm32f4xx_hal_gpio.o
 .comment       0x0000000000000053       0x54 Drivers/STM32F4xx_HAL_Driver/Src/stm32f4xx_hal_i2c.o
 .comment       0x0000000000000053       0x54 Drivers/STM32F4xx_HAL_Driver/Src/stm32f4xx_hal_rcc.o
 .comment       0x0000000000000053       0x54 Drivers/STM32F4xx_HAL_Driver/Src/stm32f4xx_hal_tim.o
 .comment       0x0000000000000053       0x54 Drivers/STM32F4xx_HAL_Driver/Src/stm32f4xx_hal_tim_ex.o
 .comment       0x0000000000000053       0x54 Drivers/STM32F4xx_HAL_Driver/Src/stm32f4xx_hal_uart.o

.debug_frame    0x0000000000000000     0x49b0
 .debug_frame   0x0000000000000000      0x1fc Core/LCD/Lcd_I2c.o
 .debug_frame   0x00000000000001fc       0x30 Core/Motor/MotorControl.o
 .debug_frame   0x000000000000022c      0x164 Core/Src/main.o
 .debug_frame   0x0000000000000390      0x10c Core/Src/stm32f4xx_hal_msp.o
 .debug_frame   0x000000000000049c      0x158 Core/Src/stm32f4xx_it.o
 .debug_frame   0x00000000000005f4       0x34 Core/Src/sysmem.o
 .debug_frame   0x0000000000000628       0x58 Core/Src/system_stm32f4xx.o
 .debug_frame   0x0000000000000680      0x19c Core/System/System.o
 .debug_frame   0x000000000000081c      0x214 Core/Uart/UartPacket.o
 .debug_frame   0x0000000000000a30      0x374 Drivers/STM32F4xx_HAL_Driver/Src/stm32f4xx_hal.o
 .debug_frame   0x0000000000000da4      0x498 Drivers/STM32F4xx_HAL_Driver/Src/stm32f4xx_hal_cortex.o
 .debug_frame   0x000000000000123c      0x250 Drivers/STM32F4xx_HAL_Driver/Src/stm32f4xx_hal_dma.o
 .debug_frame   0x000000000000148c      0x14c Drivers/STM32F4xx_HAL_Driver/Src/stm32f4xx_hal_gpio.o
 .debug_frame   0x00000000000015d8      0xc5c Drivers/STM32F4xx_HAL_Driver/Src/stm32f4xx_hal_i2c.o
 .debug_frame   0x0000000000002234      0x1f0 Drivers/STM32F4xx_HAL_Driver/Src/stm32f4xx_hal_rcc.o
 .debug_frame   0x0000000000002424     0x11bc Drivers/STM32F4xx_HAL_Driver/Src/stm32f4xx_hal_tim.o
 .debug_frame   0x00000000000035e0      0x638 Drivers/STM32F4xx_HAL_Driver/Src/stm32f4xx_hal_tim_ex.o
 .debug_frame   0x0000000000003c18      0x924 Drivers/STM32F4xx_HAL_Driver/Src/stm32f4xx_hal_uart.o
 .debug_frame   0x000000000000453c       0x20 c:/st/stm32cubeide_1.6.0/stm32cubeide/plugins/com.st.stm32cube.ide.mcu.externaltools.gnu-tools-for-stm32.9-2020-q2-update.win32_1.5.0.202011040924/tools/bin/../lib/gcc/arm-none-eabi/9.3.1/../../../../arm-none-eabi/lib/thumb/v7e-m+fp/hard\libc_nano.a(lib_a-errno.o)
 .debug_frame   0x000000000000455c       0x2c c:/st/stm32cubeide_1.6.0/stm32cubeide/plugins/com.st.stm32cube.ide.mcu.externaltools.gnu-tools-for-stm32.9-2020-q2-update.win32_1.5.0.202011040924/tools/bin/../lib/gcc/arm-none-eabi/9.3.1/../../../../arm-none-eabi/lib/thumb/v7e-m+fp/hard\libc_nano.a(lib_a-init.o)
 .debug_frame   0x0000000000004588       0x20 c:/st/stm32cubeide_1.6.0/stm32cubeide/plugins/com.st.stm32cube.ide.mcu.externaltools.gnu-tools-for-stm32.9-2020-q2-update.win32_1.5.0.202011040924/tools/bin/../lib/gcc/arm-none-eabi/9.3.1/../../../../arm-none-eabi/lib/thumb/v7e-m+fp/hard\libc_nano.a(lib_a-memset.o)
 .debug_frame   0x00000000000045a8       0x3c c:/st/stm32cubeide_1.6.0/stm32cubeide/plugins/com.st.stm32cube.ide.mcu.externaltools.gnu-tools-for-stm32.9-2020-q2-update.win32_1.5.0.202011040924/tools/bin/../lib/gcc/arm-none-eabi/9.3.1/../../../../arm-none-eabi/lib/thumb/v7e-m+fp/hard\libc_nano.a(lib_a-vsprintf.o)
 .debug_frame   0x00000000000045e4       0x90 c:/st/stm32cubeide_1.6.0/stm32cubeide/plugins/com.st.stm32cube.ide.mcu.externaltools.gnu-tools-for-stm32.9-2020-q2-update.win32_1.5.0.202011040924/tools/bin/../lib/gcc/arm-none-eabi/9.3.1/../../../../arm-none-eabi/lib/thumb/v7e-m+fp/hard\libc_nano.a(lib_a-nano-svfprintf.o)
 .debug_frame   0x0000000000004674       0x60 c:/st/stm32cubeide_1.6.0/stm32cubeide/plugins/com.st.stm32cube.ide.mcu.externaltools.gnu-tools-for-stm32.9-2020-q2-update.win32_1.5.0.202011040924/tools/bin/../lib/gcc/arm-none-eabi/9.3.1/../../../../arm-none-eabi/lib/thumb/v7e-m+fp/hard\libc_nano.a(lib_a-nano-vfprintf_i.o)
 .debug_frame   0x00000000000046d4       0x28 c:/st/stm32cubeide_1.6.0/stm32cubeide/plugins/com.st.stm32cube.ide.mcu.externaltools.gnu-tools-for-stm32.9-2020-q2-update.win32_1.5.0.202011040924/tools/bin/../lib/gcc/arm-none-eabi/9.3.1/../../../../arm-none-eabi/lib/thumb/v7e-m+fp/hard\libc_nano.a(lib_a-memcpy-stub.o)
 .debug_frame   0x00000000000046fc       0x28 c:/st/stm32cubeide_1.6.0/stm32cubeide/plugins/com.st.stm32cube.ide.mcu.externaltools.gnu-tools-for-stm32.9-2020-q2-update.win32_1.5.0.202011040924/tools/bin/../lib/gcc/arm-none-eabi/9.3.1/../../../../arm-none-eabi/lib/thumb/v7e-m+fp/hard\libc_nano.a(lib_a-memmove.o)
 .debug_frame   0x0000000000004724       0x38 c:/st/stm32cubeide_1.6.0/stm32cubeide/plugins/com.st.stm32cube.ide.mcu.externaltools.gnu-tools-for-stm32.9-2020-q2-update.win32_1.5.0.202011040924/tools/bin/../lib/gcc/arm-none-eabi/9.3.1/../../../../arm-none-eabi/lib/thumb/v7e-m+fp/hard\libc_nano.a(lib_a-nano-freer.o)
 .debug_frame   0x000000000000475c       0x30 c:/st/stm32cubeide_1.6.0/stm32cubeide/plugins/com.st.stm32cube.ide.mcu.externaltools.gnu-tools-for-stm32.9-2020-q2-update.win32_1.5.0.202011040924/tools/bin/../lib/gcc/arm-none-eabi/9.3.1/../../../../arm-none-eabi/lib/thumb/v7e-m+fp/hard\libc_nano.a(lib_a-nano-mallocr.o)
 .debug_frame   0x000000000000478c       0x3c c:/st/stm32cubeide_1.6.0/stm32cubeide/plugins/com.st.stm32cube.ide.mcu.externaltools.gnu-tools-for-stm32.9-2020-q2-update.win32_1.5.0.202011040924/tools/bin/../lib/gcc/arm-none-eabi/9.3.1/../../../../arm-none-eabi/lib/thumb/v7e-m+fp/hard\libc_nano.a(lib_a-nano-reallocr.o)
 .debug_frame   0x00000000000047c8       0x2c c:/st/stm32cubeide_1.6.0/stm32cubeide/plugins/com.st.stm32cube.ide.mcu.externaltools.gnu-tools-for-stm32.9-2020-q2-update.win32_1.5.0.202011040924/tools/bin/../lib/gcc/arm-none-eabi/9.3.1/../../../../arm-none-eabi/lib/thumb/v7e-m+fp/hard\libc_nano.a(lib_a-sbrkr.o)
 .debug_frame   0x00000000000047f4       0x30 c:/st/stm32cubeide_1.6.0/stm32cubeide/plugins/com.st.stm32cube.ide.mcu.externaltools.gnu-tools-for-stm32.9-2020-q2-update.win32_1.5.0.202011040924/tools/bin/../lib/gcc/arm-none-eabi/9.3.1/../../../../arm-none-eabi/lib/thumb/v7e-m+fp/hard\libc_nano.a(lib_a-mlock.o)
 .debug_frame   0x0000000000004824       0x20 c:/st/stm32cubeide_1.6.0/stm32cubeide/plugins/com.st.stm32cube.ide.mcu.externaltools.gnu-tools-for-stm32.9-2020-q2-update.win32_1.5.0.202011040924/tools/bin/../lib/gcc/arm-none-eabi/9.3.1/../../../../arm-none-eabi/lib/thumb/v7e-m+fp/hard\libc_nano.a(lib_a-nano-msizer.o)
 .debug_frame   0x0000000000004844       0x5c c:/st/stm32cubeide_1.6.0/stm32cubeide/plugins/com.st.stm32cube.ide.mcu.externaltools.gnu-tools-for-stm32.9-2020-q2-update.win32_1.5.0.202011040924/tools/bin/../lib/gcc/arm-none-eabi/9.3.1/../../../../arm-none-eabi/lib/thumb/v7e-m+fp/hard\libc_nano.a(lib_a-reent.o)
 .debug_frame   0x00000000000048a0       0xb0 c:/st/stm32cubeide_1.6.0/stm32cubeide/plugins/com.st.stm32cube.ide.mcu.externaltools.gnu-tools-for-stm32.9-2020-q2-update.win32_1.5.0.202011040924/tools/bin/../lib/gcc/arm-none-eabi/9.3.1/../../../../arm-none-eabi/lib/thumb/v7e-m+fp/hard\libc_nano.a(lib_a-lock.o)