core_cm4.h:1939:34:__NVIC_SystemReset	4	static,ignoring_inline_asm
UartPacket.c:14:6:UartPacket_Init	16	static
UartPacket.c:30:6:UartPacket_Connecting	64	static
UartPacket.c:50:6:UartPacket_CheckConnection	16	static
UartPacket.c:75:9:UartPacket_CreateChecksum	24	static
UartPacket.c:89:9:UartPacket_CheckChecksum	24	static
UartPacket.c:108:14:UartPacket_Encode	16	static
UartPacket.c:114:9:UartPacket_RxTask	80	static
UartPacket.c:217:6:UartPacket_TxTask	64	static
UartPacket.c:237:9:UartPacket_QueueEmpty	8	static
UartPacket.c:246:9:UartPacket_QueueFull	8	static
UartPacket.c:255:6:UartPacket_QueuePush	16	static
UartPacket.c:264:6:UartPacket_QueuePop	16	static
