UartPacket.c:14:6:UartPacket_Init	16	static
UartPacket.c:30:6:UartPacket_Connecting	64	static
UartPacket.c:50:6:UartPacket_CheckConnection	16	static
UartPacket.c:68:9:UartPacket_CreateChecksum	24	static
UartPacket.c:82:9:UartPacket_CheckChecksum	24	static
UartPacket.c:101:14:UartPacket_Encode	16	static
UartPacket.c:107:9:UartPacket_RxTask	88	static
UartPacket.c:276:6:UartPacket_TxTask	64	static
UartPacket.c:296:9:UartPacket_QueueEmpty	8	static
UartPacket.c:305:9:UartPacket_QueueFull	8	static
UartPacket.c:314:6:UartPacket_QueuePush	16	static
UartPacket.c:323:6:UartPacket_QueuePop	16	static
