23:08:32 **** Build of configuration Debug for project Whale_mk1 ****
make -j12 all 
arm-none-eabi-gcc "../Drivers/STM32F4xx_HAL_Driver/Src/stm32f4xx_hal.c" -mcpu=cortex-m4 -std=gnu11 -g3 -DDEBUG -DUSE_HAL_DRIVER -DSTM32F401xE -c -I../Core/Inc -I../Drivers/STM32F4xx_HAL_Driver/Inc -I../Drivers/STM32F4xx_HAL_Driver/Inc/Legacy -I../Drivers/CMSIS/Device/ST/STM32F4xx/Include -I../Drivers/CMSIS/Include -O0 -ffunction-sections -fdata-sections -Wall -fstack-usage -MMD -MP -MF"Drivers/STM32F4xx_HAL_Driver/Src/stm32f4xx_hal.d" -MT"Drivers/STM32F4xx_HAL_Driver/Src/stm32f4xx_hal.o" --specs=nano.specs -mfpu=fpv4-sp-d16 -mfloat-abi=hard -mthumb -o "Drivers/STM32F4xx_HAL_Driver/Src/stm32f4xx_hal.o"
arm-none-eabi-gcc "../Drivers/STM32F4xx_HAL_Driver/Src/stm32f4xx_hal_cortex.c" -mcpu=cortex-m4 -std=gnu11 -g3 -DDEBUG -DUSE_HAL_DRIVER -DSTM32F401xE -c -I../Core/Inc -I../Drivers/STM32F4xx_HAL_Driver/Inc -I../Drivers/STM32F4xx_HAL_Driver/Inc/Legacy -I../Drivers/CMSIS/Device/ST/STM32F4xx/Include -I../Drivers/CMSIS/Include -O0 -ffunction-sections -fdata-sections -Wall -fstack-usage -MMD -MP -MF"Drivers/STM32F4xx_HAL_Driver/Src/stm32f4xx_hal_cortex.d" -MT"Drivers/STM32F4xx_HAL_Driver/Src/stm32f4xx_hal_cortex.o" --specs=nano.specs -mfpu=fpv4-sp-d16 -mfloat-abi=hard -mthumb -o "Drivers/STM32F4xx_HAL_Driver/Src/stm32f4xx_hal_cortex.o"
arm-none-eabi-gcc "../Drivers/STM32F4xx_HAL_Driver/Src/stm32f4xx_hal_dma.c" -mcpu=cortex-m4 -std=gnu11 -g3 -DDEBUG -DUSE_HAL_DRIVER -DSTM32F401xE -c -I../Core/Inc -I../Drivers/STM32F4xx_HAL_Driver/Inc -I../Drivers/STM32F4xx_HAL_Driver/Inc/Legacy -I../Drivers/CMSIS/Device/ST/STM32F4xx/Include -I../Drivers/CMSIS/Include -O0 -ffunction-sections -fdata-sections -Wall -fstack-usage -MMD -MP -MF"Drivers/STM32F4xx_HAL_Driver/Src/stm32f4xx_hal_dma.d" -MT"Drivers/STM32F4xx_HAL_Driver/Src/stm32f4xx_hal_dma.o" --specs=nano.specs -mfpu=fpv4-sp-d16 -mfloat-abi=hard -mthumb -o "Drivers/STM32F4xx_HAL_Driver/Src/stm32f4xx_hal_dma.o"
arm-none-eabi-gcc "../Drivers/STM32F4xx_HAL_Driver/Src/stm32f4xx_hal_dma_ex.c" -mcpu=cortex-m4 -std=gnu11 -g3 -DDEBUG -DUSE_HAL_DRIVER -DSTM32F401xE -c -I../Core/Inc -I../Drivers/STM32F4xx_HAL_Driver/Inc -I../Drivers/STM32F4xx_HAL_Driver/Inc/Legacy -I../Drivers/CMSIS/Device/ST/STM32F4xx/Include -I../Drivers/CMSIS/Include -O0 -ffunction-sections -fdata-sections -Wall -fstack-usage -MMD -MP -MF"Drivers/STM32F4xx_HAL_Driver/Src/stm32f4xx_hal_dma_ex.d" -MT"Drivers/STM32F4xx_HAL_Driver/Src/stm32f4xx_hal_dma_ex.o" --specs=nano.specs -mfpu=fpv4-sp-d16 -mfloat-abi=hard -mthumb -o "Drivers/STM32F4xx_HAL_Driver/Src/stm32f4xx_hal_dma_ex.o"
arm-none-eabi-gcc "../Drivers/STM32F4xx_HAL_Driver/Src/stm32f4xx_hal_exti.c" -mcpu=cortex-m4 -std=gnu11 -g3 -DDEBUG -DUSE_HAL_DRIVER -DSTM32F401xE -c -I../Core/Inc -I../Drivers/STM32F4xx_HAL_Driver/Inc -I../Drivers/STM32F4xx_HAL_Driver/Inc/Legacy -I../Drivers/CMSIS/Device/ST/STM32F4xx/Include -I../Drivers/CMSIS/Include -O0 -ffunction-sections -fdata-sections -Wall -fstack-usage -MMD -MP -MF"Drivers/STM32F4xx_HAL_Driver/Src/stm32f4xx_hal_exti.d" -MT"Drivers/STM32F4xx_HAL_Driver/Src/stm32f4xx_hal_exti.o" --specs=nano.specs -mfpu=fpv4-sp-d16 -mfloat-abi=hard -mthumb -o "Drivers/STM32F4xx_HAL_Driver/Src/stm32f4xx_hal_exti.o"
arm-none-eabi-gcc "../Drivers/STM32F4xx_HAL_Driver/Src/stm32f4xx_hal_flash.c" -mcpu=cortex-m4 -std=gnu11 -g3 -DDEBUG -DUSE_HAL_DRIVER -DSTM32F401xE -c -I../Core/Inc -I../Drivers/STM32F4xx_HAL_Driver/Inc -I../Drivers/STM32F4xx_HAL_Driver/Inc/Legacy -I../Drivers/CMSIS/Device/ST/STM32F4xx/Include -I../Drivers/CMSIS/Include -O0 -ffunction-sections -fdata-sections -Wall -fstack-usage -MMD -MP -MF"Drivers/STM32F4xx_HAL_Driver/Src/stm32f4xx_hal_flash.d" -MT"Drivers/STM32F4xx_HAL_Driver/Src/stm32f4xx_hal_flash.o" --specs=nano.specs -mfpu=fpv4-sp-d16 -mfloat-abi=hard -mthumb -o "Drivers/STM32F4xx_HAL_Driver/Src/stm32f4xx_hal_flash.o"
arm-none-eabi-gcc "../Drivers/STM32F4xx_HAL_Driver/Src/stm32f4xx_hal_flash_ex.c" -mcpu=cortex-m4 -std=gnu11 -g3 -DDEBUG -DUSE_HAL_DRIVER -DSTM32F401xE -c -I../Core/Inc -I../Drivers/STM32F4xx_HAL_Driver/Inc -I../Drivers/STM32F4xx_HAL_Driver/Inc/Legacy -I../Drivers/CMSIS/Device/ST/STM32F4xx/Include -I../Drivers/CMSIS/Include -O0 -ffunction-sections -fdata-sections -Wall -fstack-usage -MMD -MP -MF"Drivers/STM32F4xx_HAL_Driver/Src/stm32f4xx_hal_flash_ex.d" -MT"Drivers/STM32F4xx_HAL_Driver/Src/stm32f4xx_hal_flash_ex.o" --specs=nano.specs -mfpu=fpv4-sp-d16 -mfloat-abi=hard -mthumb -o "Drivers/STM32F4xx_HAL_Driver/Src/stm32f4xx_hal_flash_ex.o"
arm-none-eabi-gcc "../Drivers/STM32F4xx_HAL_Driver/Src/stm32f4xx_hal_flash_ramfunc.c" -mcpu=cortex-m4 -std=gnu11 -g3 -DDEBUG -DUSE_HAL_DRIVER -DSTM32F401xE -c -I../Core/Inc -I../Drivers/STM32F4xx_HAL_Driver/Inc -I../Drivers/STM32F4xx_HAL_Driver/Inc/Legacy -I../Drivers/CMSIS/Device/ST/STM32F4xx/Include -I../Drivers/CMSIS/Include -O0 -ffunction-sections -fdata-sections -Wall -fstack-usage -MMD -MP -MF"Drivers/STM32F4xx_HAL_Driver/Src/stm32f4xx_hal_flash_ramfunc.d" -MT"Drivers/STM32F4xx_HAL_Driver/Src/stm32f4xx_hal_flash_ramfunc.o" --specs=nano.specs -mfpu=fpv4-sp-d16 -mfloat-abi=hard -mthumb -o "Drivers/STM32F4xx_HAL_Driver/Src/stm32f4xx_hal_flash_ramfunc.o"
arm-none-eabi-gcc "../Drivers/STM32F4xx_HAL_Driver/Src/stm32f4xx_hal_gpio.c" -mcpu=cortex-m4 -std=gnu11 -g3 -DDEBUG -DUSE_HAL_DRIVER -DSTM32F401xE -c -I../Core/Inc -I../Drivers/STM32F4xx_HAL_Driver/Inc -I../Drivers/STM32F4xx_HAL_Driver/Inc/Legacy -I../Drivers/CMSIS/Device/ST/STM32F4xx/Include -I../Drivers/CMSIS/Include -O0 -ffunction-sections -fdata-sections -Wall -fstack-usage -MMD -MP -MF"Drivers/STM32F4xx_HAL_Driver/Src/stm32f4xx_hal_gpio.d" -MT"Drivers/STM32F4xx_HAL_Driver/Src/stm32f4xx_hal_gpio.o" --specs=nano.specs -mfpu=fpv4-sp-d16 -mfloat-abi=hard -mthumb -o "Drivers/STM32F4xx_HAL_Driver/Src/stm32f4xx_hal_gpio.o"
arm-none-eabi-gcc "../Drivers/STM32F4xx_HAL_Driver/Src/stm32f4xx_hal_pwr.c" -mcpu=cortex-m4 -std=gnu11 -g3 -DDEBUG -DUSE_HAL_DRIVER -DSTM32F401xE -c -I../Core/Inc -I../Drivers/STM32F4xx_HAL_Driver/Inc -I../Drivers/STM32F4xx_HAL_Driver/Inc/Legacy -I../Drivers/CMSIS/Device/ST/STM32F4xx/Include -I../Drivers/CMSIS/Include -O0 -ffunction-sections -fdata-sections -Wall -fstack-usage -MMD -MP -MF"Drivers/STM32F4xx_HAL_Driver/Src/stm32f4xx_hal_pwr.d" -MT"Drivers/STM32F4xx_HAL_Driver/Src/stm32f4xx_hal_pwr.o" --specs=nano.specs -mfpu=fpv4-sp-d16 -mfloat-abi=hard -mthumb -o "Drivers/STM32F4xx_HAL_Driver/Src/stm32f4xx_hal_pwr.o"
arm-none-eabi-gcc "../Drivers/STM32F4xx_HAL_Driver/Src/stm32f4xx_hal_pwr_ex.c" -mcpu=cortex-m4 -std=gnu11 -g3 -DDEBUG -DUSE_HAL_DRIVER -DSTM32F401xE -c -I../Core/Inc -I../Drivers/STM32F4xx_HAL_Driver/Inc -I../Drivers/STM32F4xx_HAL_Driver/Inc/Legacy -I../Drivers/CMSIS/Device/ST/STM32F4xx/Include -I../Drivers/CMSIS/Include -O0 -ffunction-sections -fdata-sections -Wall -fstack-usage -MMD -MP -MF"Drivers/STM32F4xx_HAL_Driver/Src/stm32f4xx_hal_pwr_ex.d" -MT"Drivers/STM32F4xx_HAL_Driver/Src/stm32f4xx_hal_pwr_ex.o" --specs=nano.specs -mfpu=fpv4-sp-d16 -mfloat-abi=hard -mthumb -o "Drivers/STM32F4xx_HAL_Driver/Src/stm32f4xx_hal_pwr_ex.o"
arm-none-eabi-gcc "../Drivers/STM32F4xx_HAL_Driver/Src/stm32f4xx_hal_rcc.c" -mcpu=cortex-m4 -std=gnu11 -g3 -DDEBUG -DUSE_HAL_DRIVER -DSTM32F401xE -c -I../Core/Inc -I../Drivers/STM32F4xx_HAL_Driver/Inc -I../Drivers/STM32F4xx_HAL_Driver/Inc/Legacy -I../Drivers/CMSIS/Device/ST/STM32F4xx/Include -I../Drivers/CMSIS/Include -O0 -ffunction-sections -fdata-sections -Wall -fstack-usage -MMD -MP -MF"Drivers/STM32F4xx_HAL_Driver/Src/stm32f4xx_hal_rcc.d" -MT"Drivers/STM32F4xx_HAL_Driver/Src/stm32f4xx_hal_rcc.o" --specs=nano.specs -mfpu=fpv4-sp-d16 -mfloat-abi=hard -mthumb -o "Drivers/STM32F4xx_HAL_Driver/Src/stm32f4xx_hal_rcc.o"
arm-none-eabi-gcc "../Drivers/STM32F4xx_HAL_Driver/Src/stm32f4xx_hal_rcc_ex.c" -mcpu=cortex-m4 -std=gnu11 -g3 -DDEBUG -DUSE_HAL_DRIVER -DSTM32F401xE -c -I../Core/Inc -I../Drivers/STM32F4xx_HAL_Driver/Inc -I../Drivers/STM32F4xx_HAL_Driver/Inc/Legacy -I../Drivers/CMSIS/Device/ST/STM32F4xx/Include -I../Drivers/CMSIS/Include -O0 -ffunction-sections -fdata-sections -Wall -fstack-usage -MMD -MP -MF"Drivers/STM32F4xx_HAL_Driver/Src/stm32f4xx_hal_rcc_ex.d" -MT"Drivers/STM32F4xx_HAL_Driver/Src/stm32f4xx_hal_rcc_ex.o" --specs=nano.specs -mfpu=fpv4-sp-d16 -mfloat-abi=hard -mthumb -o "Drivers/STM32F4xx_HAL_Driver/Src/stm32f4xx_hal_rcc_ex.o"
arm-none-eabi-gcc "../Drivers/STM32F4xx_HAL_Driver/Src/stm32f4xx_hal_tim.c" -mcpu=cortex-m4 -std=gnu11 -g3 -DDEBUG -DUSE_HAL_DRIVER -DSTM32F401xE -c -I../Core/Inc -I../Drivers/STM32F4xx_HAL_Driver/Inc -I../Drivers/STM32F4xx_HAL_Driver/Inc/Legacy -I../Drivers/CMSIS/Device/ST/STM32F4xx/Include -I../Drivers/CMSIS/Include -O0 -ffunction-sections -fdata-sections -Wall -fstack-usage -MMD -MP -MF"Drivers/STM32F4xx_HAL_Driver/Src/stm32f4xx_hal_tim.d" -MT"Drivers/STM32F4xx_HAL_Driver/Src/stm32f4xx_hal_tim.o" --specs=nano.specs -mfpu=fpv4-sp-d16 -mfloat-abi=hard -mthumb -o "Drivers/STM32F4xx_HAL_Driver/Src/stm32f4xx_hal_tim.o"
arm-none-eabi-gcc "../Drivers/STM32F4xx_HAL_Driver/Src/stm32f4xx_hal_tim_ex.c" -mcpu=cortex-m4 -std=gnu11 -g3 -DDEBUG -DUSE_HAL_DRIVER -DSTM32F401xE -c -I../Core/Inc -I../Drivers/STM32F4xx_HAL_Driver/Inc -I../Drivers/STM32F4xx_HAL_Driver/Inc/Legacy -I../Drivers/CMSIS/Device/ST/STM32F4xx/Include -I../Drivers/CMSIS/Include -O0 -ffunction-sections -fdata-sections -Wall -fstack-usage -MMD -MP -MF"Drivers/STM32F4xx_HAL_Driver/Src/stm32f4xx_hal_tim_ex.d" -MT"Drivers/STM32F4xx_HAL_Driver/Src/stm32f4xx_hal_tim_ex.o" --specs=nano.specs -mfpu=fpv4-sp-d16 -mfloat-abi=hard -mthumb -o "Drivers/STM32F4xx_HAL_Driver/Src/stm32f4xx_hal_tim_ex.o"
arm-none-eabi-gcc "../Drivers/STM32F4xx_HAL_Driver/Src/stm32f4xx_hal_uart.c" -mcpu=cortex-m4 -std=gnu11 -g3 -DDEBUG -DUSE_HAL_DRIVER -DSTM32F401xE -c -I../Core/Inc -I../Drivers/STM32F4xx_HAL_Driver/Inc -I../Drivers/STM32F4xx_HAL_Driver/Inc/Legacy -I../Drivers/CMSIS/Device/ST/STM32F4xx/Include -I../Drivers/CMSIS/Include -O0 -ffunction-sections -fdata-sections -Wall -fstack-usage -MMD -MP -MF"Drivers/STM32F4xx_HAL_Driver/Src/stm32f4xx_hal_uart.d" -MT"Drivers/STM32F4xx_HAL_Driver/Src/stm32f4xx_hal_uart.o" --specs=nano.specs -mfpu=fpv4-sp-d16 -mfloat-abi=hard -mthumb -o "Drivers/STM32F4xx_HAL_Driver/Src/stm32f4xx_hal_uart.o"
arm-none-eabi-gcc "../Core/Uart/UartPacket.c" -mcpu=cortex-m4 -std=gnu11 -g3 -DDEBUG -DUSE_HAL_DRIVER -DSTM32F401xE -c -I../Core/Inc -I../Drivers/STM32F4xx_HAL_Driver/Inc -I../Drivers/STM32F4xx_HAL_Driver/Inc/Legacy -I../Drivers/CMSIS/Device/ST/STM32F4xx/Include -I../Drivers/CMSIS/Include -O0 -ffunction-sections -fdata-sections -Wall -fstack-usage -MMD -MP -MF"Core/Uart/UartPacket.d" -MT"Core/Uart/UartPacket.o" --specs=nano.specs -mfpu=fpv4-sp-d16 -mfloat-abi=hard -mthumb -o "Core/Uart/UartPacket.o"
arm-none-eabi-gcc -mcpu=cortex-m4 -g3 -c -x assembler-with-cpp -MMD -MP -MF"Core/Startup/startup_stm32f401retx.d" -MT"Core/Startup/startup_stm32f401retx.o" --specs=nano.specs -mfpu=fpv4-sp-d16 -mfloat-abi=hard -mthumb -o "Core/Startup/startup_stm32f401retx.o" "../Core/Startup/startup_stm32f401retx.s"
arm-none-eabi-gcc "../Core/Src/main.c" -mcpu=cortex-m4 -std=gnu11 -g3 -DDEBUG -DUSE_HAL_DRIVER -DSTM32F401xE -c -I../Core/Inc -I../Drivers/STM32F4xx_HAL_Driver/Inc -I../Drivers/STM32F4xx_HAL_Driver/Inc/Legacy -I../Drivers/CMSIS/Device/ST/STM32F4xx/Include -I../Drivers/CMSIS/Include -O0 -ffunction-sections -fdata-sections -Wall -fstack-usage -MMD -MP -MF"Core/Src/main.d" -MT"Core/Src/main.o" --specs=nano.specs -mfpu=fpv4-sp-d16 -mfloat-abi=hard -mthumb -o "Core/Src/main.o"
arm-none-eabi-gcc "../Core/Src/stm32f4xx_hal_msp.c" -mcpu=cortex-m4 -std=gnu11 -g3 -DDEBUG -DUSE_HAL_DRIVER -DSTM32F401xE -c -I../Core/Inc -I../Drivers/STM32F4xx_HAL_Driver/Inc -I../Drivers/STM32F4xx_HAL_Driver/Inc/Legacy -I../Drivers/CMSIS/Device/ST/STM32F4xx/Include -I../Drivers/CMSIS/Include -O0 -ffunction-sections -fdata-sections -Wall -fstack-usage -MMD -MP -MF"Core/Src/stm32f4xx_hal_msp.d" -MT"Core/Src/stm32f4xx_hal_msp.o" --specs=nano.specs -mfpu=fpv4-sp-d16 -mfloat-abi=hard -mthumb -o "Core/Src/stm32f4xx_hal_msp.o"
arm-none-eabi-gcc "../Core/Src/stm32f4xx_it.c" -mcpu=cortex-m4 -std=gnu11 -g3 -DDEBUG -DUSE_HAL_DRIVER -DSTM32F401xE -c -I../Core/Inc -I../Drivers/STM32F4xx_HAL_Driver/Inc -I../Drivers/STM32F4xx_HAL_Driver/Inc/Legacy -I../Drivers/CMSIS/Device/ST/STM32F4xx/Include -I../Drivers/CMSIS/Include -O0 -ffunction-sections -fdata-sections -Wall -fstack-usage -MMD -MP -MF"Core/Src/stm32f4xx_it.d" -MT"Core/Src/stm32f4xx_it.o" --specs=nano.specs -mfpu=fpv4-sp-d16 -mfloat-abi=hard -mthumb -o "Core/Src/stm32f4xx_it.o"
arm-none-eabi-gcc "../Core/Src/syscalls.c" -mcpu=cortex-m4 -std=gnu11 -g3 -DDEBUG -DUSE_HAL_DRIVER -DSTM32F401xE -c -I../Core/Inc -I../Drivers/STM32F4xx_HAL_Driver/Inc -I../Drivers/STM32F4xx_HAL_Driver/Inc/Legacy -I../Drivers/CMSIS/Device/ST/STM32F4xx/Include -I../Drivers/CMSIS/Include -O0 -ffunction-sections -fdata-sections -Wall -fstack-usage -MMD -MP -MF"Core/Src/syscalls.d" -MT"Core/Src/syscalls.o" --specs=nano.specs -mfpu=fpv4-sp-d16 -mfloat-abi=hard -mthumb -o "Core/Src/syscalls.o"
arm-none-eabi-gcc "../Core/Src/sysmem.c" -mcpu=cortex-m4 -std=gnu11 -g3 -DDEBUG -DUSE_HAL_DRIVER -DSTM32F401xE -c -I../Core/Inc -I../Drivers/STM32F4xx_HAL_Driver/Inc -I../Drivers/STM32F4xx_HAL_Driver/Inc/Legacy -I../Drivers/CMSIS/Device/ST/STM32F4xx/Include -I../Drivers/CMSIS/Include -O0 -ffunction-sections -fdata-sections -Wall -fstack-usage -MMD -MP -MF"Core/Src/sysmem.d" -MT"Core/Src/sysmem.o" --specs=nano.specs -mfpu=fpv4-sp-d16 -mfloat-abi=hard -mthumb -o "Core/Src/sysmem.o"
arm-none-eabi-gcc "../Core/Src/system_stm32f4xx.c" -mcpu=cortex-m4 -std=gnu11 -g3 -DDEBUG -DUSE_HAL_DRIVER -DSTM32F401xE -c -I../Core/Inc -I../Drivers/STM32F4xx_HAL_Driver/Inc -I../Drivers/STM32F4xx_HAL_Driver/Inc/Legacy -I../Drivers/CMSIS/Device/ST/STM32F4xx/Include -I../Drivers/CMSIS/Include -O0 -ffunction-sections -fdata-sections -Wall -fstack-usage -MMD -MP -MF"Core/Src/system_stm32f4xx.d" -MT"Core/Src/system_stm32f4xx.o" --specs=nano.specs -mfpu=fpv4-sp-d16 -mfloat-abi=hard -mthumb -o "Core/Src/system_stm32f4xx.o"
../Core/Uart/UartPacket.c: In function 'check_checksum':
../Core/Uart/UartPacket.c:36:10: error: 'True' undeclared (first use in this function)
   36 |   return True;
      |          ^~~~
../Core/Uart/UartPacket.c:36:10: note: each undeclared identifier is reported only once for each function it appears in
../Core/Uart/UartPacket.c:39:10: error: 'False' undeclared (first use in this function)
   39 |   return False;
      |          ^~~~~
../Core/Uart/UartPacket.c:41:1: warning: control reaches end of non-void function [-Wreturn-type]
   41 | }
      | ^
../Core/Src/main.c: In function 'main':
../Core/Src/main.c:103:13: error: 'FALSE' undeclared (first use in this function)
  103 |   flag_1s = FALSE;
      |             ^~~~~
../Core/Src/main.c:103:13: note: each undeclared identifier is reported only once for each function it appears in
../Core/Src/main.c:111:18: error: 'TRUE' undeclared (first use in this function)
  111 |    if(flag_1s == TRUE){
      |                  ^~~~
make: *** [Core/Uart/subdir.mk:19: Core/Uart/UartPacket.o] Error 1
make: *** Waiting for unfinished jobs....
../Core/Src/main.c: In function 'HAL_UART_RxCpltCallback':
../Core/Src/main.c:297:3: error: 'rx_packet' undeclared (first use in this function)
  297 |   rx_packet.Byte[0] = rxBuffer[0];
      |   ^~~~~~~~~
../Core/Src/main.c:297:23: error: 'rxBuffer' undeclared (first use in this function)
  297 |   rx_packet.Byte[0] = rxBuffer[0];
      |                       ^~~~~~~~
../Core/Src/main.c: In function 'HAL_TIM_PeriodElapsedCallback':
../Core/Src/main.c:312:14: error: 'TRUE' undeclared (first use in this function)
  312 |    flag_1s = TRUE;
      |              ^~~~
make: *** [Core/Src/subdir.mk:34: Core/Src/main.o] Error 1
"make -j12 all" terminated with exit code 2. Build might be incomplete.
23:08:43 **** Incremental Build of configuration Debug for project Whale_mk1 ****
make -j12 all 
arm-none-eabi-gcc "../Core/Uart/UartPacket.c" -mcpu=cortex-m4 -std=gnu11 -g3 -DDEBUG -DUSE_HAL_DRIVER -DSTM32F401xE -c -I../Core/Inc -I../Drivers/STM32F4xx_HAL_Driver/Inc -I../Drivers/STM32F4xx_HAL_Driver/Inc/Legacy -I../Drivers/CMSIS/Device/ST/STM32F4xx/Include -I../Drivers/CMSIS/Include -O0 -ffunction-sections -fdata-sections -Wall -fstack-usage -MMD -MP -MF"Core/Uart/UartPacket.d" -MT"Core/Uart/UartPacket.o" --specs=nano.specs -mfpu=fpv4-sp-d16 -mfloat-abi=hard -mthumb -o "Core/Uart/UartPacket.o"
arm-none-eabi-gcc "../Core/Src/main.c" -mcpu=cortex-m4 -std=gnu11 -g3 -DDEBUG -DUSE_HAL_DRIVER -DSTM32F401xE -c -I../Core/Inc -I../Drivers/STM32F4xx_HAL_Driver/Inc -I../Drivers/STM32F4xx_HAL_Driver/Inc/Legacy -I../Drivers/CMSIS/Device/ST/STM32F4xx/Include -I../Drivers/CMSIS/Include -O0 -ffunction-sections -fdata-sections -Wall -fstack-usage -MMD -MP -MF"Core/Src/main.d" -MT"Core/Src/main.o" --specs=nano.specs -mfpu=fpv4-sp-d16 -mfloat-abi=hard -mthumb -o "Core/Src/main.o"
../Core/Src/main.c: In function 'main':
../Core/Src/main.c:113:15: error: 'FALSE' undeclared (first use in this function)
  113 |     flag_1s = FALSE;
      |               ^~~~~
../Core/Src/main.c:113:15: note: each undeclared identifier is reported only once for each function it appears in
../Core/Uart/UartPacket.c: In function 'check_checksum':
../Core/Uart/UartPacket.c:36:10: error: 'True' undeclared (first use in this function)
   36 |   return True;
      |          ^~~~
../Core/Uart/UartPacket.c:36:10: note: each undeclared identifier is reported only once for each function it appears in
../Core/Uart/UartPacket.c:39:10: error: 'False' undeclared (first use in this function)
   39 |   return False;
      |          ^~~~~
../Core/Uart/UartPacket.c:41:1: warning: control reaches end of non-void function [-Wreturn-type]
   41 | }
      | ^
../Core/Src/main.c: In function 'HAL_UART_RxCpltCallback':
../Core/Src/main.c:297:3: error: 'rx_packet' undeclared (first use in this function)
  297 |   rx_packet.Byte[0] = rxBuffer[0];
      |   ^~~~~~~~~
make: *** [Core/Uart/subdir.mk:19: Core/Uart/UartPacket.o] Error 1
make: *** Waiting for unfinished jobs....
../Core/Src/main.c:297:23: error: 'rxBuffer' undeclared (first use in this function)
  297 |   rx_packet.Byte[0] = rxBuffer[0];
      |                       ^~~~~~~~
make: *** [Core/Src/subdir.mk:34: Core/Src/main.o] Error 1
"make -j12 all" terminated with exit code 2. Build might be incomplete.
23:08:53 **** Incremental Build of configuration Debug for project Whale_mk1 ****
make -j12 all 
arm-none-eabi-gcc "../Core/Uart/UartPacket.c" -mcpu=cortex-m4 -std=gnu11 -g3 -DDEBUG -DUSE_HAL_DRIVER -DSTM32F401xE -c -I../Core/Inc -I../Drivers/STM32F4xx_HAL_Driver/Inc -I../Drivers/STM32F4xx_HAL_Driver/Inc/Legacy -I../Drivers/CMSIS/Device/ST/STM32F4xx/Include -I../Drivers/CMSIS/Include -O0 -ffunction-sections -fdata-sections -Wall -fstack-usage -MMD -MP -MF"Core/Uart/UartPacket.d" -MT"Core/Uart/UartPacket.o" --specs=nano.specs -mfpu=fpv4-sp-d16 -mfloat-abi=hard -mthumb -o "Core/Uart/UartPacket.o"
arm-none-eabi-gcc "../Core/Src/main.c" -mcpu=cortex-m4 -std=gnu11 -g3 -DDEBUG -DUSE_HAL_DRIVER -DSTM32F401xE -c -I../Core/Inc -I../Drivers/STM32F4xx_HAL_Driver/Inc -I../Drivers/STM32F4xx_HAL_Driver/Inc/Legacy -I../Drivers/CMSIS/Device/ST/STM32F4xx/Include -I../Drivers/CMSIS/Include -O0 -ffunction-sections -fdata-sections -Wall -fstack-usage -MMD -MP -MF"Core/Src/main.d" -MT"Core/Src/main.o" --specs=nano.specs -mfpu=fpv4-sp-d16 -mfloat-abi=hard -mthumb -o "Core/Src/main.o"
../Core/Uart/UartPacket.c: In function 'check_checksum':
../Core/Uart/UartPacket.c:36:10: error: 'True' undeclared (first use in this function)
   36 |   return True;
      |          ^~~~
../Core/Uart/UartPacket.c:36:10: note: each undeclared identifier is reported only once for each function it appears in
../Core/Uart/UartPacket.c:39:10: error: 'False' undeclared (first use in this function)
   39 |   return False;
      |          ^~~~~
../Core/Uart/UartPacket.c:41:1: warning: control reaches end of non-void function [-Wreturn-type]
   41 | }
      | ^
../Core/Src/main.c: In function 'HAL_UART_RxCpltCallback':
../Core/Src/main.c:297:3: error: 'rx_packet' undeclared (first use in this function)
  297 |   rx_packet.Byte[0] = rxBuffer[0];
      |   ^~~~~~~~~
../Core/Src/main.c:297:3: note: each undeclared identifier is reported only once for each function it appears in
make: *** [Core/Uart/subdir.mk:19: Core/Uart/UartPacket.o] Error 1
make: *** Waiting for unfinished jobs....
../Core/Src/main.c:297:23: error: 'rxBuffer' undeclared (first use in this function)
  297 |   rx_packet.Byte[0] = rxBuffer[0];
      |                       ^~~~~~~~
make: *** [Core/Src/subdir.mk:34: Core/Src/main.o] Error 1
"make -j12 all" terminated with exit code 2. Build might be incomplete.
23:09:01 **** Incremental Build of configuration Debug for project Whale_mk1 ****
make -j12 all 
arm-none-eabi-gcc "../Core/Uart/UartPacket.c" -mcpu=cortex-m4 -std=gnu11 -g3 -DDEBUG -DUSE_HAL_DRIVER -DSTM32F401xE -c -I../Core/Inc -I../Drivers/STM32F4xx_HAL_Driver/Inc -I../Drivers/STM32F4xx_HAL_Driver/Inc/Legacy -I../Drivers/CMSIS/Device/ST/STM32F4xx/Include -I../Drivers/CMSIS/Include -O0 -ffunction-sections -fdata-sections -Wall -fstack-usage -MMD -MP -MF"Core/Uart/UartPacket.d" -MT"Core/Uart/UartPacket.o" --specs=nano.specs -mfpu=fpv4-sp-d16 -mfloat-abi=hard -mthumb -o "Core/Uart/UartPacket.o"
arm-none-eabi-gcc "../Core/Src/main.c" -mcpu=cortex-m4 -std=gnu11 -g3 -DDEBUG -DUSE_HAL_DRIVER -DSTM32F401xE -c -I../Core/Inc -I../Drivers/STM32F4xx_HAL_Driver/Inc -I../Drivers/STM32F4xx_HAL_Driver/Inc/Legacy -I../Drivers/CMSIS/Device/ST/STM32F4xx/Include -I../Drivers/CMSIS/Include -O0 -ffunction-sections -fdata-sections -Wall -fstack-usage -MMD -MP -MF"Core/Src/main.d" -MT"Core/Src/main.o" --specs=nano.specs -mfpu=fpv4-sp-d16 -mfloat-abi=hard -mthumb -o "Core/Src/main.o"
../Core/Src/main.c: In function 'HAL_UART_RxCpltCallback':
../Core/Src/main.c:297:3: error: 'rx_packet' undeclared (first use in this function)
  297 |   rx_packet.Byte[0] = rxBuffer[0];
      |   ^~~~~~~~~
../Core/Src/main.c:297:3: note: each undeclared identifier is reported only once for each function it appears in
../Core/Src/main.c:297:23: error: 'rxBuffer' undeclared (first use in this function)
  297 |   rx_packet.Byte[0] = rxBuffer[0];
      |                       ^~~~~~~~
make: *** [Core/Src/subdir.mk:34: Core/Src/main.o] Error 1
make: *** Waiting for unfinished jobs....
"make -j12 all" terminated with exit code 2. Build might be incomplete.
23:09:55 **** Incremental Build of configuration Debug for project Whale_mk1 ****
make -j12 all 
arm-none-eabi-gcc "../Core/Src/main.c" -mcpu=cortex-m4 -std=gnu11 -g3 -DDEBUG -DUSE_HAL_DRIVER -DSTM32F401xE -c -I../Core/Inc -I../Drivers/STM32F4xx_HAL_Driver/Inc -I../Drivers/STM32F4xx_HAL_Driver/Inc/Legacy -I../Drivers/CMSIS/Device/ST/STM32F4xx/Include -I../Drivers/CMSIS/Include -O0 -ffunction-sections -fdata-sections -Wall -fstack-usage -MMD -MP -MF"Core/Src/main.d" -MT"Core/Src/main.o" --specs=nano.specs -mfpu=fpv4-sp-d16 -mfloat-abi=hard -mthumb -o "Core/Src/main.o"
../Core/Src/main.c: In function 'HAL_UART_RxCpltCallback':
../Core/Src/main.c:301:21: error: 'rx_packet' undeclared (first use in this function)
  301 |   if(check_checksum(rx_packet)){
      |                     ^~~~~~~~~
../Core/Src/main.c:301:21: note: each undeclared identifier is reported only once for each function it appears in
make: *** [Core/Src/subdir.mk:34: Core/Src/main.o] Error 1
"make -j12 all" terminated with exit code 2. Build might be incomplete.
23:10:10 **** Incremental Build of configuration Debug for project Whale_mk1 ****
make -j12 all 
arm-none-eabi-gcc "../Core/Src/main.c" -mcpu=cortex-m4 -std=gnu11 -g3 -DDEBUG -DUSE_HAL_DRIVER -DSTM32F401xE -c -I../Core/Inc -I../Drivers/STM32F4xx_HAL_Driver/Inc -I../Drivers/STM32F4xx_HAL_Driver/Inc/Legacy -I../Drivers/CMSIS/Device/ST/STM32F4xx/Include -I../Drivers/CMSIS/Include -O0 -ffunction-sections -fdata-sections -Wall -fstack-usage -MMD -MP -MF"Core/Src/main.d" -MT"Core/Src/main.o" --specs=nano.specs -mfpu=fpv4-sp-d16 -mfloat-abi=hard -mthumb -o "Core/Src/main.o"
../Core/Src/main.c: In function 'HAL_UART_RxCpltCallback':
../Core/Src/main.c:302:14: error: 'rx_packet' undeclared (first use in this function)
  302 |    temp[0] = rx_packet.Byte[0];
      |              ^~~~~~~~~
../Core/Src/main.c:302:14: note: each undeclared identifier is reported only once for each function it appears in
make: *** [Core/Src/subdir.mk:34: Core/Src/main.o] Error 1
"make -j12 all" terminated with exit code 2. Build might be incomplete.
23:10:21 **** Incremental Build of configuration Debug for project Whale_mk1 ****
make -j12 all 
arm-none-eabi-gcc "../Core/Src/main.c" -mcpu=cortex-m4 -std=gnu11 -g3 -DDEBUG -DUSE_HAL_DRIVER -DSTM32F401xE -c -I../Core/Inc -I../Drivers/STM32F4xx_HAL_Driver/Inc -I../Drivers/STM32F4xx_HAL_Driver/Inc/Legacy -I../Drivers/CMSIS/Device/ST/STM32F4xx/Include -I../Drivers/CMSIS/Include -O0 -ffunction-sections -fdata-sections -Wall -fstack-usage -MMD -MP -MF"Core/Src/main.d" -MT"Core/Src/main.o" --specs=nano.specs -mfpu=fpv4-sp-d16 -mfloat-abi=hard -mthumb -o "Core/Src/main.o"
arm-none-eabi-g++ -o "Whale_mk1.elf" @"objects.list"   -mcpu=cortex-m4 -T"D:\Github\Whale_mk1\Whale_mk1\STM32F401RETX_FLASH.ld" --specs=nosys.specs -Wl,-Map="Whale_mk1.map" -Wl,--gc-sections -static --specs=nano.specs -mfpu=fpv4-sp-d16 -mfloat-abi=hard -mthumb -Wl,--start-group -lc -lm -lstdc++ -lsupc++ -Wl,--end-group
Finished building target: Whale_mk1.elf
 
arm-none-eabi-size   Whale_mk1.elf 
arm-none-eabi-objdump -h -S  Whale_mk1.elf  > "Whale_mk1.list"
arm-none-eabi-objcopy  -O binary  Whale_mk1.elf  "Whale_mk1.bin"
   text	   data	    bss	    dec	    hex	filename
  13956	     20	   1820	  15796	   3db4	Whale_mk1.elf
Finished building: default.size.stdout
 
Finished building: Whale_mk1.bin
 
Finished building: Whale_mk1.list
 
23:11:04 **** Incremental Build of configuration Debug for project Whale_mk1 ****
make -j12 all 
arm-none-eabi-size   Whale_mk1.elf 
   text	   data	    bss	    dec	    hex	filename
  13956	     20	   1820	  15796	   3db4	Whale_mk1.elf
Finished building: default.size.stdout
 
23:11:22 **** Incremental Build of configuration Debug for project Whale_mk1 ****
make -j12 all 
arm-none-eabi-size   Whale_mk1.elf 
   text	   data	    bss	    dec	    hex	filename
  13956	     20	   1820	  15796	   3db4	Whale_mk1.elf
Finished building: default.size.stdout
 
23:11:53 **** Incremental Build of configuration Debug for project Whale_mk1 ****
make -j12 all 
arm-none-eabi-size   Whale_mk1.elf 
   text	   data	    bss	    dec	    hex	filename
  13956	     20	   1820	  15796	   3db4	Whale_mk1.elf
Finished building: default.size.stdout
 
23:12:34 **** Incremental Build of configuration Debug for project Whale_mk1 ****
make -j12 all 
arm-none-eabi-gcc "../Core/Src/main.c" -mcpu=cortex-m4 -std=gnu11 -g3 -DDEBUG -DUSE_HAL_DRIVER -DSTM32F401xE -c -I../Core/Inc -I../Drivers/STM32F4xx_HAL_Driver/Inc -I../Drivers/STM32F4xx_HAL_Driver/Inc/Legacy -I../Drivers/CMSIS/Device/ST/STM32F4xx/Include -I../Drivers/CMSIS/Include -O0 -ffunction-sections -fdata-sections -Wall -fstack-usage -MMD -MP -MF"Core/Src/main.d" -MT"Core/Src/main.o" --specs=nano.specs -mfpu=fpv4-sp-d16 -mfloat-abi=hard -mthumb -o "Core/Src/main.o"
arm-none-eabi-g++ -o "Whale_mk1.elf" @"objects.list"   -mcpu=cortex-m4 -T"D:\Github\Whale_mk1\Whale_mk1\STM32F401RETX_FLASH.ld" --specs=nosys.specs -Wl,-Map="Whale_mk1.map" -Wl,--gc-sections -static --specs=nano.specs -mfpu=fpv4-sp-d16 -mfloat-abi=hard -mthumb -Wl,--start-group -lc -lm -lstdc++ -lsupc++ -Wl,--end-group
Finished building target: Whale_mk1.elf
 
arm-none-eabi-objdump -h -S  Whale_mk1.elf  > "Whale_mk1.list"
arm-none-eabi-objcopy  -O binary  Whale_mk1.elf  "Whale_mk1.bin"
arm-none-eabi-size   Whale_mk1.elf 
   text	   data	    bss	    dec	    hex	filename
  14164	     20	   1820	  16004	   3e84	Whale_mk1.elf
Finished building: default.size.stdout
 
Finished building: Whale_mk1.bin
 
Finished building: Whale_mk1.list
 
23:15:12 **** Incremental Build of configuration Debug for project Whale_mk1 ****
make -j12 all 
arm-none-eabi-gcc "../Core/Src/main.c" -mcpu=cortex-m4 -std=gnu11 -g3 -DDEBUG -DUSE_HAL_DRIVER -DSTM32F401xE -c -I../Core/Inc -I../Drivers/STM32F4xx_HAL_Driver/Inc -I../Drivers/STM32F4xx_HAL_Driver/Inc/Legacy -I../Drivers/CMSIS/Device/ST/STM32F4xx/Include -I../Drivers/CMSIS/Include -O0 -ffunction-sections -fdata-sections -Wall -fstack-usage -MMD -MP -MF"Core/Src/main.d" -MT"Core/Src/main.o" --specs=nano.specs -mfpu=fpv4-sp-d16 -mfloat-abi=hard -mthumb -o "Core/Src/main.o"
arm-none-eabi-g++ -o "Whale_mk1.elf" @"objects.list"   -mcpu=cortex-m4 -T"D:\Github\Whale_mk1\Whale_mk1\STM32F401RETX_FLASH.ld" --specs=nosys.specs -Wl,-Map="Whale_mk1.map" -Wl,--gc-sections -static --specs=nano.specs -mfpu=fpv4-sp-d16 -mfloat-abi=hard -mthumb -Wl,--start-group -lc -lm -lstdc++ -lsupc++ -Wl,--end-group
Finished building target: Whale_mk1.elf
 
arm-none-eabi-objdump -h -S  Whale_mk1.elf  > "Whale_mk1.list"
arm-none-eabi-objcopy  -O binary  Whale_mk1.elf  "Whale_mk1.bin"
arm-none-eabi-size   Whale_mk1.elf 
   text	   data	    bss	    dec	    hex	filename
  14168	     20	   1820	  16008	   3e88	Whale_mk1.elf
Finished building: default.size.stdout
 
Finished building: Whale_mk1.bin
 
Finished building: Whale_mk1.list
 
23:26:31 **** Incremental Build of configuration Debug for project Whale_mk1 ****
make -j12 all 
arm-none-eabi-gcc "../Drivers/STM32F4xx_HAL_Driver/Src/stm32f4xx_hal.c" -mcpu=cortex-m4 -std=gnu11 -g3 -DDEBUG -DUSE_HAL_DRIVER -DSTM32F401xE -c -I../Core/Inc -I../Drivers/STM32F4xx_HAL_Driver/Inc -I../Drivers/STM32F4xx_HAL_Driver/Inc/Legacy -I../Drivers/CMSIS/Device/ST/STM32F4xx/Include -I../Drivers/CMSIS/Include -O0 -ffunction-sections -fdata-sections -Wall -fstack-usage -MMD -MP -MF"Drivers/STM32F4xx_HAL_Driver/Src/stm32f4xx_hal.d" -MT"Drivers/STM32F4xx_HAL_Driver/Src/stm32f4xx_hal.o" --specs=nano.specs -mfpu=fpv4-sp-d16 -mfloat-abi=hard -mthumb -o "Drivers/STM32F4xx_HAL_Driver/Src/stm32f4xx_hal.o"
arm-none-eabi-gcc "../Drivers/STM32F4xx_HAL_Driver/Src/stm32f4xx_hal_cortex.c" -mcpu=cortex-m4 -std=gnu11 -g3 -DDEBUG -DUSE_HAL_DRIVER -DSTM32F401xE -c -I../Core/Inc -I../Drivers/STM32F4xx_HAL_Driver/Inc -I../Drivers/STM32F4xx_HAL_Driver/Inc/Legacy -I../Drivers/CMSIS/Device/ST/STM32F4xx/Include -I../Drivers/CMSIS/Include -O0 -ffunction-sections -fdata-sections -Wall -fstack-usage -MMD -MP -MF"Drivers/STM32F4xx_HAL_Driver/Src/stm32f4xx_hal_cortex.d" -MT"Drivers/STM32F4xx_HAL_Driver/Src/stm32f4xx_hal_cortex.o" --specs=nano.specs -mfpu=fpv4-sp-d16 -mfloat-abi=hard -mthumb -o "Drivers/STM32F4xx_HAL_Driver/Src/stm32f4xx_hal_cortex.o"
arm-none-eabi-gcc "../Drivers/STM32F4xx_HAL_Driver/Src/stm32f4xx_hal_dma.c" -mcpu=cortex-m4 -std=gnu11 -g3 -DDEBUG -DUSE_HAL_DRIVER -DSTM32F401xE -c -I../Core/Inc -I../Drivers/STM32F4xx_HAL_Driver/Inc -I../Drivers/STM32F4xx_HAL_Driver/Inc/Legacy -I../Drivers/CMSIS/Device/ST/STM32F4xx/Include -I../Drivers/CMSIS/Include -O0 -ffunction-sections -fdata-sections -Wall -fstack-usage -MMD -MP -MF"Drivers/STM32F4xx_HAL_Driver/Src/stm32f4xx_hal_dma.d" -MT"Drivers/STM32F4xx_HAL_Driver/Src/stm32f4xx_hal_dma.o" --specs=nano.specs -mfpu=fpv4-sp-d16 -mfloat-abi=hard -mthumb -o "Drivers/STM32F4xx_HAL_Driver/Src/stm32f4xx_hal_dma.o"
arm-none-eabi-gcc "../Drivers/STM32F4xx_HAL_Driver/Src/stm32f4xx_hal_dma_ex.c" -mcpu=cortex-m4 -std=gnu11 -g3 -DDEBUG -DUSE_HAL_DRIVER -DSTM32F401xE -c -I../Core/Inc -I../Drivers/STM32F4xx_HAL_Driver/Inc -I../Drivers/STM32F4xx_HAL_Driver/Inc/Legacy -I../Drivers/CMSIS/Device/ST/STM32F4xx/Include -I../Drivers/CMSIS/Include -O0 -ffunction-sections -fdata-sections -Wall -fstack-usage -MMD -MP -MF"Drivers/STM32F4xx_HAL_Driver/Src/stm32f4xx_hal_dma_ex.d" -MT"Drivers/STM32F4xx_HAL_Driver/Src/stm32f4xx_hal_dma_ex.o" --specs=nano.specs -mfpu=fpv4-sp-d16 -mfloat-abi=hard -mthumb -o "Drivers/STM32F4xx_HAL_Driver/Src/stm32f4xx_hal_dma_ex.o"
arm-none-eabi-gcc "../Drivers/STM32F4xx_HAL_Driver/Src/stm32f4xx_hal_exti.c" -mcpu=cortex-m4 -std=gnu11 -g3 -DDEBUG -DUSE_HAL_DRIVER -DSTM32F401xE -c -I../Core/Inc -I../Drivers/STM32F4xx_HAL_Driver/Inc -I../Drivers/STM32F4xx_HAL_Driver/Inc/Legacy -I../Drivers/CMSIS/Device/ST/STM32F4xx/Include -I../Drivers/CMSIS/Include -O0 -ffunction-sections -fdata-sections -Wall -fstack-usage -MMD -MP -MF"Drivers/STM32F4xx_HAL_Driver/Src/stm32f4xx_hal_exti.d" -MT"Drivers/STM32F4xx_HAL_Driver/Src/stm32f4xx_hal_exti.o" --specs=nano.specs -mfpu=fpv4-sp-d16 -mfloat-abi=hard -mthumb -o "Drivers/STM32F4xx_HAL_Driver/Src/stm32f4xx_hal_exti.o"
arm-none-eabi-gcc "../Drivers/STM32F4xx_HAL_Driver/Src/stm32f4xx_hal_flash.c" -mcpu=cortex-m4 -std=gnu11 -g3 -DDEBUG -DUSE_HAL_DRIVER -DSTM32F401xE -c -I../Core/Inc -I../Drivers/STM32F4xx_HAL_Driver/Inc -I../Drivers/STM32F4xx_HAL_Driver/Inc/Legacy -I../Drivers/CMSIS/Device/ST/STM32F4xx/Include -I../Drivers/CMSIS/Include -O0 -ffunction-sections -fdata-sections -Wall -fstack-usage -MMD -MP -MF"Drivers/STM32F4xx_HAL_Driver/Src/stm32f4xx_hal_flash.d" -MT"Drivers/STM32F4xx_HAL_Driver/Src/stm32f4xx_hal_flash.o" --specs=nano.specs -mfpu=fpv4-sp-d16 -mfloat-abi=hard -mthumb -o "Drivers/STM32F4xx_HAL_Driver/Src/stm32f4xx_hal_flash.o"
arm-none-eabi-gcc "../Drivers/STM32F4xx_HAL_Driver/Src/stm32f4xx_hal_flash_ex.c" -mcpu=cortex-m4 -std=gnu11 -g3 -DDEBUG -DUSE_HAL_DRIVER -DSTM32F401xE -c -I../Core/Inc -I../Drivers/STM32F4xx_HAL_Driver/Inc -I../Drivers/STM32F4xx_HAL_Driver/Inc/Legacy -I../Drivers/CMSIS/Device/ST/STM32F4xx/Include -I../Drivers/CMSIS/Include -O0 -ffunction-sections -fdata-sections -Wall -fstack-usage -MMD -MP -MF"Drivers/STM32F4xx_HAL_Driver/Src/stm32f4xx_hal_flash_ex.d" -MT"Drivers/STM32F4xx_HAL_Driver/Src/stm32f4xx_hal_flash_ex.o" --specs=nano.specs -mfpu=fpv4-sp-d16 -mfloat-abi=hard -mthumb -o "Drivers/STM32F4xx_HAL_Driver/Src/stm32f4xx_hal_flash_ex.o"
arm-none-eabi-gcc "../Drivers/STM32F4xx_HAL_Driver/Src/stm32f4xx_hal_flash_ramfunc.c" -mcpu=cortex-m4 -std=gnu11 -g3 -DDEBUG -DUSE_HAL_DRIVER -DSTM32F401xE -c -I../Core/Inc -I../Drivers/STM32F4xx_HAL_Driver/Inc -I../Drivers/STM32F4xx_HAL_Driver/Inc/Legacy -I../Drivers/CMSIS/Device/ST/STM32F4xx/Include -I../Drivers/CMSIS/Include -O0 -ffunction-sections -fdata-sections -Wall -fstack-usage -MMD -MP -MF"Drivers/STM32F4xx_HAL_Driver/Src/stm32f4xx_hal_flash_ramfunc.d" -MT"Drivers/STM32F4xx_HAL_Driver/Src/stm32f4xx_hal_flash_ramfunc.o" --specs=nano.specs -mfpu=fpv4-sp-d16 -mfloat-abi=hard -mthumb -o "Drivers/STM32F4xx_HAL_Driver/Src/stm32f4xx_hal_flash_ramfunc.o"
arm-none-eabi-gcc "../Drivers/STM32F4xx_HAL_Driver/Src/stm32f4xx_hal_gpio.c" -mcpu=cortex-m4 -std=gnu11 -g3 -DDEBUG -DUSE_HAL_DRIVER -DSTM32F401xE -c -I../Core/Inc -I../Drivers/STM32F4xx_HAL_Driver/Inc -I../Drivers/STM32F4xx_HAL_Driver/Inc/Legacy -I../Drivers/CMSIS/Device/ST/STM32F4xx/Include -I../Drivers/CMSIS/Include -O0 -ffunction-sections -fdata-sections -Wall -fstack-usage -MMD -MP -MF"Drivers/STM32F4xx_HAL_Driver/Src/stm32f4xx_hal_gpio.d" -MT"Drivers/STM32F4xx_HAL_Driver/Src/stm32f4xx_hal_gpio.o" --specs=nano.specs -mfpu=fpv4-sp-d16 -mfloat-abi=hard -mthumb -o "Drivers/STM32F4xx_HAL_Driver/Src/stm32f4xx_hal_gpio.o"
arm-none-eabi-gcc "../Drivers/STM32F4xx_HAL_Driver/Src/stm32f4xx_hal_i2c.c" -mcpu=cortex-m4 -std=gnu11 -g3 -DDEBUG -DUSE_HAL_DRIVER -DSTM32F401xE -c -I../Core/Inc -I../Drivers/STM32F4xx_HAL_Driver/Inc -I../Drivers/STM32F4xx_HAL_Driver/Inc/Legacy -I../Drivers/CMSIS/Device/ST/STM32F4xx/Include -I../Drivers/CMSIS/Include -O0 -ffunction-sections -fdata-sections -Wall -fstack-usage -MMD -MP -MF"Drivers/STM32F4xx_HAL_Driver/Src/stm32f4xx_hal_i2c.d" -MT"Drivers/STM32F4xx_HAL_Driver/Src/stm32f4xx_hal_i2c.o" --specs=nano.specs -mfpu=fpv4-sp-d16 -mfloat-abi=hard -mthumb -o "Drivers/STM32F4xx_HAL_Driver/Src/stm32f4xx_hal_i2c.o"
arm-none-eabi-gcc "../Drivers/STM32F4xx_HAL_Driver/Src/stm32f4xx_hal_i2c_ex.c" -mcpu=cortex-m4 -std=gnu11 -g3 -DDEBUG -DUSE_HAL_DRIVER -DSTM32F401xE -c -I../Core/Inc -I../Drivers/STM32F4xx_HAL_Driver/Inc -I../Drivers/STM32F4xx_HAL_Driver/Inc/Legacy -I../Drivers/CMSIS/Device/ST/STM32F4xx/Include -I../Drivers/CMSIS/Include -O0 -ffunction-sections -fdata-sections -Wall -fstack-usage -MMD -MP -MF"Drivers/STM32F4xx_HAL_Driver/Src/stm32f4xx_hal_i2c_ex.d" -MT"Drivers/STM32F4xx_HAL_Driver/Src/stm32f4xx_hal_i2c_ex.o" --specs=nano.specs -mfpu=fpv4-sp-d16 -mfloat-abi=hard -mthumb -o "Drivers/STM32F4xx_HAL_Driver/Src/stm32f4xx_hal_i2c_ex.o"
arm-none-eabi-gcc "../Drivers/STM32F4xx_HAL_Driver/Src/stm32f4xx_hal_pwr.c" -mcpu=cortex-m4 -std=gnu11 -g3 -DDEBUG -DUSE_HAL_DRIVER -DSTM32F401xE -c -I../Core/Inc -I../Drivers/STM32F4xx_HAL_Driver/Inc -I../Drivers/STM32F4xx_HAL_Driver/Inc/Legacy -I../Drivers/CMSIS/Device/ST/STM32F4xx/Include -I../Drivers/CMSIS/Include -O0 -ffunction-sections -fdata-sections -Wall -fstack-usage -MMD -MP -MF"Drivers/STM32F4xx_HAL_Driver/Src/stm32f4xx_hal_pwr.d" -MT"Drivers/STM32F4xx_HAL_Driver/Src/stm32f4xx_hal_pwr.o" --specs=nano.specs -mfpu=fpv4-sp-d16 -mfloat-abi=hard -mthumb -o "Drivers/STM32F4xx_HAL_Driver/Src/stm32f4xx_hal_pwr.o"
arm-none-eabi-gcc "../Drivers/STM32F4xx_HAL_Driver/Src/stm32f4xx_hal_pwr_ex.c" -mcpu=cortex-m4 -std=gnu11 -g3 -DDEBUG -DUSE_HAL_DRIVER -DSTM32F401xE -c -I../Core/Inc -I../Drivers/STM32F4xx_HAL_Driver/Inc -I../Drivers/STM32F4xx_HAL_Driver/Inc/Legacy -I../Drivers/CMSIS/Device/ST/STM32F4xx/Include -I../Drivers/CMSIS/Include -O0 -ffunction-sections -fdata-sections -Wall -fstack-usage -MMD -MP -MF"Drivers/STM32F4xx_HAL_Driver/Src/stm32f4xx_hal_pwr_ex.d" -MT"Drivers/STM32F4xx_HAL_Driver/Src/stm32f4xx_hal_pwr_ex.o" --specs=nano.specs -mfpu=fpv4-sp-d16 -mfloat-abi=hard -mthumb -o "Drivers/STM32F4xx_HAL_Driver/Src/stm32f4xx_hal_pwr_ex.o"
arm-none-eabi-gcc "../Drivers/STM32F4xx_HAL_Driver/Src/stm32f4xx_hal_rcc.c" -mcpu=cortex-m4 -std=gnu11 -g3 -DDEBUG -DUSE_HAL_DRIVER -DSTM32F401xE -c -I../Core/Inc -I../Drivers/STM32F4xx_HAL_Driver/Inc -I../Drivers/STM32F4xx_HAL_Driver/Inc/Legacy -I../Drivers/CMSIS/Device/ST/STM32F4xx/Include -I../Drivers/CMSIS/Include -O0 -ffunction-sections -fdata-sections -Wall -fstack-usage -MMD -MP -MF"Drivers/STM32F4xx_HAL_Driver/Src/stm32f4xx_hal_rcc.d" -MT"Drivers/STM32F4xx_HAL_Driver/Src/stm32f4xx_hal_rcc.o" --specs=nano.specs -mfpu=fpv4-sp-d16 -mfloat-abi=hard -mthumb -o "Drivers/STM32F4xx_HAL_Driver/Src/stm32f4xx_hal_rcc.o"
arm-none-eabi-gcc "../Drivers/STM32F4xx_HAL_Driver/Src/stm32f4xx_hal_rcc_ex.c" -mcpu=cortex-m4 -std=gnu11 -g3 -DDEBUG -DUSE_HAL_DRIVER -DSTM32F401xE -c -I../Core/Inc -I../Drivers/STM32F4xx_HAL_Driver/Inc -I../Drivers/STM32F4xx_HAL_Driver/Inc/Legacy -I../Drivers/CMSIS/Device/ST/STM32F4xx/Include -I../Drivers/CMSIS/Include -O0 -ffunction-sections -fdata-sections -Wall -fstack-usage -MMD -MP -MF"Drivers/STM32F4xx_HAL_Driver/Src/stm32f4xx_hal_rcc_ex.d" -MT"Drivers/STM32F4xx_HAL_Driver/Src/stm32f4xx_hal_rcc_ex.o" --specs=nano.specs -mfpu=fpv4-sp-d16 -mfloat-abi=hard -mthumb -o "Drivers/STM32F4xx_HAL_Driver/Src/stm32f4xx_hal_rcc_ex.o"
arm-none-eabi-gcc "../Drivers/STM32F4xx_HAL_Driver/Src/stm32f4xx_hal_tim.c" -mcpu=cortex-m4 -std=gnu11 -g3 -DDEBUG -DUSE_HAL_DRIVER -DSTM32F401xE -c -I../Core/Inc -I../Drivers/STM32F4xx_HAL_Driver/Inc -I../Drivers/STM32F4xx_HAL_Driver/Inc/Legacy -I../Drivers/CMSIS/Device/ST/STM32F4xx/Include -I../Drivers/CMSIS/Include -O0 -ffunction-sections -fdata-sections -Wall -fstack-usage -MMD -MP -MF"Drivers/STM32F4xx_HAL_Driver/Src/stm32f4xx_hal_tim.d" -MT"Drivers/STM32F4xx_HAL_Driver/Src/stm32f4xx_hal_tim.o" --specs=nano.specs -mfpu=fpv4-sp-d16 -mfloat-abi=hard -mthumb -o "Drivers/STM32F4xx_HAL_Driver/Src/stm32f4xx_hal_tim.o"
arm-none-eabi-gcc "../Drivers/STM32F4xx_HAL_Driver/Src/stm32f4xx_hal_tim_ex.c" -mcpu=cortex-m4 -std=gnu11 -g3 -DDEBUG -DUSE_HAL_DRIVER -DSTM32F401xE -c -I../Core/Inc -I../Drivers/STM32F4xx_HAL_Driver/Inc -I../Drivers/STM32F4xx_HAL_Driver/Inc/Legacy -I../Drivers/CMSIS/Device/ST/STM32F4xx/Include -I../Drivers/CMSIS/Include -O0 -ffunction-sections -fdata-sections -Wall -fstack-usage -MMD -MP -MF"Drivers/STM32F4xx_HAL_Driver/Src/stm32f4xx_hal_tim_ex.d" -MT"Drivers/STM32F4xx_HAL_Driver/Src/stm32f4xx_hal_tim_ex.o" --specs=nano.specs -mfpu=fpv4-sp-d16 -mfloat-abi=hard -mthumb -o "Drivers/STM32F4xx_HAL_Driver/Src/stm32f4xx_hal_tim_ex.o"
arm-none-eabi-gcc "../Drivers/STM32F4xx_HAL_Driver/Src/stm32f4xx_hal_uart.c" -mcpu=cortex-m4 -std=gnu11 -g3 -DDEBUG -DUSE_HAL_DRIVER -DSTM32F401xE -c -I../Core/Inc -I../Drivers/STM32F4xx_HAL_Driver/Inc -I../Drivers/STM32F4xx_HAL_Driver/Inc/Legacy -I../Drivers/CMSIS/Device/ST/STM32F4xx/Include -I../Drivers/CMSIS/Include -O0 -ffunction-sections -fdata-sections -Wall -fstack-usage -MMD -MP -MF"Drivers/STM32F4xx_HAL_Driver/Src/stm32f4xx_hal_uart.d" -MT"Drivers/STM32F4xx_HAL_Driver/Src/stm32f4xx_hal_uart.o" --specs=nano.specs -mfpu=fpv4-sp-d16 -mfloat-abi=hard -mthumb -o "Drivers/STM32F4xx_HAL_Driver/Src/stm32f4xx_hal_uart.o"
arm-none-eabi-gcc "../Core/Uart/UartPacket.c" -mcpu=cortex-m4 -std=gnu11 -g3 -DDEBUG -DUSE_HAL_DRIVER -DSTM32F401xE -c -I../Core/Inc -I../Drivers/STM32F4xx_HAL_Driver/Inc -I../Drivers/STM32F4xx_HAL_Driver/Inc/Legacy -I../Drivers/CMSIS/Device/ST/STM32F4xx/Include -I../Drivers/CMSIS/Include -O0 -ffunction-sections -fdata-sections -Wall -fstack-usage -MMD -MP -MF"Core/Uart/UartPacket.d" -MT"Core/Uart/UartPacket.o" --specs=nano.specs -mfpu=fpv4-sp-d16 -mfloat-abi=hard -mthumb -o "Core/Uart/UartPacket.o"
arm-none-eabi-gcc "../Core/Src/main.c" -mcpu=cortex-m4 -std=gnu11 -g3 -DDEBUG -DUSE_HAL_DRIVER -DSTM32F401xE -c -I../Core/Inc -I../Drivers/STM32F4xx_HAL_Driver/Inc -I../Drivers/STM32F4xx_HAL_Driver/Inc/Legacy -I../Drivers/CMSIS/Device/ST/STM32F4xx/Include -I../Drivers/CMSIS/Include -O0 -ffunction-sections -fdata-sections -Wall -fstack-usage -MMD -MP -MF"Core/Src/main.d" -MT"Core/Src/main.o" --specs=nano.specs -mfpu=fpv4-sp-d16 -mfloat-abi=hard -mthumb -o "Core/Src/main.o"
arm-none-eabi-gcc "../Core/Src/stm32f4xx_hal_msp.c" -mcpu=cortex-m4 -std=gnu11 -g3 -DDEBUG -DUSE_HAL_DRIVER -DSTM32F401xE -c -I../Core/Inc -I../Drivers/STM32F4xx_HAL_Driver/Inc -I../Drivers/STM32F4xx_HAL_Driver/Inc/Legacy -I../Drivers/CMSIS/Device/ST/STM32F4xx/Include -I../Drivers/CMSIS/Include -O0 -ffunction-sections -fdata-sections -Wall -fstack-usage -MMD -MP -MF"Core/Src/stm32f4xx_hal_msp.d" -MT"Core/Src/stm32f4xx_hal_msp.o" --specs=nano.specs -mfpu=fpv4-sp-d16 -mfloat-abi=hard -mthumb -o "Core/Src/stm32f4xx_hal_msp.o"
arm-none-eabi-gcc "../Core/Src/stm32f4xx_it.c" -mcpu=cortex-m4 -std=gnu11 -g3 -DDEBUG -DUSE_HAL_DRIVER -DSTM32F401xE -c -I../Core/Inc -I../Drivers/STM32F4xx_HAL_Driver/Inc -I../Drivers/STM32F4xx_HAL_Driver/Inc/Legacy -I../Drivers/CMSIS/Device/ST/STM32F4xx/Include -I../Drivers/CMSIS/Include -O0 -ffunction-sections -fdata-sections -Wall -fstack-usage -MMD -MP -MF"Core/Src/stm32f4xx_it.d" -MT"Core/Src/stm32f4xx_it.o" --specs=nano.specs -mfpu=fpv4-sp-d16 -mfloat-abi=hard -mthumb -o "Core/Src/stm32f4xx_it.o"
arm-none-eabi-gcc "../Core/Src/system_stm32f4xx.c" -mcpu=cortex-m4 -std=gnu11 -g3 -DDEBUG -DUSE_HAL_DRIVER -DSTM32F401xE -c -I../Core/Inc -I../Drivers/STM32F4xx_HAL_Driver/Inc -I../Drivers/STM32F4xx_HAL_Driver/Inc/Legacy -I../Drivers/CMSIS/Device/ST/STM32F4xx/Include -I../Drivers/CMSIS/Include -O0 -ffunction-sections -fdata-sections -Wall -fstack-usage -MMD -MP -MF"Core/Src/system_stm32f4xx.d" -MT"Core/Src/system_stm32f4xx.o" --specs=nano.specs -mfpu=fpv4-sp-d16 -mfloat-abi=hard -mthumb -o "Core/Src/system_stm32f4xx.o"
arm-none-eabi-gcc "../Core/LCD/Lcd_I2c.c" -mcpu=cortex-m4 -std=gnu11 -g3 -DDEBUG -DUSE_HAL_DRIVER -DSTM32F401xE -c -I../Core/Inc -I../Drivers/STM32F4xx_HAL_Driver/Inc -I../Drivers/STM32F4xx_HAL_Driver/Inc/Legacy -I../Drivers/CMSIS/Device/ST/STM32F4xx/Include -I../Drivers/CMSIS/Include -O0 -ffunction-sections -fdata-sections -Wall -fstack-usage -MMD -MP -MF"Core/LCD/Lcd_I2c.d" -MT"Core/LCD/Lcd_I2c.o" --specs=nano.specs -mfpu=fpv4-sp-d16 -mfloat-abi=hard -mthumb -o "Core/LCD/Lcd_I2c.o"
../Core/LCD/Lcd_I2c.c: In function 'LCD_BF':
../Core/LCD/Lcd_I2c.c:15:27: error: 'hi2c1' undeclared (first use in this function)
   15 |  HAL_I2C_Master_Transmit(&hi2c1, SLAVE_LCD_ADDRESS, tx_data, 2, 10);
      |                           ^~~~~
../Core/LCD/Lcd_I2c.c:15:27: note: each undeclared identifier is reported only once for each function it appears in
../Core/LCD/Lcd_I2c.c: In function 'LCD_Command_Tx_4bit':
../Core/LCD/Lcd_I2c.c:33:2: warning: implicit declaration of function 'HAL_I2C_Master_Trasmit'; did you mean 'HAL_I2C_Master_Transmit'? [-Wimplicit-function-declaration]
   33 |  HAL_I2C_Master_Trasmit(&hi2c1, SLAVE_LCD_ADDRESS, tx_data, 2, 100);
      |  ^~~~~~~~~~~~~~~~~~~~~~
      |  HAL_I2C_Master_Transmit
../Core/LCD/Lcd_I2c.c:33:26: error: 'hi2c1' undeclared (first use in this function)
   33 |  HAL_I2C_Master_Trasmit(&hi2c1, SLAVE_LCD_ADDRESS, tx_data, 2, 100);
      |                          ^~~~~
../Core/LCD/Lcd_I2c.c: In function 'LCD_Init':
../Core/LCD/Lcd_I2c.c:47:26: error: 'hi2c1' undeclared (first use in this function)
   47 |  HAL_I2C_Master_Trasmit(&hi2c1, SLAVE_LCD_ADDRESS, tx_data, 2, 10);
      |                          ^~~~~
../Core/LCD/Lcd_I2c.c: In function 'LCD_Write_String':
../Core/LCD/Lcd_I2c.c:69:13: warning: comparison between pointer and integer
   69 |   if(str[i] == NULL)
      |             ^~
make: *** [Core/LCD/subdir.mk:19: Core/LCD/Lcd_I2c.o] Error 1
make: *** Waiting for unfinished jobs....
"make -j12 all" terminated with exit code 2. Build might be incomplete.
23:28:21 **** Incremental Build of configuration Debug for project Whale_mk1 ****
make -j12 all 
arm-none-eabi-gcc "../Core/Uart/UartPacket.c" -mcpu=cortex-m4 -std=gnu11 -g3 -DDEBUG -DUSE_HAL_DRIVER -DSTM32F401xE -c -I../Core/Inc -I../Drivers/STM32F4xx_HAL_Driver/Inc -I../Drivers/STM32F4xx_HAL_Driver/Inc/Legacy -I../Drivers/CMSIS/Device/ST/STM32F4xx/Include -I../Drivers/CMSIS/Include -O0 -ffunction-sections -fdata-sections -Wall -fstack-usage -MMD -MP -MF"Core/Uart/UartPacket.d" -MT"Core/Uart/UartPacket.o" --specs=nano.specs -mfpu=fpv4-sp-d16 -mfloat-abi=hard -mthumb -o "Core/Uart/UartPacket.o"
arm-none-eabi-gcc "../Core/Src/main.c" -mcpu=cortex-m4 -std=gnu11 -g3 -DDEBUG -DUSE_HAL_DRIVER -DSTM32F401xE -c -I../Core/Inc -I../Drivers/STM32F4xx_HAL_Driver/Inc -I../Drivers/STM32F4xx_HAL_Driver/Inc/Legacy -I../Drivers/CMSIS/Device/ST/STM32F4xx/Include -I../Drivers/CMSIS/Include -O0 -ffunction-sections -fdata-sections -Wall -fstack-usage -MMD -MP -MF"Core/Src/main.d" -MT"Core/Src/main.o" --specs=nano.specs -mfpu=fpv4-sp-d16 -mfloat-abi=hard -mthumb -o "Core/Src/main.o"
arm-none-eabi-gcc "../Core/Src/stm32f4xx_hal_msp.c" -mcpu=cortex-m4 -std=gnu11 -g3 -DDEBUG -DUSE_HAL_DRIVER -DSTM32F401xE -c -I../Core/Inc -I../Drivers/STM32F4xx_HAL_Driver/Inc -I../Drivers/STM32F4xx_HAL_Driver/Inc/Legacy -I../Drivers/CMSIS/Device/ST/STM32F4xx/Include -I../Drivers/CMSIS/Include -O0 -ffunction-sections -fdata-sections -Wall -fstack-usage -MMD -MP -MF"Core/Src/stm32f4xx_hal_msp.d" -MT"Core/Src/stm32f4xx_hal_msp.o" --specs=nano.specs -mfpu=fpv4-sp-d16 -mfloat-abi=hard -mthumb -o "Core/Src/stm32f4xx_hal_msp.o"
arm-none-eabi-gcc "../Core/Src/stm32f4xx_it.c" -mcpu=cortex-m4 -std=gnu11 -g3 -DDEBUG -DUSE_HAL_DRIVER -DSTM32F401xE -c -I../Core/Inc -I../Drivers/STM32F4xx_HAL_Driver/Inc -I../Drivers/STM32F4xx_HAL_Driver/Inc/Legacy -I../Drivers/CMSIS/Device/ST/STM32F4xx/Include -I../Drivers/CMSIS/Include -O0 -ffunction-sections -fdata-sections -Wall -fstack-usage -MMD -MP -MF"Core/Src/stm32f4xx_it.d" -MT"Core/Src/stm32f4xx_it.o" --specs=nano.specs -mfpu=fpv4-sp-d16 -mfloat-abi=hard -mthumb -o "Core/Src/stm32f4xx_it.o"
arm-none-eabi-gcc "../Core/LCD/Lcd_I2c.c" -mcpu=cortex-m4 -std=gnu11 -g3 -DDEBUG -DUSE_HAL_DRIVER -DSTM32F401xE -c -I../Core/Inc -I../Drivers/STM32F4xx_HAL_Driver/Inc -I../Drivers/STM32F4xx_HAL_Driver/Inc/Legacy -I../Drivers/CMSIS/Device/ST/STM32F4xx/Include -I../Drivers/CMSIS/Include -O0 -ffunction-sections -fdata-sections -Wall -fstack-usage -MMD -MP -MF"Core/LCD/Lcd_I2c.d" -MT"Core/LCD/Lcd_I2c.o" --specs=nano.specs -mfpu=fpv4-sp-d16 -mfloat-abi=hard -mthumb -o "Core/LCD/Lcd_I2c.o"
../Core/LCD/Lcd_I2c.c: In function 'LCD_Command_Tx_4bit':
../Core/LCD/Lcd_I2c.c:33:2: warning: implicit declaration of function 'HAL_I2C_Master_Trasmit'; did you mean 'HAL_I2C_Master_Transmit'? [-Wimplicit-function-declaration]
   33 |  HAL_I2C_Master_Trasmit(&hi2c1, SLAVE_LCD_ADDRESS, tx_data, 2, 100);
      |  ^~~~~~~~~~~~~~~~~~~~~~
      |  HAL_I2C_Master_Transmit
../Core/LCD/Lcd_I2c.c: In function 'LCD_Write_String':
../Core/LCD/Lcd_I2c.c:69:13: warning: comparison between pointer and integer
   69 |   if(str[i] == NULL)
      |             ^~
arm-none-eabi-g++ -o "Whale_mk1.elf" @"objects.list"   -mcpu=cortex-m4 -T"D:\Github\Whale_mk1\Whale_mk1\STM32F401RETX_FLASH.ld" --specs=nosys.specs -Wl,-Map="Whale_mk1.map" -Wl,--gc-sections -static --specs=nano.specs -mfpu=fpv4-sp-d16 -mfloat-abi=hard -mthumb -Wl,--start-group -lc -lm -lstdc++ -lsupc++ -Wl,--end-group
c:\st\stm32cubeide_1.6.0\stm32cubeide\plugins\com.st.stm32cube.ide.mcu.externaltools.gnu-tools-for-stm32.9-2020-q2-update.win32_1.5.0.202011040924\tools\arm-none-eabi\bin\ld.exe: Core/LCD/Lcd_I2c.o: in function `LCD_Command_Tx_4bit':
D:/Github/Whale_mk1/Whale_mk1/Debug/../Core/LCD/Lcd_I2c.c:33: undefined reference to `HAL_I2C_Master_Trasmit'
c:\st\stm32cubeide_1.6.0\stm32cubeide\plugins\com.st.stm32cube.ide.mcu.externaltools.gnu-tools-for-stm32.9-2020-q2-update.win32_1.5.0.202011040924\tools\arm-none-eabi\bin\ld.exe: D:/Github/Whale_mk1/Whale_mk1/Debug/../Core/LCD/Lcd_I2c.c:37: undefined reference to `HAL_I2C_Master_Trasmit'
c:\st\stm32cubeide_1.6.0\stm32cubeide\plugins\com.st.stm32cube.ide.mcu.externaltools.gnu-tools-for-stm32.9-2020-q2-update.win32_1.5.0.202011040924\tools\arm-none-eabi\bin\ld.exe: D:/Github/Whale_mk1/Whale_mk1/Debug/../Core/LCD/Lcd_I2c.c:40: undefined reference to `HAL_I2C_Master_Trasmit'
c:\st\stm32cubeide_1.6.0\stm32cubeide\plugins\com.st.stm32cube.ide.mcu.externaltools.gnu-tools-for-stm32.9-2020-q2-update.win32_1.5.0.202011040924\tools\arm-none-eabi\bin\ld.exe: Core/LCD/Lcd_I2c.o: in function `LCD_Init':
D:/Github/Whale_mk1/Whale_mk1/Debug/../Core/LCD/Lcd_I2c.c:47: undefined reference to `HAL_I2C_Master_Trasmit'
c:\st\stm32cubeide_1.6.0\stm32cubeide\plugins\com.st.stm32cube.ide.mcu.externaltools.gnu-tools-for-stm32.9-2020-q2-update.win32_1.5.0.202011040924\tools\arm-none-eabi\bin\ld.exe: D:/Github/Whale_mk1/Whale_mk1/Debug/../Core/LCD/Lcd_I2c.c:49: undefined reference to `HAL_I2C_Master_Trasmit'
c:\st\stm32cubeide_1.6.0\stm32cubeide\plugins\com.st.stm32cube.ide.mcu.externaltools.gnu-tools-for-stm32.9-2020-q2-update.win32_1.5.0.202011040924\tools\arm-none-eabi\bin\ld.exe: Core/LCD/Lcd_I2c.o:D:/Github/Whale_mk1/Whale_mk1/Debug/../Core/LCD/Lcd_I2c.c:51: more undefined references to `HAL_I2C_Master_Trasmit' follow
collect2.exe: error: ld returned 1 exit status
make: *** [makefile:82: Whale_mk1.elf] Error 1
"make -j12 all" terminated with exit code 2. Build might be incomplete.
23:29:13 **** Incremental Build of configuration Debug for project Whale_mk1 ****
make -j12 all 
arm-none-eabi-gcc "../Core/LCD/Lcd_I2c.c" -mcpu=cortex-m4 -std=gnu11 -g3 -DDEBUG -DUSE_HAL_DRIVER -DSTM32F401xE -c -I../Core/Inc -I../Drivers/STM32F4xx_HAL_Driver/Inc -I../Drivers/STM32F4xx_HAL_Driver/Inc/Legacy -I../Drivers/CMSIS/Device/ST/STM32F4xx/Include -I../Drivers/CMSIS/Include -O0 -ffunction-sections -fdata-sections -Wall -fstack-usage -MMD -MP -MF"Core/LCD/Lcd_I2c.d" -MT"Core/LCD/Lcd_I2c.o" --specs=nano.specs -mfpu=fpv4-sp-d16 -mfloat-abi=hard -mthumb -o "Core/LCD/Lcd_I2c.o"
../Core/LCD/Lcd_I2c.c: In function 'LCD_Write_String':
../Core/LCD/Lcd_I2c.c:69:13: warning: comparison between pointer and integer
   69 |   if(str[i] == NULL)
      |             ^~
arm-none-eabi-g++ -o "Whale_mk1.elf" @"objects.list"   -mcpu=cortex-m4 -T"D:\Github\Whale_mk1\Whale_mk1\STM32F401RETX_FLASH.ld" --specs=nosys.specs -Wl,-Map="Whale_mk1.map" -Wl,--gc-sections -static --specs=nano.specs -mfpu=fpv4-sp-d16 -mfloat-abi=hard -mthumb -Wl,--start-group -lc -lm -lstdc++ -lsupc++ -Wl,--end-group
Finished building target: Whale_mk1.elf
 
arm-none-eabi-objdump -h -S  Whale_mk1.elf  > "Whale_mk1.list"
arm-none-eabi-objcopy  -O binary  Whale_mk1.elf  "Whale_mk1.bin"
arm-none-eabi-size   Whale_mk1.elf 
   text	   data	    bss	    dec	    hex	filename
  18852	     28	   1908	  20788	   5134	Whale_mk1.elf
Finished building: default.size.stdout
 
Finished building: Whale_mk1.bin
 
Finished building: Whale_mk1.list
 
23:34:02 **** Incremental Build of configuration Debug for project Whale_mk1 ****
make -j12 all 
arm-none-eabi-gcc "../Core/Uart/UartPacket.c" -mcpu=cortex-m4 -std=gnu11 -g3 -DDEBUG -DUSE_HAL_DRIVER -DSTM32F401xE -c -I../Core/Inc -I../Drivers/STM32F4xx_HAL_Driver/Inc -I../Drivers/STM32F4xx_HAL_Driver/Inc/Legacy -I../Drivers/CMSIS/Device/ST/STM32F4xx/Include -I../Drivers/CMSIS/Include -O0 -ffunction-sections -fdata-sections -Wall -fstack-usage -MMD -MP -MF"Core/Uart/UartPacket.d" -MT"Core/Uart/UartPacket.o" --specs=nano.specs -mfpu=fpv4-sp-d16 -mfloat-abi=hard -mthumb -o "Core/Uart/UartPacket.o"
arm-none-eabi-gcc "../Core/Src/main.c" -mcpu=cortex-m4 -std=gnu11 -g3 -DDEBUG -DUSE_HAL_DRIVER -DSTM32F401xE -c -I../Core/Inc -I../Drivers/STM32F4xx_HAL_Driver/Inc -I../Drivers/STM32F4xx_HAL_Driver/Inc/Legacy -I../Drivers/CMSIS/Device/ST/STM32F4xx/Include -I../Drivers/CMSIS/Include -O0 -ffunction-sections -fdata-sections -Wall -fstack-usage -MMD -MP -MF"Core/Src/main.d" -MT"Core/Src/main.o" --specs=nano.specs -mfpu=fpv4-sp-d16 -mfloat-abi=hard -mthumb -o "Core/Src/main.o"
arm-none-eabi-gcc "../Core/Src/stm32f4xx_hal_msp.c" -mcpu=cortex-m4 -std=gnu11 -g3 -DDEBUG -DUSE_HAL_DRIVER -DSTM32F401xE -c -I../Core/Inc -I../Drivers/STM32F4xx_HAL_Driver/Inc -I../Drivers/STM32F4xx_HAL_Driver/Inc/Legacy -I../Drivers/CMSIS/Device/ST/STM32F4xx/Include -I../Drivers/CMSIS/Include -O0 -ffunction-sections -fdata-sections -Wall -fstack-usage -MMD -MP -MF"Core/Src/stm32f4xx_hal_msp.d" -MT"Core/Src/stm32f4xx_hal_msp.o" --specs=nano.specs -mfpu=fpv4-sp-d16 -mfloat-abi=hard -mthumb -o "Core/Src/stm32f4xx_hal_msp.o"
arm-none-eabi-gcc "../Core/Src/stm32f4xx_it.c" -mcpu=cortex-m4 -std=gnu11 -g3 -DDEBUG -DUSE_HAL_DRIVER -DSTM32F401xE -c -I../Core/Inc -I../Drivers/STM32F4xx_HAL_Driver/Inc -I../Drivers/STM32F4xx_HAL_Driver/Inc/Legacy -I../Drivers/CMSIS/Device/ST/STM32F4xx/Include -I../Drivers/CMSIS/Include -O0 -ffunction-sections -fdata-sections -Wall -fstack-usage -MMD -MP -MF"Core/Src/stm32f4xx_it.d" -MT"Core/Src/stm32f4xx_it.o" --specs=nano.specs -mfpu=fpv4-sp-d16 -mfloat-abi=hard -mthumb -o "Core/Src/stm32f4xx_it.o"
arm-none-eabi-gcc "../Core/LCD/Lcd_I2c.c" -mcpu=cortex-m4 -std=gnu11 -g3 -DDEBUG -DUSE_HAL_DRIVER -DSTM32F401xE -c -I../Core/Inc -I../Drivers/STM32F4xx_HAL_Driver/Inc -I../Drivers/STM32F4xx_HAL_Driver/Inc/Legacy -I../Drivers/CMSIS/Device/ST/STM32F4xx/Include -I../Drivers/CMSIS/Include -O0 -ffunction-sections -fdata-sections -Wall -fstack-usage -MMD -MP -MF"Core/LCD/Lcd_I2c.d" -MT"Core/LCD/Lcd_I2c.o" --specs=nano.specs -mfpu=fpv4-sp-d16 -mfloat-abi=hard -mthumb -o "Core/LCD/Lcd_I2c.o"
../Core/LCD/Lcd_I2c.c: In function 'CLCD_PrintString':
../Core/LCD/Lcd_I2c.c:71:17: warning: implicit declaration of function 'strlen' [-Wimplicit-function-declaration]
   71 |   uint8_t len = strlen((const char*)str);
      |                 ^~~~~~
../Core/LCD/Lcd_I2c.c:71:17: warning: incompatible implicit declaration of built-in function 'strlen'
../Core/LCD/Lcd_I2c.c:10:1: note: include '<string.h>' or provide a declaration of 'strlen'
    9 | #include "Lcd_I2c.h"
  +++ |+#include <string.h>
   10 | 
../Core/Src/main.c: In function 'main':
../Core/Src/main.c:110:3: warning: implicit declaration of function 'LCD_Init' [-Wimplicit-function-declaration]
  110 |   LCD_Init();
      |   ^~~~~~~~
../Core/Src/main.c:149:35: warning: pointer targets in passing argument 4 of 'CLCD_PrintString' differ in signedness [-Wpointer-sign]
  149 |    CLCD_PrintString(&hi2c1, 0, 0, "Hello World!");
      |                                   ^~~~~~~~~~~~~~
      |                                   |
      |                                   char *
In file included from ../Core/Src/main.c:26:
../Core/Src/../LCD/Lcd_I2c.h:23:92: note: expected 'uint8_t *' {aka 'unsigned char *'} but argument is of type 'char *'
   23 | extern void CLCD_PrintString(I2C_HandleTypeDef *hi2c, uint8_t xPos, uint8_t yPos, uint8_t* str);
      |                                                                                   ~~~~~~~~~^~~
../Core/Src/main.c:152:35: warning: pointer targets in passing argument 4 of 'CLCD_PrintString' differ in signedness [-Wpointer-sign]
  152 |    CLCD_PrintString(&hi2c1, 0, 1, "Hello World!");
      |                                   ^~~~~~~~~~~~~~
      |                                   |
      |                                   char *
In file included from ../Core/Src/main.c:26:
../Core/Src/../LCD/Lcd_I2c.h:23:92: note: expected 'uint8_t *' {aka 'unsigned char *'} but argument is of type 'char *'
   23 | extern void CLCD_PrintString(I2C_HandleTypeDef *hi2c, uint8_t xPos, uint8_t yPos, uint8_t* str);
      |                                                                                   ~~~~~~~~~^~~
../Core/Src/main.c: At top level:
../Core/Src/../LCD/Lcd_I2c.h:24:20: warning: 'DelayMicro' declared 'static' but never defined [-Wunused-function]
   24 | static inline void DelayMicro(volatile uint32_t micros);
      |                    ^~~~~~~~~~
arm-none-eabi-g++ -o "Whale_mk1.elf" @"objects.list"   -mcpu=cortex-m4 -T"D:\Github\Whale_mk1\Whale_mk1\STM32F401RETX_FLASH.ld" --specs=nosys.specs -Wl,-Map="Whale_mk1.map" -Wl,--gc-sections -static --specs=nano.specs -mfpu=fpv4-sp-d16 -mfloat-abi=hard -mthumb -Wl,--start-group -lc -lm -lstdc++ -lsupc++ -Wl,--end-group
c:\st\stm32cubeide_1.6.0\stm32cubeide\plugins\com.st.stm32cube.ide.mcu.externaltools.gnu-tools-for-stm32.9-2020-q2-update.win32_1.5.0.202011040924\tools\arm-none-eabi\bin\ld.exe: Core/Src/main.o: in function `main':
D:/Github/Whale_mk1/Whale_mk1/Debug/../Core/Src/main.c:110: undefined reference to `LCD_Init'
collect2.exe: error: ld returned 1 exit status
make: *** [makefile:82: Whale_mk1.elf] Error 1
"make -j12 all" terminated with exit code 2. Build might be incomplete.
23:34:40 **** Incremental Build of configuration Debug for project Whale_mk1 ****
make -j12 all 
arm-none-eabi-gcc "../Core/Src/main.c" -mcpu=cortex-m4 -std=gnu11 -g3 -DDEBUG -DUSE_HAL_DRIVER -DSTM32F401xE -c -I../Core/Inc -I../Drivers/STM32F4xx_HAL_Driver/Inc -I../Drivers/STM32F4xx_HAL_Driver/Inc/Legacy -I../Drivers/CMSIS/Device/ST/STM32F4xx/Include -I../Drivers/CMSIS/Include -O0 -ffunction-sections -fdata-sections -Wall -fstack-usage -MMD -MP -MF"Core/Src/main.d" -MT"Core/Src/main.o" --specs=nano.specs -mfpu=fpv4-sp-d16 -mfloat-abi=hard -mthumb -o "Core/Src/main.o"
arm-none-eabi-gcc "../Core/LCD/Lcd_I2c.c" -mcpu=cortex-m4 -std=gnu11 -g3 -DDEBUG -DUSE_HAL_DRIVER -DSTM32F401xE -c -I../Core/Inc -I../Drivers/STM32F4xx_HAL_Driver/Inc -I../Drivers/STM32F4xx_HAL_Driver/Inc/Legacy -I../Drivers/CMSIS/Device/ST/STM32F4xx/Include -I../Drivers/CMSIS/Include -O0 -ffunction-sections -fdata-sections -Wall -fstack-usage -MMD -MP -MF"Core/LCD/Lcd_I2c.d" -MT"Core/LCD/Lcd_I2c.o" --specs=nano.specs -mfpu=fpv4-sp-d16 -mfloat-abi=hard -mthumb -o "Core/LCD/Lcd_I2c.o"
../Core/Src/main.c: In function 'main':
../Core/Src/main.c:110:3: warning: implicit declaration of function 'LCD_Init' [-Wimplicit-function-declaration]
  110 |   LCD_Init();
      |   ^~~~~~~~
../Core/Src/main.c:149:35: warning: pointer targets in passing argument 4 of 'CLCD_PrintString' differ in signedness [-Wpointer-sign]
  149 |    CLCD_PrintString(&hi2c1, 0, 0, "Hello World!");
      |                                   ^~~~~~~~~~~~~~
      |                                   |
      |                                   char *
In file included from ../Core/Src/main.c:26:
../Core/Src/../LCD/Lcd_I2c.h:25:92: note: expected 'uint8_t *' {aka 'unsigned char *'} but argument is of type 'char *'
   25 | extern void CLCD_PrintString(I2C_HandleTypeDef *hi2c, uint8_t xPos, uint8_t yPos, uint8_t* str);
      |                                                                                   ~~~~~~~~~^~~
../Core/Src/main.c:152:35: warning: pointer targets in passing argument 4 of 'CLCD_PrintString' differ in signedness [-Wpointer-sign]
  152 |    CLCD_PrintString(&hi2c1, 0, 1, "Hello World!");
      |                                   ^~~~~~~~~~~~~~
      |                                   |
      |                                   char *
In file included from ../Core/Src/main.c:26:
../Core/Src/../LCD/Lcd_I2c.h:25:92: note: expected 'uint8_t *' {aka 'unsigned char *'} but argument is of type 'char *'
   25 | extern void CLCD_PrintString(I2C_HandleTypeDef *hi2c, uint8_t xPos, uint8_t yPos, uint8_t* str);
      |                                                                                   ~~~~~~~~~^~~
../Core/Src/main.c: At top level:
../Core/Src/../LCD/Lcd_I2c.h:26:20: warning: 'DelayMicro' declared 'static' but never defined [-Wunused-function]
   26 | static inline void DelayMicro(volatile uint32_t micros);
      |                    ^~~~~~~~~~
arm-none-eabi-g++ -o "Whale_mk1.elf" @"objects.list"   -mcpu=cortex-m4 -T"D:\Github\Whale_mk1\Whale_mk1\STM32F401RETX_FLASH.ld" --specs=nosys.specs -Wl,-Map="Whale_mk1.map" -Wl,--gc-sections -static --specs=nano.specs -mfpu=fpv4-sp-d16 -mfloat-abi=hard -mthumb -Wl,--start-group -lc -lm -lstdc++ -lsupc++ -Wl,--end-group
c:\st\stm32cubeide_1.6.0\stm32cubeide\plugins\com.st.stm32cube.ide.mcu.externaltools.gnu-tools-for-stm32.9-2020-q2-update.win32_1.5.0.202011040924\tools\arm-none-eabi\bin\ld.exe: Core/Src/main.o: in function `main':
D:/Github/Whale_mk1/Whale_mk1/Debug/../Core/Src/main.c:110: undefined reference to `LCD_Init'
collect2.exe: error: ld returned 1 exit status
make: *** [makefile:82: Whale_mk1.elf] Error 1
"make -j12 all" terminated with exit code 2. Build might be incomplete.
23:34:50 **** Incremental Build of configuration Debug for project Whale_mk1 ****
make -j12 all 
arm-none-eabi-gcc "../Core/Src/main.c" -mcpu=cortex-m4 -std=gnu11 -g3 -DDEBUG -DUSE_HAL_DRIVER -DSTM32F401xE -c -I../Core/Inc -I../Drivers/STM32F4xx_HAL_Driver/Inc -I../Drivers/STM32F4xx_HAL_Driver/Inc/Legacy -I../Drivers/CMSIS/Device/ST/STM32F4xx/Include -I../Drivers/CMSIS/Include -O0 -ffunction-sections -fdata-sections -Wall -fstack-usage -MMD -MP -MF"Core/Src/main.d" -MT"Core/Src/main.o" --specs=nano.specs -mfpu=fpv4-sp-d16 -mfloat-abi=hard -mthumb -o "Core/Src/main.o"
../Core/Src/main.c: In function 'main':
../Core/Src/main.c:148:35: warning: pointer targets in passing argument 4 of 'CLCD_PrintString' differ in signedness [-Wpointer-sign]
  148 |    CLCD_PrintString(&hi2c1, 0, 0, "Hello World!");
      |                                   ^~~~~~~~~~~~~~
      |                                   |
      |                                   char *
In file included from ../Core/Src/main.c:26:
../Core/Src/../LCD/Lcd_I2c.h:25:92: note: expected 'uint8_t *' {aka 'unsigned char *'} but argument is of type 'char *'
   25 | extern void CLCD_PrintString(I2C_HandleTypeDef *hi2c, uint8_t xPos, uint8_t yPos, uint8_t* str);
      |                                                                                   ~~~~~~~~~^~~
../Core/Src/main.c:151:35: warning: pointer targets in passing argument 4 of 'CLCD_PrintString' differ in signedness [-Wpointer-sign]
  151 |    CLCD_PrintString(&hi2c1, 0, 1, "Hello World!");
      |                                   ^~~~~~~~~~~~~~
      |                                   |
      |                                   char *
In file included from ../Core/Src/main.c:26:
../Core/Src/../LCD/Lcd_I2c.h:25:92: note: expected 'uint8_t *' {aka 'unsigned char *'} but argument is of type 'char *'
   25 | extern void CLCD_PrintString(I2C_HandleTypeDef *hi2c, uint8_t xPos, uint8_t yPos, uint8_t* str);
      |                                                                                   ~~~~~~~~~^~~
../Core/Src/main.c: At top level:
../Core/Src/../LCD/Lcd_I2c.h:26:20: warning: 'DelayMicro' declared 'static' but never defined [-Wunused-function]
   26 | static inline void DelayMicro(volatile uint32_t micros);
      |                    ^~~~~~~~~~
arm-none-eabi-g++ -o "Whale_mk1.elf" @"objects.list"   -mcpu=cortex-m4 -T"D:\Github\Whale_mk1\Whale_mk1\STM32F401RETX_FLASH.ld" --specs=nosys.specs -Wl,-Map="Whale_mk1.map" -Wl,--gc-sections -static --specs=nano.specs -mfpu=fpv4-sp-d16 -mfloat-abi=hard -mthumb -Wl,--start-group -lc -lm -lstdc++ -lsupc++ -Wl,--end-group
Finished building target: Whale_mk1.elf
 
arm-none-eabi-objdump -h -S  Whale_mk1.elf  > "Whale_mk1.list"
arm-none-eabi-objcopy  -O binary  Whale_mk1.elf  "Whale_mk1.bin"
arm-none-eabi-size   Whale_mk1.elf 
   text	   data	    bss	    dec	    hex	filename
  17364	     20	   1908	  19292	   4b5c	Whale_mk1.elf
Finished building: default.size.stdout
 
Finished building: Whale_mk1.bin
 
Finished building: Whale_mk1.list
 
23:35:21 **** Incremental Build of configuration Debug for project Whale_mk1 ****
make -j12 all 
arm-none-eabi-size   Whale_mk1.elf 
   text	   data	    bss	    dec	    hex	filename
  17364	     20	   1908	  19292	   4b5c	Whale_mk1.elf
Finished building: default.size.stdout
 
23:45:10 **** Incremental Build of configuration Debug for project Whale_mk1 ****
make -j12 all 
arm-none-eabi-gcc "../Core/Src/main.c" -mcpu=cortex-m4 -std=gnu11 -g3 -DDEBUG -DUSE_HAL_DRIVER -DSTM32F401xE -c -I../Core/Inc -I../Drivers/STM32F4xx_HAL_Driver/Inc -I../Drivers/STM32F4xx_HAL_Driver/Inc/Legacy -I../Drivers/CMSIS/Device/ST/STM32F4xx/Include -I../Drivers/CMSIS/Include -O0 -ffunction-sections -fdata-sections -Wall -fstack-usage -MMD -MP -MF"Core/Src/main.d" -MT"Core/Src/main.o" --specs=nano.specs -mfpu=fpv4-sp-d16 -mfloat-abi=hard -mthumb -o "Core/Src/main.o"
arm-none-eabi-gcc "../Core/LCD/Lcd_I2c.c" -mcpu=cortex-m4 -std=gnu11 -g3 -DDEBUG -DUSE_HAL_DRIVER -DSTM32F401xE -c -I../Core/Inc -I../Drivers/STM32F4xx_HAL_Driver/Inc -I../Drivers/STM32F4xx_HAL_Driver/Inc/Legacy -I../Drivers/CMSIS/Device/ST/STM32F4xx/Include -I../Drivers/CMSIS/Include -O0 -ffunction-sections -fdata-sections -Wall -fstack-usage -MMD -MP -MF"Core/LCD/Lcd_I2c.d" -MT"Core/LCD/Lcd_I2c.o" --specs=nano.specs -mfpu=fpv4-sp-d16 -mfloat-abi=hard -mthumb -o "Core/LCD/Lcd_I2c.o"
../Core/Src/main.c: In function 'main':
../Core/Src/main.c:121:20: error: 'lcd_buffer' undeclared (first use in this function); did you mean 'lcd_Buffer'?
  121 |    lcd_send_string(lcd_buffer);
      |                    ^~~~~~~~~~
      |                    lcd_Buffer
../Core/Src/main.c:121:20: note: each undeclared identifier is reported only once for each function it appears in
In file included from ../Core/Src/main.c:26:
../Core/Src/main.c: At top level:
../Core/Src/../LCD/Lcd_I2c.h:27:20: warning: 'DelayMicro' declared 'static' but never defined [-Wunused-function]
   27 | static inline void DelayMicro(volatile uint32_t micros);
      |                    ^~~~~~~~~~
make: *** [Core/Src/subdir.mk:34: Core/Src/main.o] Error 1
make: *** Waiting for unfinished jobs....
../Core/LCD/Lcd_I2c.c: In function 'lcd_send_cmd':
../Core/LCD/Lcd_I2c.c:94:28: error: 'hi2c1' undeclared (first use in this function)
   94 |  HAL_I2C_Master_Transmit (&hi2c1, SLAVE_ADDRESS_LCD,(uint8_t *) data_t, 4, 100);
      |                            ^~~~~
../Core/LCD/Lcd_I2c.c:94:28: note: each undeclared identifier is reported only once for each function it appears in
../Core/LCD/Lcd_I2c.c: In function 'lcd_send_data':
../Core/LCD/Lcd_I2c.c:107:28: error: 'hi2c1' undeclared (first use in this function)
  107 |  HAL_I2C_Master_Transmit (&hi2c1, SLAVE_ADDRESS_LCD,(uint8_t *) data_t, 4, 100);
      |                            ^~~~~
make: *** [Core/LCD/subdir.mk:19: Core/LCD/Lcd_I2c.o] Error 1
"make -j12 all" terminated with exit code 2. Build might be incomplete.
23:45:24 **** Incremental Build of configuration Debug for project Whale_mk1 ****
make -j12 all 
arm-none-eabi-gcc "../Core/Src/main.c" -mcpu=cortex-m4 -std=gnu11 -g3 -DDEBUG -DUSE_HAL_DRIVER -DSTM32F401xE -c -I../Core/Inc -I../Drivers/STM32F4xx_HAL_Driver/Inc -I../Drivers/STM32F4xx_HAL_Driver/Inc/Legacy -I../Drivers/CMSIS/Device/ST/STM32F4xx/Include -I../Drivers/CMSIS/Include -O0 -ffunction-sections -fdata-sections -Wall -fstack-usage -MMD -MP -MF"Core/Src/main.d" -MT"Core/Src/main.o" --specs=nano.specs -mfpu=fpv4-sp-d16 -mfloat-abi=hard -mthumb -o "Core/Src/main.o"
arm-none-eabi-gcc "../Core/LCD/Lcd_I2c.c" -mcpu=cortex-m4 -std=gnu11 -g3 -DDEBUG -DUSE_HAL_DRIVER -DSTM32F401xE -c -I../Core/Inc -I../Drivers/STM32F4xx_HAL_Driver/Inc -I../Drivers/STM32F4xx_HAL_Driver/Inc/Legacy -I../Drivers/CMSIS/Device/ST/STM32F4xx/Include -I../Drivers/CMSIS/Include -O0 -ffunction-sections -fdata-sections -Wall -fstack-usage -MMD -MP -MF"Core/LCD/Lcd_I2c.d" -MT"Core/LCD/Lcd_I2c.o" --specs=nano.specs -mfpu=fpv4-sp-d16 -mfloat-abi=hard -mthumb -o "Core/LCD/Lcd_I2c.o"
../Core/Src/main.c: In function 'main':
../Core/Src/main.c:121:20: warning: pointer targets in passing argument 1 of 'lcd_send_string' differ in signedness [-Wpointer-sign]
  121 |    lcd_send_string(lcd_Buffer);
      |                    ^~~~~~~~~~
      |                    |
      |                    uint8_t * {aka unsigned char *}
In file included from ../Core/Src/main.c:26:
../Core/Src/../LCD/Lcd_I2c.h:30:36: note: expected 'char *' but argument is of type 'uint8_t *' {aka 'unsigned char *'}
   30 | extern void lcd_send_string (char *str);
      |                              ~~~~~~^~~
../Core/Src/main.c: At top level:
../Core/Src/../LCD/Lcd_I2c.h:27:20: warning: 'DelayMicro' declared 'static' but never defined [-Wunused-function]
   27 | static inline void DelayMicro(volatile uint32_t micros);
      |                    ^~~~~~~~~~
../Core/LCD/Lcd_I2c.c: In function 'lcd_send_cmd':
../Core/LCD/Lcd_I2c.c:94:28: error: 'hi2c1' undeclared (first use in this function)
   94 |  HAL_I2C_Master_Transmit (&hi2c1, SLAVE_ADDRESS_LCD,(uint8_t *) data_t, 4, 100);
      |                            ^~~~~
../Core/LCD/Lcd_I2c.c:94:28: note: each undeclared identifier is reported only once for each function it appears in
../Core/LCD/Lcd_I2c.c: In function 'lcd_send_data':
../Core/LCD/Lcd_I2c.c:107:28: error: 'hi2c1' undeclared (first use in this function)
  107 |  HAL_I2C_Master_Transmit (&hi2c1, SLAVE_ADDRESS_LCD,(uint8_t *) data_t, 4, 100);
      |                            ^~~~~
make: *** [Core/LCD/subdir.mk:19: Core/LCD/Lcd_I2c.o] Error 1
make: *** Waiting for unfinished jobs....
"make -j12 all" terminated with exit code 2. Build might be incomplete.
23:46:32 **** Incremental Build of configuration Debug for project Whale_mk1 ****
make -j12 all 
arm-none-eabi-gcc "../Core/Uart/UartPacket.c" -mcpu=cortex-m4 -std=gnu11 -g3 -DDEBUG -DUSE_HAL_DRIVER -DSTM32F401xE -c -I../Core/Inc -I../Drivers/STM32F4xx_HAL_Driver/Inc -I../Drivers/STM32F4xx_HAL_Driver/Inc/Legacy -I../Drivers/CMSIS/Device/ST/STM32F4xx/Include -I../Drivers/CMSIS/Include -O0 -ffunction-sections -fdata-sections -Wall -fstack-usage -MMD -MP -MF"Core/Uart/UartPacket.d" -MT"Core/Uart/UartPacket.o" --specs=nano.specs -mfpu=fpv4-sp-d16 -mfloat-abi=hard -mthumb -o "Core/Uart/UartPacket.o"
arm-none-eabi-gcc "../Core/Src/main.c" -mcpu=cortex-m4 -std=gnu11 -g3 -DDEBUG -DUSE_HAL_DRIVER -DSTM32F401xE -c -I../Core/Inc -I../Drivers/STM32F4xx_HAL_Driver/Inc -I../Drivers/STM32F4xx_HAL_Driver/Inc/Legacy -I../Drivers/CMSIS/Device/ST/STM32F4xx/Include -I../Drivers/CMSIS/Include -O0 -ffunction-sections -fdata-sections -Wall -fstack-usage -MMD -MP -MF"Core/Src/main.d" -MT"Core/Src/main.o" --specs=nano.specs -mfpu=fpv4-sp-d16 -mfloat-abi=hard -mthumb -o "Core/Src/main.o"
arm-none-eabi-gcc "../Core/Src/stm32f4xx_hal_msp.c" -mcpu=cortex-m4 -std=gnu11 -g3 -DDEBUG -DUSE_HAL_DRIVER -DSTM32F401xE -c -I../Core/Inc -I../Drivers/STM32F4xx_HAL_Driver/Inc -I../Drivers/STM32F4xx_HAL_Driver/Inc/Legacy -I../Drivers/CMSIS/Device/ST/STM32F4xx/Include -I../Drivers/CMSIS/Include -O0 -ffunction-sections -fdata-sections -Wall -fstack-usage -MMD -MP -MF"Core/Src/stm32f4xx_hal_msp.d" -MT"Core/Src/stm32f4xx_hal_msp.o" --specs=nano.specs -mfpu=fpv4-sp-d16 -mfloat-abi=hard -mthumb -o "Core/Src/stm32f4xx_hal_msp.o"
arm-none-eabi-gcc "../Core/Src/stm32f4xx_it.c" -mcpu=cortex-m4 -std=gnu11 -g3 -DDEBUG -DUSE_HAL_DRIVER -DSTM32F401xE -c -I../Core/Inc -I../Drivers/STM32F4xx_HAL_Driver/Inc -I../Drivers/STM32F4xx_HAL_Driver/Inc/Legacy -I../Drivers/CMSIS/Device/ST/STM32F4xx/Include -I../Drivers/CMSIS/Include -O0 -ffunction-sections -fdata-sections -Wall -fstack-usage -MMD -MP -MF"Core/Src/stm32f4xx_it.d" -MT"Core/Src/stm32f4xx_it.o" --specs=nano.specs -mfpu=fpv4-sp-d16 -mfloat-abi=hard -mthumb -o "Core/Src/stm32f4xx_it.o"
arm-none-eabi-gcc "../Core/LCD/Lcd_I2c.c" -mcpu=cortex-m4 -std=gnu11 -g3 -DDEBUG -DUSE_HAL_DRIVER -DSTM32F401xE -c -I../Core/Inc -I../Drivers/STM32F4xx_HAL_Driver/Inc -I../Drivers/STM32F4xx_HAL_Driver/Inc/Legacy -I../Drivers/CMSIS/Device/ST/STM32F4xx/Include -I../Drivers/CMSIS/Include -O0 -ffunction-sections -fdata-sections -Wall -fstack-usage -MMD -MP -MF"Core/LCD/Lcd_I2c.d" -MT"Core/LCD/Lcd_I2c.o" --specs=nano.specs -mfpu=fpv4-sp-d16 -mfloat-abi=hard -mthumb -o "Core/LCD/Lcd_I2c.o"
../Core/Src/main.c: In function 'main':
../Core/Src/main.c:121:20: warning: pointer targets in passing argument 1 of 'lcd_send_string' differ in signedness [-Wpointer-sign]
  121 |    lcd_send_string(lcd_Buffer);
      |                    ^~~~~~~~~~
      |                    |
      |                    uint8_t * {aka unsigned char *}
In file included from ../Core/Src/main.c:26:
../Core/Src/../LCD/Lcd_I2c.h:30:36: note: expected 'char *' but argument is of type 'uint8_t *' {aka 'unsigned char *'}
   30 | extern void lcd_send_string (char *str);
      |                              ~~~~~~^~~
../Core/Src/main.c: At top level:
../Core/Src/../LCD/Lcd_I2c.h:27:20: warning: 'DelayMicro' declared 'static' but never defined [-Wunused-function]
   27 | static inline void DelayMicro(volatile uint32_t micros);
      |                    ^~~~~~~~~~
arm-none-eabi-g++ -o "Whale_mk1.elf" @"objects.list"   -mcpu=cortex-m4 -T"D:\Github\Whale_mk1\Whale_mk1\STM32F401RETX_FLASH.ld" --specs=nosys.specs -Wl,-Map="Whale_mk1.map" -Wl,--gc-sections -static --specs=nano.specs -mfpu=fpv4-sp-d16 -mfloat-abi=hard -mthumb -Wl,--start-group -lc -lm -lstdc++ -lsupc++ -Wl,--end-group
Finished building target: Whale_mk1.elf
 
arm-none-eabi-objdump -h -S  Whale_mk1.elf  > "Whale_mk1.list"
arm-none-eabi-objcopy  -O binary  Whale_mk1.elf  "Whale_mk1.bin"
arm-none-eabi-size   Whale_mk1.elf 
   text	   data	    bss	    dec	    hex	filename
  16972	     28	   1908	  18908	   49dc	Whale_mk1.elf
Finished building: default.size.stdout
 
Finished building: Whale_mk1.bin
 
Finished building: Whale_mk1.list
 
23:51:06 **** Incremental Build of configuration Debug for project Whale_mk1 ****
make -j12 all 
arm-none-eabi-gcc "../Core/Src/main.c" -mcpu=cortex-m4 -std=gnu11 -g3 -DDEBUG -DUSE_HAL_DRIVER -DSTM32F401xE -c -I../Core/Inc -I../Drivers/STM32F4xx_HAL_Driver/Inc -I../Drivers/STM32F4xx_HAL_Driver/Inc/Legacy -I../Drivers/CMSIS/Device/ST/STM32F4xx/Include -I../Drivers/CMSIS/Include -O0 -ffunction-sections -fdata-sections -Wall -fstack-usage -MMD -MP -MF"Core/Src/main.d" -MT"Core/Src/main.o" --specs=nano.specs -mfpu=fpv4-sp-d16 -mfloat-abi=hard -mthumb -o "Core/Src/main.o"
../Core/Src/main.c: In function 'main':
../Core/Src/main.c:150:35: warning: pointer targets in passing argument 4 of 'CLCD_PrintString' differ in signedness [-Wpointer-sign]
  150 |    CLCD_PrintString(&hi2c1, 0, 0, "Hello World!");
      |                                   ^~~~~~~~~~~~~~
      |                                   |
      |                                   char *
In file included from ../Core/Src/main.c:26:
../Core/Src/../LCD/Lcd_I2c.h:26:92: note: expected 'uint8_t *' {aka 'unsigned char *'} but argument is of type 'char *'
   26 | extern void CLCD_PrintString(I2C_HandleTypeDef *hi2c, uint8_t xPos, uint8_t yPos, uint8_t* str);
      |                                                                                   ~~~~~~~~~^~~
../Core/Src/main.c:153:35: warning: pointer targets in passing argument 4 of 'CLCD_PrintString' differ in signedness [-Wpointer-sign]
  153 |    CLCD_PrintString(&hi2c1, 0, 1, "Hello World!");
      |                                   ^~~~~~~~~~~~~~
      |                                   |
      |                                   char *
In file included from ../Core/Src/main.c:26:
../Core/Src/../LCD/Lcd_I2c.h:26:92: note: expected 'uint8_t *' {aka 'unsigned char *'} but argument is of type 'char *'
   26 | extern void CLCD_PrintString(I2C_HandleTypeDef *hi2c, uint8_t xPos, uint8_t yPos, uint8_t* str);
      |                                                                                   ~~~~~~~~~^~~
../Core/Src/main.c: At top level:
../Core/Src/../LCD/Lcd_I2c.h:27:20: warning: 'DelayMicro' declared 'static' but never defined [-Wunused-function]
   27 | static inline void DelayMicro(volatile uint32_t micros);
      |                    ^~~~~~~~~~
arm-none-eabi-g++ -o "Whale_mk1.elf" @"objects.list"   -mcpu=cortex-m4 -T"D:\Github\Whale_mk1\Whale_mk1\STM32F401RETX_FLASH.ld" --specs=nosys.specs -Wl,-Map="Whale_mk1.map" -Wl,--gc-sections -static --specs=nano.specs -mfpu=fpv4-sp-d16 -mfloat-abi=hard -mthumb -Wl,--start-group -lc -lm -lstdc++ -lsupc++ -Wl,--end-group
Finished building target: Whale_mk1.elf
 
arm-none-eabi-objdump -h -S  Whale_mk1.elf  > "Whale_mk1.list"
arm-none-eabi-objcopy  -O binary  Whale_mk1.elf  "Whale_mk1.bin"
arm-none-eabi-size   Whale_mk1.elf 
   text	   data	    bss	    dec	    hex	filename
  17364	     20	   1908	  19292	   4b5c	Whale_mk1.elf
Finished building: default.size.stdout
 
Finished building: Whale_mk1.bin
 
Finished building: Whale_mk1.list
 
23:53:37 **** Incremental Build of configuration Debug for project Whale_mk1 ****
make -j12 all 
arm-none-eabi-gcc "../Core/Src/main.c" -mcpu=cortex-m4 -std=gnu11 -g3 -DDEBUG -DUSE_HAL_DRIVER -DSTM32F401xE -c -I../Core/Inc -I../Drivers/STM32F4xx_HAL_Driver/Inc -I../Drivers/STM32F4xx_HAL_Driver/Inc/Legacy -I../Drivers/CMSIS/Device/ST/STM32F4xx/Include -I../Drivers/CMSIS/Include -O0 -ffunction-sections -fdata-sections -Wall -fstack-usage -MMD -MP -MF"Core/Src/main.d" -MT"Core/Src/main.o" --specs=nano.specs -mfpu=fpv4-sp-d16 -mfloat-abi=hard -mthumb -o "Core/Src/main.o"
arm-none-eabi-gcc "../Core/LCD/Lcd_I2c.c" -mcpu=cortex-m4 -std=gnu11 -g3 -DDEBUG -DUSE_HAL_DRIVER -DSTM32F401xE -c -I../Core/Inc -I../Drivers/STM32F4xx_HAL_Driver/Inc -I../Drivers/STM32F4xx_HAL_Driver/Inc/Legacy -I../Drivers/CMSIS/Device/ST/STM32F4xx/Include -I../Drivers/CMSIS/Include -O0 -ffunction-sections -fdata-sections -Wall -fstack-usage -MMD -MP -MF"Core/LCD/Lcd_I2c.d" -MT"Core/LCD/Lcd_I2c.o" --specs=nano.specs -mfpu=fpv4-sp-d16 -mfloat-abi=hard -mthumb -o "Core/LCD/Lcd_I2c.o"
../Core/Src/main.c: In function 'main':
../Core/Src/main.c:150:35: warning: pointer targets in passing argument 4 of 'CLCD_PrintString' differ in signedness [-Wpointer-sign]
  150 |    CLCD_PrintString(&hi2c1, 0, 0, "Hello World!");
      |                                   ^~~~~~~~~~~~~~
      |                                   |
      |                                   char *
In file included from ../Core/Src/main.c:26:
../Core/Src/../LCD/Lcd_I2c.h:26:92: note: expected 'uint8_t *' {aka 'unsigned char *'} but argument is of type 'char *'
   26 | extern void CLCD_PrintString(I2C_HandleTypeDef *hi2c, uint8_t xPos, uint8_t yPos, uint8_t* str);
      |                                                                                   ~~~~~~~~~^~~
../Core/Src/main.c:153:35: warning: pointer targets in passing argument 4 of 'CLCD_PrintString' differ in signedness [-Wpointer-sign]
  153 |    CLCD_PrintString(&hi2c1, 0, 1, "Hello World!");
      |                                   ^~~~~~~~~~~~~~
      |                                   |
[...]
  505 |      MPU6050_Update_AngularVelocity(rx_data);
      |      ^~~~~~~~~~~~~~~~~~~~~~~~~~~~~~
../Core/Src/main.c:508:6: warning: implicit declaration of function 'MPU6050_Update_Angle' [-Wimplicit-function-declaration]
  508 |      MPU6050_Update_Angle(rx_data);
      |      ^~~~~~~~~~~~~~~~~~~~
arm-none-eabi-g++ -o "Whale_mk1.elf" @"objects.list"   -mcpu=cortex-m4 -T"D:\Github\Whale_mk1\Whale_mk1\STM32F401RETX_FLASH.ld" --specs=nosys.specs -Wl,-Map="Whale_mk1.map" -Wl,--gc-sections -static --specs=nano.specs -mfpu=fpv4-sp-d16 -mfloat-abi=hard -mthumb -Wl,--start-group -lc -lm -lstdc++ -lsupc++ -Wl,--end-group
Finished building target: Whale_mk1.elf
 
arm-none-eabi-objdump -h -S  Whale_mk1.elf  > "Whale_mk1.list"
arm-none-eabi-objcopy  -O binary  Whale_mk1.elf  "Whale_mk1.bin"
arm-none-eabi-size   Whale_mk1.elf 
   text	   data	    bss	    dec	    hex	filename
  23444	     20	   2436	  25900	   652c	Whale_mk1.elf
Finished building: default.size.stdout
 
Finished building: Whale_mk1.bin
 
Finished building: Whale_mk1.list
 
17:52:21 **** Incremental Build of configuration Debug for project Whale_mk1 ****
make -j12 all 
arm-none-eabi-gcc "../Core/Motor/MotorControl.c" -mcpu=cortex-m4 -std=gnu11 -g3 -DDEBUG -DUSE_HAL_DRIVER -DSTM32F401xE -c -I../Core/Inc -I../Drivers/STM32F4xx_HAL_Driver/Inc -I../Drivers/STM32F4xx_HAL_Driver/Inc/Legacy -I../Drivers/CMSIS/Device/ST/STM32F4xx/Include -I../Drivers/CMSIS/Include -O0 -ffunction-sections -fdata-sections -Wall -fstack-usage -MMD -MP -MF"Core/Motor/MotorControl.d" -MT"Core/Motor/MotorControl.o" --specs=nano.specs -mfpu=fpv4-sp-d16 -mfloat-abi=hard -mthumb -o "Core/Motor/MotorControl.o"
arm-none-eabi-g++ -o "Whale_mk1.elf" @"objects.list"   -mcpu=cortex-m4 -T"D:\Github\Whale_mk1\Whale_mk1\STM32F401RETX_FLASH.ld" --specs=nosys.specs -Wl,-Map="Whale_mk1.map" -Wl,--gc-sections -static --specs=nano.specs -mfpu=fpv4-sp-d16 -mfloat-abi=hard -mthumb -Wl,--start-group -lc -lm -lstdc++ -lsupc++ -Wl,--end-group
Finished building target: Whale_mk1.elf
 
arm-none-eabi-objdump -h -S  Whale_mk1.elf  > "Whale_mk1.list"
arm-none-eabi-objcopy  -O binary  Whale_mk1.elf  "Whale_mk1.bin"
arm-none-eabi-size   Whale_mk1.elf 
   text	   data	    bss	    dec	    hex	filename
  23444	     20	   2436	  25900	   652c	Whale_mk1.elf
Finished building: default.size.stdout
 
Finished building: Whale_mk1.bin
 
Finished building: Whale_mk1.list
 
17:52:27 **** Incremental Build of configuration Debug for project Whale_mk1 ****
make -j12 all 
arm-none-eabi-size   Whale_mk1.elf 
   text	   data	    bss	    dec	    hex	filename
  23444	     20	   2436	  25900	   652c	Whale_mk1.elf
Finished building: default.size.stdout
 
17:55:56 **** Incremental Build of configuration Debug for project Whale_mk1 ****
make -j12 all 
arm-none-eabi-gcc "../Core/Src/main.c" -mcpu=cortex-m4 -std=gnu11 -g3 -DDEBUG -DUSE_HAL_DRIVER -DSTM32F401xE -c -I../Core/Inc -I../Drivers/STM32F4xx_HAL_Driver/Inc -I../Drivers/STM32F4xx_HAL_Driver/Inc/Legacy -I../Drivers/CMSIS/Device/ST/STM32F4xx/Include -I../Drivers/CMSIS/Include -O0 -ffunction-sections -fdata-sections -Wall -fstack-usage -MMD -MP -MF"Core/Src/main.d" -MT"Core/Src/main.o" --specs=nano.specs -mfpu=fpv4-sp-d16 -mfloat-abi=hard -mthumb -o "Core/Src/main.o"
../Core/Src/main.c: In function 'main':
../Core/Src/main.c:125:30: warning: passing argument 2 of 'HAL_UART_Transmit' makes pointer from integer without a cast [-Wint-conversion]
  125 |   HAL_UART_Transmit(&huart2, startCommand, 1, 1000);
      |                              ^~~~~~~~~~~~
      |                              |
      |                              uint8_t {aka unsigned char}
In file included from ../Core/Inc/stm32f4xx_hal_conf.h:406,
                 from ../Drivers/STM32F4xx_HAL_Driver/Inc/stm32f4xx_hal.h:30,
                 from ../Core/Inc/main.h:31,
                 from ../Core/Src/main.c:21:
../Drivers/STM32F4xx_HAL_Driver/Inc/stm32f4xx_hal_uart.h:721:73: note: expected 'uint8_t *' {aka 'unsigned char *'} but argument is of type 'uint8_t' {aka 'unsigned char'}
  721 | HAL_StatusTypeDef HAL_UART_Transmit(UART_HandleTypeDef *huart, uint8_t *pData, uint16_t Size, uint32_t Timeout);
      |                                                                ~~~~~~~~~^~~~~
../Core/Src/main.c: In function 'HAL_UART_RxCpltCallback':
../Core/Src/main.c:475:13: warning: variable 'rtn' set but not used [-Wunused-but-set-variable]
  475 |     uint8_t rtn;
      |             ^~~
../Core/Src/main.c:495:7: warning: implicit declaration of function 'MPU6050_Checksum' [-Wimplicit-function-declaration]
  495 |    if(MPU6050_Checksum(gyro_rxBuffer)){
      |       ^~~~~~~~~~~~~~~~
../Core/Src/main.c:502:6: warning: implicit declaration of function 'MPU6050_Update_Acceleration' [-Wimplicit-function-declaration]
  502 |      MPU6050_Update_Acceleration(rx_data);
      |      ^~~~~~~~~~~~~~~~~~~~~~~~~~~
../Core/Src/main.c:505:6: warning: implicit declaration of function 'MPU6050_Update_AngularVelocity' [-Wimplicit-function-declaration]
  505 |      MPU6050_Update_AngularVelocity(rx_data);
      |      ^~~~~~~~~~~~~~~~~~~~~~~~~~~~~~
../Core/Src/main.c:508:6: warning: implicit declaration of function 'MPU6050_Update_Angle' [-Wimplicit-function-declaration]
  508 |      MPU6050_Update_Angle(rx_data);
      |      ^~~~~~~~~~~~~~~~~~~~
arm-none-eabi-g++ -o "Whale_mk1.elf" @"objects.list"   -mcpu=cortex-m4 -T"D:\Github\Whale_mk1\Whale_mk1\STM32F401RETX_FLASH.ld" --specs=nosys.specs -Wl,-Map="Whale_mk1.map" -Wl,--gc-sections -static --specs=nano.specs -mfpu=fpv4-sp-d16 -mfloat-abi=hard -mthumb -Wl,--start-group -lc -lm -lstdc++ -lsupc++ -Wl,--end-group
Finished building target: Whale_mk1.elf
 
arm-none-eabi-objdump -h -S  Whale_mk1.elf  > "Whale_mk1.list"
arm-none-eabi-objcopy  -O binary  Whale_mk1.elf  "Whale_mk1.bin"
arm-none-eabi-size   Whale_mk1.elf 
   text	   data	    bss	    dec	    hex	filename
  23448	     20	   2436	  25904	   6530	Whale_mk1.elf
Finished building: default.size.stdout
 
Finished building: Whale_mk1.bin
 
Finished building: Whale_mk1.list
 
17:56:32 **** Incremental Build of configuration Debug for project Whale_mk1 ****
make -j12 all 
arm-none-eabi-gcc "../Core/Src/main.c" -mcpu=cortex-m4 -std=gnu11 -g3 -DDEBUG -DUSE_HAL_DRIVER -DSTM32F401xE -c -I../Core/Inc -I../Drivers/STM32F4xx_HAL_Driver/Inc -I../Drivers/STM32F4xx_HAL_Driver/Inc/Legacy -I../Drivers/CMSIS/Device/ST/STM32F4xx/Include -I../Drivers/CMSIS/Include -O0 -ffunction-sections -fdata-sections -Wall -fstack-usage -MMD -MP -MF"Core/Src/main.d" -MT"Core/Src/main.o" --specs=nano.specs -mfpu=fpv4-sp-d16 -mfloat-abi=hard -mthumb -o "Core/Src/main.o"
../Core/Src/main.c: In function 'main':
../Core/Src/main.c:125:30: warning: passing argument 2 of 'HAL_UART_Transmit' makes pointer from integer without a cast [-Wint-conversion]
  125 |   HAL_UART_Transmit(&huart2, startCommand, 1, 1000);
      |                              ^~~~~~~~~~~~
      |                              |
      |                              uint8_t {aka unsigned char}
In file included from ../Core/Inc/stm32f4xx_hal_conf.h:406,
                 from ../Drivers/STM32F4xx_HAL_Driver/Inc/stm32f4xx_hal.h:30,
                 from ../Core/Inc/main.h:31,
                 from ../Core/Src/main.c:21:
../Drivers/STM32F4xx_HAL_Driver/Inc/stm32f4xx_hal_uart.h:721:73: note: expected 'uint8_t *' {aka 'unsigned char *'} but argument is of type 'uint8_t' {aka 'unsigned char'}
  721 | HAL_StatusTypeDef HAL_UART_Transmit(UART_HandleTypeDef *huart, uint8_t *pData, uint16_t Size, uint32_t Timeout);
      |                                                                ~~~~~~~~~^~~~~
../Core/Src/main.c: In function 'HAL_UART_RxCpltCallback':
../Core/Src/main.c:475:13: warning: variable 'rtn' set but not used [-Wunused-but-set-variable]
  475 |     uint8_t rtn;
      |             ^~~
../Core/Src/main.c:495:7: warning: implicit declaration of function 'MPU6050_Checksum' [-Wimplicit-function-declaration]
  495 |    if(MPU6050_Checksum(gyro_rxBuffer)){
      |       ^~~~~~~~~~~~~~~~
../Core/Src/main.c:502:6: warning: implicit declaration of function 'MPU6050_Update_Acceleration' [-Wimplicit-function-declaration]
  502 |      MPU6050_Update_Acceleration(rx_data);
      |      ^~~~~~~~~~~~~~~~~~~~~~~~~~~
../Core/Src/main.c:505:6: warning: implicit declaration of function 'MPU6050_Update_AngularVelocity' [-Wimplicit-function-declaration]
  505 |      MPU6050_Update_AngularVelocity(rx_data);
      |      ^~~~~~~~~~~~~~~~~~~~~~~~~~~~~~
../Core/Src/main.c:508:6: warning: implicit declaration of function 'MPU6050_Update_Angle' [-Wimplicit-function-declaration]
  508 |      MPU6050_Update_Angle(rx_data);
      |      ^~~~~~~~~~~~~~~~~~~~
arm-none-eabi-g++ -o "Whale_mk1.elf" @"objects.list"   -mcpu=cortex-m4 -T"D:\Github\Whale_mk1\Whale_mk1\STM32F401RETX_FLASH.ld" --specs=nosys.specs -Wl,-Map="Whale_mk1.map" -Wl,--gc-sections -static --specs=nano.specs -mfpu=fpv4-sp-d16 -mfloat-abi=hard -mthumb -Wl,--start-group -lc -lm -lstdc++ -lsupc++ -Wl,--end-group
Finished building target: Whale_mk1.elf
 
arm-none-eabi-objdump -h -S  Whale_mk1.elf  > "Whale_mk1.list"
arm-none-eabi-objcopy  -O binary  Whale_mk1.elf  "Whale_mk1.bin"
arm-none-eabi-size   Whale_mk1.elf 
   text	   data	    bss	    dec	    hex	filename
  23448	     20	   2436	  25904	   6530	Whale_mk1.elf
Finished building: default.size.stdout
 
Finished building: Whale_mk1.bin
 
Finished building: Whale_mk1.list
 
17:58:18 **** Incremental Build of configuration Debug for project Whale_mk1 ****
make -j12 all 
arm-none-eabi-gcc "../Core/Motor/MotorControl.c" -mcpu=cortex-m4 -std=gnu11 -g3 -DDEBUG -DUSE_HAL_DRIVER -DSTM32F401xE -c -I../Core/Inc -I../Drivers/STM32F4xx_HAL_Driver/Inc -I../Drivers/STM32F4xx_HAL_Driver/Inc/Legacy -I../Drivers/CMSIS/Device/ST/STM32F4xx/Include -I../Drivers/CMSIS/Include -O0 -ffunction-sections -fdata-sections -Wall -fstack-usage -MMD -MP -MF"Core/Motor/MotorControl.d" -MT"Core/Motor/MotorControl.o" --specs=nano.specs -mfpu=fpv4-sp-d16 -mfloat-abi=hard -mthumb -o "Core/Motor/MotorControl.o"
arm-none-eabi-g++ -o "Whale_mk1.elf" @"objects.list"   -mcpu=cortex-m4 -T"D:\Github\Whale_mk1\Whale_mk1\STM32F401RETX_FLASH.ld" --specs=nosys.specs -Wl,-Map="Whale_mk1.map" -Wl,--gc-sections -static --specs=nano.specs -mfpu=fpv4-sp-d16 -mfloat-abi=hard -mthumb -Wl,--start-group -lc -lm -lstdc++ -lsupc++ -Wl,--end-group
Finished building target: Whale_mk1.elf
 
arm-none-eabi-objdump -h -S  Whale_mk1.elf  > "Whale_mk1.list"
arm-none-eabi-objcopy  -O binary  Whale_mk1.elf  "Whale_mk1.bin"
arm-none-eabi-size   Whale_mk1.elf 
   text	   data	    bss	    dec	    hex	filename
  23448	     20	   2436	  25904	   6530	Whale_mk1.elf
Finished building: default.size.stdout
 
Finished building: Whale_mk1.bin
 
Finished building: Whale_mk1.list
 
17:58:49 **** Incremental Build of configuration Debug for project Whale_mk1 ****
make -j12 all 
arm-none-eabi-gcc "../Core/Motor/MotorControl.c" -mcpu=cortex-m4 -std=gnu11 -g3 -DDEBUG -DUSE_HAL_DRIVER -DSTM32F401xE -c -I../Core/Inc -I../Drivers/STM32F4xx_HAL_Driver/Inc -I../Drivers/STM32F4xx_HAL_Driver/Inc/Legacy -I../Drivers/CMSIS/Device/ST/STM32F4xx/Include -I../Drivers/CMSIS/Include -O0 -ffunction-sections -fdata-sections -Wall -fstack-usage -MMD -MP -MF"Core/Motor/MotorControl.d" -MT"Core/Motor/MotorControl.o" --specs=nano.specs -mfpu=fpv4-sp-d16 -mfloat-abi=hard -mthumb -o "Core/Motor/MotorControl.o"
arm-none-eabi-g++ -o "Whale_mk1.elf" @"objects.list"   -mcpu=cortex-m4 -T"D:\Github\Whale_mk1\Whale_mk1\STM32F401RETX_FLASH.ld" --specs=nosys.specs -Wl,-Map="Whale_mk1.map" -Wl,--gc-sections -static --specs=nano.specs -mfpu=fpv4-sp-d16 -mfloat-abi=hard -mthumb -Wl,--start-group -lc -lm -lstdc++ -lsupc++ -Wl,--end-group
Finished building target: Whale_mk1.elf
 
arm-none-eabi-objdump -h -S  Whale_mk1.elf  > "Whale_mk1.list"
arm-none-eabi-objcopy  -O binary  Whale_mk1.elf  "Whale_mk1.bin"
arm-none-eabi-size   Whale_mk1.elf 
   text	   data	    bss	    dec	    hex	filename
  23448	     20	   2436	  25904	   6530	Whale_mk1.elf
Finished building: default.size.stdout
 
Finished building: Whale_mk1.bin
 
Finished building: Whale_mk1.list
 
17:59:19 **** Incremental Build of configuration Debug for project Whale_mk1 ****
make -j12 all 
arm-none-eabi-gcc "../Core/Motor/MotorControl.c" -mcpu=cortex-m4 -std=gnu11 -g3 -DDEBUG -DUSE_HAL_DRIVER -DSTM32F401xE -c -I../Core/Inc -I../Drivers/STM32F4xx_HAL_Driver/Inc -I../Drivers/STM32F4xx_HAL_Driver/Inc/Legacy -I../Drivers/CMSIS/Device/ST/STM32F4xx/Include -I../Drivers/CMSIS/Include -O0 -ffunction-sections -fdata-sections -Wall -fstack-usage -MMD -MP -MF"Core/Motor/MotorControl.d" -MT"Core/Motor/MotorControl.o" --specs=nano.specs -mfpu=fpv4-sp-d16 -mfloat-abi=hard -mthumb -o "Core/Motor/MotorControl.o"
arm-none-eabi-g++ -o "Whale_mk1.elf" @"objects.list"   -mcpu=cortex-m4 -T"D:\Github\Whale_mk1\Whale_mk1\STM32F401RETX_FLASH.ld" --specs=nosys.specs -Wl,-Map="Whale_mk1.map" -Wl,--gc-sections -static --specs=nano.specs -mfpu=fpv4-sp-d16 -mfloat-abi=hard -mthumb -Wl,--start-group -lc -lm -lstdc++ -lsupc++ -Wl,--end-group
Finished building target: Whale_mk1.elf
 
arm-none-eabi-objdump -h -S  Whale_mk1.elf  > "Whale_mk1.list"
arm-none-eabi-objcopy  -O binary  Whale_mk1.elf  "Whale_mk1.bin"
arm-none-eabi-size   Whale_mk1.elf 
   text	   data	    bss	    dec	    hex	filename
  23448	     20	   2436	  25904	   6530	Whale_mk1.elf
Finished building: default.size.stdout
 
Finished building: Whale_mk1.bin
 
Finished building: Whale_mk1.list
 
17:59:50 **** Incremental Build of configuration Debug for project Whale_mk1 ****
make -j12 all 
arm-none-eabi-gcc "../Core/Src/main.c" -mcpu=cortex-m4 -std=gnu11 -g3 -DDEBUG -DUSE_HAL_DRIVER -DSTM32F401xE -c -I../Core/Inc -I../Drivers/STM32F4xx_HAL_Driver/Inc -I../Drivers/STM32F4xx_HAL_Driver/Inc/Legacy -I../Drivers/CMSIS/Device/ST/STM32F4xx/Include -I../Drivers/CMSIS/Include -O0 -ffunction-sections -fdata-sections -Wall -fstack-usage -MMD -MP -MF"Core/Src/main.d" -MT"Core/Src/main.o" --specs=nano.specs -mfpu=fpv4-sp-d16 -mfloat-abi=hard -mthumb -o "Core/Src/main.o"
../Core/Src/main.c: In function 'main':
../Core/Src/main.c:125:30: warning: passing argument 2 of 'HAL_UART_Transmit' makes pointer from integer without a cast [-Wint-conversion]
  125 |   HAL_UART_Transmit(&huart2, startCommand, 1, 1000);
      |                              ^~~~~~~~~~~~
      |                              |
      |                              uint8_t {aka unsigned char}
In file included from ../Core/Inc/stm32f4xx_hal_conf.h:406,
                 from ../Drivers/STM32F4xx_HAL_Driver/Inc/stm32f4xx_hal.h:30,
                 from ../Core/Inc/main.h:31,
                 from ../Core/Src/main.c:21:
../Drivers/STM32F4xx_HAL_Driver/Inc/stm32f4xx_hal_uart.h:721:73: note: expected 'uint8_t *' {aka 'unsigned char *'} but argument is of type 'uint8_t' {aka 'unsigned char'}
  721 | HAL_StatusTypeDef HAL_UART_Transmit(UART_HandleTypeDef *huart, uint8_t *pData, uint16_t Size, uint32_t Timeout);
      |                                                                ~~~~~~~~~^~~~~
../Core/Src/main.c: In function 'HAL_UART_RxCpltCallback':
../Core/Src/main.c:475:13: warning: variable 'rtn' set but not used [-Wunused-but-set-variable]
  475 |     uint8_t rtn;
      |             ^~~
../Core/Src/main.c:495:7: warning: implicit declaration of function 'MPU6050_Checksum' [-Wimplicit-function-declaration]
  495 |    if(MPU6050_Checksum(gyro_rxBuffer)){
      |       ^~~~~~~~~~~~~~~~
../Core/Src/main.c:502:6: warning: implicit declaration of function 'MPU6050_Update_Acceleration' [-Wimplicit-function-declaration]
  502 |      MPU6050_Update_Acceleration(rx_data);
      |      ^~~~~~~~~~~~~~~~~~~~~~~~~~~
../Core/Src/main.c:505:6: warning: implicit declaration of function 'MPU6050_Update_AngularVelocity' [-Wimplicit-function-declaration]
  505 |      MPU6050_Update_AngularVelocity(rx_data);
      |      ^~~~~~~~~~~~~~~~~~~~~~~~~~~~~~
../Core/Src/main.c:508:6: warning: implicit declaration of function 'MPU6050_Update_Angle' [-Wimplicit-function-declaration]
  508 |      MPU6050_Update_Angle(rx_data);
      |      ^~~~~~~~~~~~~~~~~~~~
arm-none-eabi-g++ -o "Whale_mk1.elf" @"objects.list"   -mcpu=cortex-m4 -T"D:\Github\Whale_mk1\Whale_mk1\STM32F401RETX_FLASH.ld" --specs=nosys.specs -Wl,-Map="Whale_mk1.map" -Wl,--gc-sections -static --specs=nano.specs -mfpu=fpv4-sp-d16 -mfloat-abi=hard -mthumb -Wl,--start-group -lc -lm -lstdc++ -lsupc++ -Wl,--end-group
Finished building target: Whale_mk1.elf
 
arm-none-eabi-objdump -h -S  Whale_mk1.elf  > "Whale_mk1.list"
arm-none-eabi-objcopy  -O binary  Whale_mk1.elf  "Whale_mk1.bin"
arm-none-eabi-size   Whale_mk1.elf 
   text	   data	    bss	    dec	    hex	filename
  23444	     20	   2436	  25900	   652c	Whale_mk1.elf
Finished building: default.size.stdout
 
Finished building: Whale_mk1.bin
 
Finished building: Whale_mk1.list
 
18:01:14 **** Incremental Build of configuration Debug for project Whale_mk1 ****
make -j12 all 
arm-none-eabi-gcc "../Core/Motor/MotorControl.c" -mcpu=cortex-m4 -std=gnu11 -g3 -DDEBUG -DUSE_HAL_DRIVER -DSTM32F401xE -c -I../Core/Inc -I../Drivers/STM32F4xx_HAL_Driver/Inc -I../Drivers/STM32F4xx_HAL_Driver/Inc/Legacy -I../Drivers/CMSIS/Device/ST/STM32F4xx/Include -I../Drivers/CMSIS/Include -O0 -ffunction-sections -fdata-sections -Wall -fstack-usage -MMD -MP -MF"Core/Motor/MotorControl.d" -MT"Core/Motor/MotorControl.o" --specs=nano.specs -mfpu=fpv4-sp-d16 -mfloat-abi=hard -mthumb -o "Core/Motor/MotorControl.o"
arm-none-eabi-g++ -o "Whale_mk1.elf" @"objects.list"   -mcpu=cortex-m4 -T"D:\Github\Whale_mk1\Whale_mk1\STM32F401RETX_FLASH.ld" --specs=nosys.specs -Wl,-Map="Whale_mk1.map" -Wl,--gc-sections -static --specs=nano.specs -mfpu=fpv4-sp-d16 -mfloat-abi=hard -mthumb -Wl,--start-group -lc -lm -lstdc++ -lsupc++ -Wl,--end-group
Finished building target: Whale_mk1.elf
 
arm-none-eabi-objdump -h -S  Whale_mk1.elf  > "Whale_mk1.list"
arm-none-eabi-objcopy  -O binary  Whale_mk1.elf  "Whale_mk1.bin"
arm-none-eabi-size   Whale_mk1.elf 
   text	   data	    bss	    dec	    hex	filename
  23444	     20	   2436	  25900	   652c	Whale_mk1.elf
Finished building: default.size.stdout
 
Finished building: Whale_mk1.bin
 
Finished building: Whale_mk1.list
 
18:01:38 **** Incremental Build of configuration Debug for project Whale_mk1 ****
make -j12 all 
arm-none-eabi-gcc "../Core/Motor/MotorControl.c" -mcpu=cortex-m4 -std=gnu11 -g3 -DDEBUG -DUSE_HAL_DRIVER -DSTM32F401xE -c -I../Core/Inc -I../Drivers/STM32F4xx_HAL_Driver/Inc -I../Drivers/STM32F4xx_HAL_Driver/Inc/Legacy -I../Drivers/CMSIS/Device/ST/STM32F4xx/Include -I../Drivers/CMSIS/Include -O0 -ffunction-sections -fdata-sections -Wall -fstack-usage -MMD -MP -MF"Core/Motor/MotorControl.d" -MT"Core/Motor/MotorControl.o" --specs=nano.specs -mfpu=fpv4-sp-d16 -mfloat-abi=hard -mthumb -o "Core/Motor/MotorControl.o"
arm-none-eabi-g++ -o "Whale_mk1.elf" @"objects.list"   -mcpu=cortex-m4 -T"D:\Github\Whale_mk1\Whale_mk1\STM32F401RETX_FLASH.ld" --specs=nosys.specs -Wl,-Map="Whale_mk1.map" -Wl,--gc-sections -static --specs=nano.specs -mfpu=fpv4-sp-d16 -mfloat-abi=hard -mthumb -Wl,--start-group -lc -lm -lstdc++ -lsupc++ -Wl,--end-group
Finished building target: Whale_mk1.elf
 
arm-none-eabi-objdump -h -S  Whale_mk1.elf  > "Whale_mk1.list"
arm-none-eabi-objcopy  -O binary  Whale_mk1.elf  "Whale_mk1.bin"
arm-none-eabi-size   Whale_mk1.elf 
   text	   data	    bss	    dec	    hex	filename
  23444	     20	   2436	  25900	   652c	Whale_mk1.elf
Finished building: default.size.stdout
 
Finished building: Whale_mk1.bin
 
Finished building: Whale_mk1.list
 
18:02:36 **** Incremental Build of configuration Debug for project Whale_mk1 ****
make -j12 all 
arm-none-eabi-size   Whale_mk1.elf 
   text	   data	    bss	    dec	    hex	filename
  23444	     20	   2436	  25900	   652c	Whale_mk1.elf
Finished building: default.size.stdout
 
