23:15:12 **** Incremental Build of configuration Debug for project Whale_mk1 ****
make -j12 all 
arm-none-eabi-gcc "../Core/Src/main.c" -mcpu=cortex-m4 -std=gnu11 -g3 -DDEBUG -DUSE_HAL_DRIVER -DSTM32F401xE -c -I../Core/Inc -I../Drivers/STM32F4xx_HAL_Driver/Inc -I../Drivers/STM32F4xx_HAL_Driver/Inc/Legacy -I../Drivers/CMSIS/Device/ST/STM32F4xx/Include -I../Drivers/CMSIS/Include -O0 -ffunction-sections -fdata-sections -Wall -fstack-usage -MMD -MP -MF"Core/Src/main.d" -MT"Core/Src/main.o" --specs=nano.specs -mfpu=fpv4-sp-d16 -mfloat-abi=hard -mthumb -o "Core/Src/main.o"
arm-none-eabi-g++ -o "Whale_mk1.elf" @"objects.list"   -mcpu=cortex-m4 -T"D:\Github\Whale_mk1\Whale_mk1\STM32F401RETX_FLASH.ld" --specs=nosys.specs -Wl,-Map="Whale_mk1.map" -Wl,--gc-sections -static --specs=nano.specs -mfpu=fpv4-sp-d16 -mfloat-abi=hard -mthumb -Wl,--start-group -lc -lm -lstdc++ -lsupc++ -Wl,--end-group
Finished building target: Whale_mk1.elf
 
arm-none-eabi-objdump -h -S  Whale_mk1.elf  > "Whale_mk1.list"
arm-none-eabi-objcopy  -O binary  Whale_mk1.elf  "Whale_mk1.bin"
arm-none-eabi-size   Whale_mk1.elf 
   text	   data	    bss	    dec	    hex	filename
  14168	     20	   1820	  16008	   3e88	Whale_mk1.elf
Finished building: default.size.stdout
 
Finished building: Whale_mk1.bin
 
Finished building: Whale_mk1.list
 

23:15:13 Build Finished. 0 errors, 0 warnings. (took 429ms)

